C51 COMPILER V9.60.7.0   24C02_WRITE                                                       09/06/2026 16:57:16 PAGE 1   


C51 COMPILER V9.60.7.0, COMPILATION OF MODULE 24C02_WRITE
OBJECT MODULE PLACED IN .\Objects\24c02_write.obj
COMPILER INVOKED BY: D:\Keil_v5\C51\BIN\C51.EXE ..\..\Src\06_Storage\EEPROM\EEPROM-IIC\24c02_write.c LARGE OPTIMIZE(0,SP
                    -EED) INCDIR(..\..\Inc;..\..\..\..\Kernel\Inc) DEBUG OBJECTEXTEND PRINT(.\Listings\24c02_write.lst) OBJECT(.\Objects\24c0
                    -2_write.obj)

line level    source

   1          #include "hrtos_hal.h"
   2          
   3          
   4          /*******************************************************************************
   5           * 函 数 名 : eeprom_24c02_write
   6           * 功能描述 : 向 24C02 指定地址写入一个字节
   7           * 输    入 : addr - EEPROM 地址
   8           *           dat  - 写入数据
   9           * 输    出 : 无
  10           ******************************************************************************/
  11          void eeprom_24c02_write(unsigned char addr, unsigned char dat)
  12          {
  13   1          eeprom_i2c_start();
  14   1      
  15   1          /* 24C02 写地址 */
  16   1          eeprom_i2c_write_byte(0xA0);
  17   1      
  18   1          /* EEPROM 内部地址 */
  19   1          eeprom_i2c_write_byte(addr);
  20   1      
  21   1          /* 写入数据 */
  22   1          eeprom_i2c_write_byte(dat);
  23   1      
  24   1          eeprom_i2c_stop();
  25   1      
  26   1          /*
  27   1           * 等待 EEPROM 内部写周期完成
  28   1           */
  29   1          eeprom_delay();
  30   1          eeprom_delay();
  31   1          eeprom_delay();
  32   1          eeprom_delay();
  33   1      }


MODULE INFORMATION:   STATIC OVERLAYABLE
   CODE SIZE        =     48    ----
   CONSTANT SIZE    =   ----    ----
   XDATA SIZE       =      2    ----
   PDATA SIZE       =   ----    ----
   DATA SIZE        =   ----    ----
   IDATA SIZE       =   ----    ----
   BIT SIZE         =   ----    ----
END OF MODULE INFORMATION.


C51 COMPILATION COMPLETE.  0 WARNING(S),  0 ERROR(S)
