C51 COMPILER V9.60.7.0   I2C_READ_BYTE                                                     09/06/2026 16:57:16 PAGE 1   


C51 COMPILER V9.60.7.0, COMPILATION OF MODULE I2C_READ_BYTE
OBJECT MODULE PLACED IN .\Objects\i2c_read_byte.obj
COMPILER INVOKED BY: D:\Keil_v5\C51\BIN\C51.EXE ..\..\Src\06_Storage\EEPROM\EEPROM-IIC\i2c_read_byte.c LARGE OPTIMIZE(0,
                    -SPEED) INCDIR(..\..\Inc;..\..\..\..\Kernel\Inc) DEBUG OBJECTEXTEND PRINT(.\Listings\i2c_read_byte.lst) OBJECT(.\Objects\
                    -i2c_read_byte.obj)

line level    source

   1          #include "hrtos_hal.h"
   2          
   3          
   4          /*******************************************************************************
   5           * 函 数 名 : eeprom_i2c_read_byte
   6           * 功能描述 : I2C 读取一个字节
   7           * 输    入 : 无
   8           * 输    出 : 读取到的数据
   9           ******************************************************************************/
  10          unsigned char eeprom_i2c_read_byte(void)
  11          {
  12   1          unsigned char i;
  13   1          unsigned char dat;
  14   1      
  15   1          dat = 0;
  16   1      
  17   1          EEPROM_SDA = 1;
  18   1      
  19   1          for (i = 0; i < 8; i++)
  20   1          {
  21   2              EEPROM_SCL = 1;
  22   2              eeprom_delay();
  23   2      
  24   2              dat <<= 1;
  25   2              dat |= EEPROM_SDA;
  26   2      
  27   2              EEPROM_SCL = 0;
  28   2              eeprom_delay();
  29   2          }
  30   1      
  31   1          return dat;
  32   1      }
  33          


MODULE INFORMATION:   STATIC OVERLAYABLE
   CODE SIZE        =     65    ----
   CONSTANT SIZE    =   ----    ----
   XDATA SIZE       =      2    ----
   PDATA SIZE       =   ----    ----
   DATA SIZE        =   ----    ----
   IDATA SIZE       =   ----    ----
   BIT SIZE         =   ----    ----
END OF MODULE INFORMATION.


C51 COMPILATION COMPLETE.  0 WARNING(S),  0 ERROR(S)
