C51 COMPILER V9.60.7.0   ADC_ISR                                                           09/01/2026 21:43:28 PAGE 1   


C51 COMPILER V9.60.7.0, COMPILATION OF MODULE ADC_ISR
OBJECT MODULE PLACED IN .\Objects\adc_isr.obj
COMPILER INVOKED BY: D:\Keil_v5\C51\BIN\C51.EXE ..\..\Src\03_Sensor\ADC\adc_isr.c LARGE OPTIMIZE(0,SPEED) INCDIR(..\..\I
                    -nc;..\..\..\..\Kernel\Inc) DEBUG OBJECTEXTEND PRINT(.\Listings\adc_isr.lst) OBJECT(.\Objects\adc_isr.obj)

line level    source

   1          #include "hrtos_hal.h"
   2          
   3          
   4          
   5          /*------------------------------------------------
   6           * 功能：ADC中断服务程序
   7           *------------------------------------------------*/
   8          void drv_adc_isr(void)// interrupt 5 using 1
   9          {
  10   1          /* 清除ADC中断标志 */
  11   1          ADC_CONTR &= ~DRV_ADC_FLAG;
  12   1      
  13   1          /* 读取10位ADC转换结果 */
  14   1          drv_adc_value = (ADC_RES << 2) + ADC_LOW2;
  15   1      
  16   1          /* 启动下一次ADC转换 */
  17   1          ADC_CONTR = DRV_ADC_POWER |
  18   1                      DRV_ADC_SPEEDLL |
  19   1                      DRV_ADC_START |
  20   1                      drv_adc_channel;
  21   1      }


MODULE INFORMATION:   STATIC OVERLAYABLE
   CODE SIZE        =     41    ----
   CONSTANT SIZE    =   ----    ----
   XDATA SIZE       =   ----    ----
   PDATA SIZE       =   ----    ----
   DATA SIZE        =   ----    ----
   IDATA SIZE       =   ----    ----
   BIT SIZE         =   ----    ----
END OF MODULE INFORMATION.


C51 COMPILATION COMPLETE.  0 WARNING(S),  0 ERROR(S)
