C51 COMPILER V9.60.7.0   DHT11_READ                                                        09/09/2026 12:50:07 PAGE 1   


C51 COMPILER V9.60.7.0, COMPILATION OF MODULE DHT11_READ
OBJECT MODULE PLACED IN .\Objects\dht11_read.obj
COMPILER INVOKED BY: D:\Keil_v5\C51\BIN\C51.EXE ..\..\Src\03_Sensor\DHT11\dht11_read.c LARGE OPTIMIZE(0,SPEED) INCDIR(..
                    -\..\Inc;..\..\..\..\Kernel\Inc) DEBUG OBJECTEXTEND PRINT(.\Listings\dht11_read.lst) OBJECT(.\Objects\dht11_read.obj)

line level    source

   1          #include "hrtos_hal.h"
   2          
   3          
   4          
   5          /*------------------------------------------------
   6           * DHT11读取温湿度
   7           *
   8           * 返回：
   9           * 0 - 读取成功
  10           * 1 - 读取失败
  11           *
  12           * humidity：
  13           * 湿度整数部分
  14           *
  15           * temperature：
  16           * 温度整数部分
  17           *------------------------------------------------*/
  18          unsigned char drv_dht11_read(unsigned char *humidity,
  19                                        unsigned char *temperature)
  20          {
  21   1          unsigned char flag;
  22   1          unsigned char temp;
  23   1          unsigned char rh_high;
  24   1          unsigned char rh_low;
  25   1          unsigned char t_high;
  26   1          unsigned char t_low;
  27   1          unsigned char checksum;
  28   1          unsigned char ea_state;
  29   1      
  30   1      
  31   1          /*------------------------------------------------
  32   1           * 主机发送启动信号
  33   1           *
  34   1           * 这一阶段不属于严格的数据采样时序，
  35   1           * 因此不关闭总中断。
  36   1           *------------------------------------------------*/
  37   1          DHT11_DATA = 0;
  38   1      
  39   1          drv_dht11_delay(300);
  40   1      
  41   1          DHT11_DATA = 1;
  42   1      
  43   1      
  44   1          /*------------------------------------------------
  45   1           * 进入DHT11严格时序区
  46   1           *
  47   1           * 保存原EA状态，然后关闭总中断，
  48   1           * 防止中断和任务调度影响微秒级时序。
  49   1           *------------------------------------------------*/
  50   1          ea_state = EA;
  51   1          EA = 0;
  52   1      
  53   1      
  54   1          /*------------------------------------------------
C51 COMPILER V9.60.7.0   DHT11_READ                                                        09/09/2026 12:50:07 PAGE 2   

  55   1           * 等待约40us
  56   1           *------------------------------------------------*/
  57   1               
  58   1          drv_dht11_delay_10us();
  59   1          drv_dht11_delay_10us();
  60   1          drv_dht11_delay_10us();
  61   1          drv_dht11_delay_10us();
  62   1      
  63   1      
  64   1          /*------------------------------------------------
  65   1           * 等待DHT11响应
  66   1           *------------------------------------------------*/
  67   1          DHT11_DATA = 1;
  68   1              
  69   1              if(!DHT11_DATA)
  70   1                      
  71   1              {
  72   2                      flag = 2;
  73   2      
  74   2                      while((!DHT11_DATA) && flag++);
  75   2      
  76   2                      flag = 2;
  77   2      
  78   2                      while((DHT11_DATA) && flag++);
  79   2                      
  80   2                      /*------------------------------------------------
  81   2                      * 接收40位数据
  82   2                      *
  83   2                      * 湿度高8位
  84   2                      * 湿度低8位
  85   2                      * 温度高8位
  86   2                      * 温度低8位
  87   2                      * 校验和
  88   2                      *------------------------------------------------*/
  89   2                      drv_dht11_read_byte(&rh_high);
  90   2                      drv_dht11_read_byte(&rh_low);
  91   2                      drv_dht11_read_byte(&t_high);
  92   2                      drv_dht11_read_byte(&t_low);
  93   2                      drv_dht11_read_byte(&checksum);
  94   2                      
  95   2                      DHT11_DATA = 1;
  96   2                      
  97   2                      /*------------------------------------------------
  98   2                      * 数据校验
  99   2                      *------------------------------------------------*/
 100   2                      temp = rh_high +
 101   2                              rh_low +
 102   2                              t_high +
 103   2                              t_low;
 104   2      
 105   2                      if(temp == checksum)
 106   2                      {
 107   3                              /*------------------------------------------------
 108   3                              * 保存有效数据
 109   3                              *------------------------------------------------*/
 110   3                              dht11_humidity_high    = rh_high;
 111   3                              dht11_humidity_low     = rh_low;
 112   3                              dht11_temperature_high = t_high;
 113   3                              dht11_temperature_low  = t_low;
 114   3                              dht11_checksum         = checksum;
 115   3                      }
 116   2              
C51 COMPILER V9.60.7.0   DHT11_READ                                                        09/09/2026 12:50:07 PAGE 3   

 117   2              }
 118   1      
 119   1          
 120   1              /*------------------------------------------------
 121   1           * 返回整数温湿度
 122   1           *------------------------------------------------*/
 123   1          *humidity = rh_high;
 124   1          *temperature = t_high;
 125   1      
 126   1          
 127   1      
 128   1      
 129   1          
 130   1      
 131   1      
 132   1          /*------------------------------------------------
 133   1           * 恢复进入时序区之前的中断状态
 134   1           *------------------------------------------------*/
 135   1          EA = ea_state;
 136   1      
 137   1          
 138   1      
 139   1          return 0;
 140   1      }


MODULE INFORMATION:   STATIC OVERLAYABLE
   CODE SIZE        =    276    ----
   CONSTANT SIZE    =   ----    ----
   XDATA SIZE       =     14    ----
   PDATA SIZE       =   ----    ----
   DATA SIZE        =   ----    ----
   IDATA SIZE       =   ----    ----
   BIT SIZE         =   ----    ----
END OF MODULE INFORMATION.


C51 COMPILATION COMPLETE.  0 WARNING(S),  0 ERROR(S)
