C51 COMPILER V9.60.7.0   DHT11_INIT                                                        09/09/2026 12:50:07 PAGE 1   


C51 COMPILER V9.60.7.0, COMPILATION OF MODULE DHT11_INIT
OBJECT MODULE PLACED IN .\Objects\dht11_init.obj
COMPILER INVOKED BY: D:\Keil_v5\C51\BIN\C51.EXE ..\..\Src\03_Sensor\DHT11\dht11_init.c LARGE OPTIMIZE(0,SPEED) INCDIR(..
                    -\..\Inc;..\..\..\..\Kernel\Inc) DEBUG OBJECTEXTEND PRINT(.\Listings\dht11_init.lst) OBJECT(.\Objects\dht11_init.obj)

line level    source

   1          #include "hrtos_hal.h"
   2          
   3          
   4          
   5          /*------------------------------------------------
   6           * DHT11数据缓存
   7           *------------------------------------------------*/
   8          unsigned char dht11_humidity_high;
   9          unsigned char dht11_humidity_low;
  10          unsigned char dht11_temperature_high;
  11          unsigned char dht11_temperature_low;
  12          unsigned char dht11_checksum;
  13          
  14          
  15          /*------------------------------------------------
  16           * DHT11初始化
  17           *------------------------------------------------*/
  18          void drv_dht11_init(void)
  19          {
  20   1          DHT11_DATA = 1;
  21   1              dht11_humidity_high = 0;
  22   1              dht11_humidity_low = 0;
  23   1              dht11_temperature_high = 0;
  24   1              dht11_temperature_low = 0;
  25   1              dht11_checksum = 0;
  26   1      }


MODULE INFORMATION:   STATIC OVERLAYABLE
   CODE SIZE        =     22    ----
   CONSTANT SIZE    =   ----    ----
   XDATA SIZE       =      5    ----
   PDATA SIZE       =   ----    ----
   DATA SIZE        =   ----    ----
   IDATA SIZE       =   ----    ----
   BIT SIZE         =   ----    ----
END OF MODULE INFORMATION.


C51 COMPILATION COMPLETE.  0 WARNING(S),  0 ERROR(S)
