C51 COMPILER V9.60.7.0   DHT11_DELAY                                                       09/09/2026 12:50:06 PAGE 1   


C51 COMPILER V9.60.7.0, COMPILATION OF MODULE DHT11_DELAY
OBJECT MODULE PLACED IN .\Objects\dht11_delay.obj
COMPILER INVOKED BY: D:\Keil_v5\C51\BIN\C51.EXE ..\..\Src\03_Sensor\DHT11\dht11_delay.c LARGE OPTIMIZE(0,SPEED) INCDIR(.
                    -.\..\Inc;..\..\..\..\Kernel\Inc) DEBUG OBJECTEXTEND PRINT(.\Listings\dht11_delay.lst) OBJECT(.\Objects\dht11_delay.obj)

line level    source

   1          #include "hrtos_hal.h"
   2          
   3          /*------------------------------------------------
   4           * DHT11长延时
   5           *
   6           * 用于DHT11启动信号等非严格时序部分
   7           *------------------------------------------------*/
   8          void drv_dht11_delay(unsigned int time)
   9          {
  10   1          unsigned char i;
  11   1      
  12   1          while(time--)
  13   1          {
  14   2              for(i = 0; i < 27; i++);
  15   2          }
  16   1      }


MODULE INFORMATION:   STATIC OVERLAYABLE
   CODE SIZE        =     48    ----
   CONSTANT SIZE    =   ----    ----
   XDATA SIZE       =      3    ----
   PDATA SIZE       =   ----    ----
   DATA SIZE        =   ----    ----
   IDATA SIZE       =   ----    ----
   BIT SIZE         =   ----    ----
END OF MODULE INFORMATION.


C51 COMPILATION COMPLETE.  0 WARNING(S),  0 ERROR(S)
