C51 COMPILER V9.60.7.0   DS1302_WRITE_BYTE                                                 09/09/2026 12:50:08 PAGE 1   


C51 COMPILER V9.60.7.0, COMPILATION OF MODULE DS1302_WRITE_BYTE
OBJECT MODULE PLACED IN .\Objects\ds1302_write_byte.obj
COMPILER INVOKED BY: D:\Keil_v5\C51\BIN\C51.EXE ..\..\Src\03_Sensor\DS1302\ds1302_write_byte.c LARGE OPTIMIZE(0,SPEED) I
                    -NCDIR(..\..\Inc;..\..\..\..\Kernel\Inc) DEBUG OBJECTEXTEND PRINT(.\Listings\ds1302_write_byte.lst) OBJECT(.\Objects\ds13
                    -02_write_byte.obj)

line level    source

   1          #include "hrtos_hal.h"
   2          
   3          
   4          
   5          /*------------------------------------------------
   6           * 向DS1302写入一个字节
   7           *
   8           * addr：DS1302命令地址
   9           * _data：写入的数据
  10           *
  11           * DS1302采用低位优先方式传输。
  12           *
  13           * 注意：
  14           * 本函数属于严格时序操作，
  15           * 使用EA关闭总中断，防止通信被中断打断。
  16           *------------------------------------------------*/
  17          void drv_ds1302_write_byte(unsigned char addr,
  18                                     unsigned char _data)
  19          {
  20   1          unsigned char i;
  21   1          unsigned char ea_state;
  22   1      
  23   1      
  24   1          /* 保存进入函数前的中断状态 */
  25   1          ea_state = EA;
  26   1      
  27   1          /* 关闭总中断，保护DS1302时序 */
  28   1          EA = 0;
  29   1      
  30   1      
  31   1          /*------------------------------------------------
  32   1           * 开始一次DS1302通信
  33   1           *------------------------------------------------*/
  34   1          DS1302_RST = 0;
  35   1          _nop_();
  36   1      
  37   1          DS1302_SCLK = 0;
  38   1          _nop_();
  39   1      
  40   1          DS1302_RST = 1;
  41   1          _nop_();
  42   1      
  43   1      
  44   1          /*------------------------------------------------
  45   1           * 发送8位地址命令
  46   1           *
  47   1           * DS1302低位优先传输。
  48   1           *------------------------------------------------*/
  49   1          for(i = 0; i < 8; i++)
  50   1          {
  51   2              DS1302_IO = (bit)(addr & 0x01);
  52   2      
  53   2              
C51 COMPILER V9.60.7.0   DS1302_WRITE_BYTE                                                 09/09/2026 12:50:08 PAGE 2   

  54   2      
  55   2              DS1302_SCLK = 1;
  56   2              _nop_();
  57   2      
  58   2              DS1302_SCLK = 0;
  59   2              addr >>= 1;
  60   2          }
  61   1      
  62   1              
  63   1              _nop_();
  64   1              _nop_();
  65   1          /*------------------------------------------------
  66   1           * 发送8位数据
  67   1           *
  68   1           * DS1302低位优先传输。
  69   1           *------------------------------------------------*/
  70   1          for(i = 0; i < 8; i++)
  71   1          {
  72   2              DS1302_IO = (bit)(_data & 0x01);
  73   2      
  74   2              
  75   2      
  76   2              DS1302_SCLK = 1;
  77   2              _nop_();
  78   2      
  79   2              DS1302_SCLK = 0;
  80   2              _data >>= 1;
  81   2          }
  82   1      
  83   1      
  84   1          /*------------------------------------------------
  85   1           * 结束本次通信
  86   1           *------------------------------------------------*/
  87   1              DS1302_SCLK=1;
  88   1           _nop_();
  89   1              
  90   1          DS1302_RST = 0;
  91   1          _nop_();
  92   1      
  93   1      
  94   1          /* 恢复进入函数之前的中断状态 */
  95   1          EA = ea_state;
  96   1      }


MODULE INFORMATION:   STATIC OVERLAYABLE
   CODE SIZE        =    126    ----
   CONSTANT SIZE    =   ----    ----
   XDATA SIZE       =      4    ----
   PDATA SIZE       =   ----    ----
   DATA SIZE        =   ----    ----
   IDATA SIZE       =   ----    ----
   BIT SIZE         =   ----    ----
END OF MODULE INFORMATION.


C51 COMPILATION COMPLETE.  0 WARNING(S),  0 ERROR(S)
