C51 COMPILER V9.60.7.0   DS1302_READ_BYTE                                                  09/09/2026 12:50:08 PAGE 1   


C51 COMPILER V9.60.7.0, COMPILATION OF MODULE DS1302_READ_BYTE
OBJECT MODULE PLACED IN .\Objects\ds1302_read_byte.obj
COMPILER INVOKED BY: D:\Keil_v5\C51\BIN\C51.EXE ..\..\Src\03_Sensor\DS1302\ds1302_read_byte.c LARGE OPTIMIZE(0,SPEED) IN
                    -CDIR(..\..\Inc;..\..\..\..\Kernel\Inc) DEBUG OBJECTEXTEND PRINT(.\Listings\ds1302_read_byte.lst) OBJECT(.\Objects\ds1302
                    -_read_byte.obj)

line level    source

   1          #include "hrtos_hal.h"
   2          
   3          
   4          /*------------------------------------------------
   5           * 从DS1302读取一个字节
   6           *
   7           * addr：DS1302读取命令地址
   8           *
   9           * 返回：
  10           * DS1302读取到的8位数据
  11           *
  12           * DS1302采用低位优先方式传输。
  13           *------------------------------------------------*/
  14          unsigned char drv_ds1302_read_byte(unsigned char addr)
  15          {
  16   1          unsigned char i;
  17   1          unsigned char _data;
  18   1          //unsigned char bit_data;
  19   1      
  20   1          unsigned char ea_state;
  21   1      
  22   1      
  23   1          _data = 0;
  24   1      
  25   1      
  26   1          /* 保存进入函数前的中断状态 */
  27   1          ea_state = EA;
  28   1      
  29   1          /* 关闭总中断，保护严格时序 */
  30   1          EA = 0;
  31   1      
  32   1      
  33   1          /*------------------------------------------------
  34   1           * 开始一次DS1302通信
  35   1           *------------------------------------------------*/
  36   1          DS1302_RST = 0;
  37   1          _nop_();
  38   1      
  39   1          DS1302_SCLK = 0;
  40   1          _nop_();
  41   1      
  42   1          DS1302_RST = 1;
  43   1          _nop_();
  44   1      
  45   1      
  46   1          /*------------------------------------------------
  47   1           * 发送8位读取地址
  48   1           *
  49   1           * DS1302低位优先传输。
  50   1           *------------------------------------------------*/
  51   1          for(i = 0; i < 8; i++)
  52   1          {
  53   2              DS1302_IO = (bit)(addr & 0x01);
C51 COMPILER V9.60.7.0   DS1302_READ_BYTE                                                  09/09/2026 12:50:08 PAGE 2   

  54   2      
  55   2              
  56   2      
  57   2              DS1302_SCLK = 1;
  58   2              _nop_();
  59   2      
  60   2              DS1302_SCLK = 0;
  61   2              //_nop_();
  62   2                      
  63   2                      addr >>= 1;
  64   2          }
  65   1      
  66   1      /* ★ 释放DS1302双向IO总线 */
  67   1      //DS1302_IO = 1;
  68   1          //_nop_();
  69   1      
  70   1      
  71   1          /*------------------------------------------------
  72   1           * 读取8位数据
  73   1           *
  74   1           * DS1302从最低位开始输出。
  75   1           *------------------------------------------------*/
  76   1          for(i = 0; i < 8; i++)
  77   1          {
  78   2              DS1302_IO =1 ;
  79   2                      
  80   2                      
  81   2                      _data >>=1;
  82   2                      if(DS1302_IO)_data |=0x80;
  83   2                      DS1302_SCLK=1;
  84   2                      _nop_();
  85   2                      DS1302_SCLK=0;
  86   2                      
  87   2                      
  88   2                      
  89   2          }
  90   1      
  91   1      
  92   1          /*------------------------------------------------
  93   1           * 结束通信
  94   1           *------------------------------------------------*/
  95   1          
  96   1      
  97   1          DS1302_SCLK = 1;
  98   1          _nop_();
  99   1              
 100   1              DS1302_RST = 0;
 101   1          _nop_();
 102   1      
 103   1          
 104   1      
 105   1      
 106   1          /* 恢复进入函数之前的中断状态 */
 107   1          EA = ea_state;
 108   1      
 109   1      
 110   1          return _data;
 111   1      }


MODULE INFORMATION:   STATIC OVERLAYABLE
   CODE SIZE        =    133    ----
C51 COMPILER V9.60.7.0   DS1302_READ_BYTE                                                  09/09/2026 12:50:08 PAGE 3   

   CONSTANT SIZE    =   ----    ----
   XDATA SIZE       =      4    ----
   PDATA SIZE       =   ----    ----
   DATA SIZE        =   ----    ----
   IDATA SIZE       =   ----    ----
   BIT SIZE         =   ----    ----
END OF MODULE INFORMATION.


C51 COMPILATION COMPLETE.  0 WARNING(S),  0 ERROR(S)
