C51 COMPILER V9.60.7.0   DS18B20_WRITE_BYTE                                                09/09/2026 12:50:08 PAGE 1   


C51 COMPILER V9.60.7.0, COMPILATION OF MODULE DS18B20_WRITE_BYTE
OBJECT MODULE PLACED IN .\Objects\ds18b20_write_byte.obj
COMPILER INVOKED BY: D:\Keil_v5\C51\BIN\C51.EXE ..\..\Src\03_Sensor\DS18B20\ds18b20_write_byte.c LARGE OPTIMIZE(0,SPEED)
                    - INCDIR(..\..\Inc;..\..\..\..\Kernel\Inc) DEBUG OBJECTEXTEND PRINT(.\Listings\ds18b20_write_byte.lst) OBJECT(.\Objects\d
                    -s18b20_write_byte.obj)

line level    source

   1          #include "hrtos_hal.h"
   2          
   3          
   4          /*------------------------------------------------
   5           * 写入一个字节
   6           *
   7           * DS18B20采用低位优先方式发送数据。
   8           *------------------------------------------------*/
   9          void drv_ds18b20_write_byte(unsigned char _data)
  10          {
  11   1          unsigned char i;
  12   1          unsigned char bit_data;
  13   1          unsigned int delay;
  14   1      
  15   1          for(i = 0; i < 8; i++)
  16   1          {
  17   2              bit_data = _data & 0x01;
  18   2      
  19   2              _data >>= 1;
  20   2      
  21   2              if(bit_data)
  22   2              {
  23   3                  DS18B20_DATA = 0;
  24   3      
  25   3                  delay++;
  26   3                  delay++;
  27   3      
  28   3                  DS18B20_DATA = 1;
  29   3      
  30   3                  delay = 8;
  31   3      
  32   3                  while(delay > 0)
  33   3                  {
  34   4                      delay--;
  35   4                  }
  36   3              }
  37   2              else
  38   2              {
  39   3                  DS18B20_DATA = 0;
  40   3      
  41   3                  delay = 8;
  42   3      
  43   3                  while(delay > 0)
  44   3                  {
  45   4                      delay--;
  46   4                  }
  47   3      
  48   3                  DS18B20_DATA = 1;
  49   3      
  50   3                  delay++;
  51   3                  delay++;
  52   3              }
  53   2          }
C51 COMPILER V9.60.7.0   DS18B20_WRITE_BYTE                                                09/09/2026 12:50:08 PAGE 2   

  54   1      }


MODULE INFORMATION:   STATIC OVERLAYABLE
   CODE SIZE        =    201    ----
   CONSTANT SIZE    =   ----    ----
   XDATA SIZE       =      5    ----
   PDATA SIZE       =   ----    ----
   DATA SIZE        =   ----    ----
   IDATA SIZE       =   ----    ----
   BIT SIZE         =   ----    ----
END OF MODULE INFORMATION.


C51 COMPILATION COMPLETE.  0 WARNING(S),  0 ERROR(S)
