C51 COMPILER V9.60.7.0   DS18B20_INIT                                                      09/09/2026 12:50:07 PAGE 1   


C51 COMPILER V9.60.7.0, COMPILATION OF MODULE DS18B20_INIT
OBJECT MODULE PLACED IN .\Objects\ds18b20_init.obj
COMPILER INVOKED BY: D:\Keil_v5\C51\BIN\C51.EXE ..\..\Src\03_Sensor\DS18B20\ds18b20_init.c LARGE OPTIMIZE(0,SPEED) INCDI
                    -R(..\..\Inc;..\..\..\..\Kernel\Inc) DEBUG OBJECTEXTEND PRINT(.\Listings\ds18b20_init.lst) OBJECT(.\Objects\ds18b20_init.
                    -obj)

line level    source

   1          #include "hrtos_hal.h"
   2          
   3          
   4          /*------------------------------------------------
   5           * DS18B20≥ı ºªØ
   6           *------------------------------------------------*/
   7          void drv_ds18b20_init(void)
   8          {
   9   1          DS18B20_DATA = 1;
  10   1      }


MODULE INFORMATION:   STATIC OVERLAYABLE
   CODE SIZE        =      3    ----
   CONSTANT SIZE    =   ----    ----
   XDATA SIZE       =   ----    ----
   PDATA SIZE       =   ----    ----
   DATA SIZE        =   ----    ----
   IDATA SIZE       =   ----    ----
   BIT SIZE         =   ----    ----
END OF MODULE INFORMATION.


C51 COMPILATION COMPLETE.  0 WARNING(S),  0 ERROR(S)
