C51 COMPILER V9.60.7.0   DS18B20_READ_BYTE                                                 09/09/2026 12:50:07 PAGE 1   


C51 COMPILER V9.60.7.0, COMPILATION OF MODULE DS18B20_READ_BYTE
OBJECT MODULE PLACED IN .\Objects\ds18b20_read_byte.obj
COMPILER INVOKED BY: D:\Keil_v5\C51\BIN\C51.EXE ..\..\Src\03_Sensor\DS18B20\ds18b20_read_byte.c LARGE OPTIMIZE(0,SPEED) 
                    -INCDIR(..\..\Inc;..\..\..\..\Kernel\Inc) DEBUG OBJECTEXTEND PRINT(.\Listings\ds18b20_read_byte.lst) OBJECT(.\Objects\ds1
                    -8b20_read_byte.obj)

line level    source

   1          #include "hrtos_hal.h"
   2          
   3          
   4          /*------------------------------------------------
   5           * 读取一个字节
   6           *
   7           * DS18B20采用低位优先方式发送数据。
   8           *------------------------------------------------*/
   9          unsigned char drv_ds18b20_read_byte(void)
  10          {
  11   1          unsigned char i;
  12   1          unsigned char _data;
  13   1          unsigned char bit_data;
  14   1      
  15   1          _data = 0;
  16   1      
  17   1          for(i = 0; i < 8; i++)
  18   1          {
  19   2              bit_data = drv_ds18b20_read_bit();
  20   2      
  21   2              _data = (bit_data << 7) | (_data >> 1);
  22   2          }
  23   1      
  24   1          return _data;
  25   1      }


MODULE INFORMATION:   STATIC OVERLAYABLE
   CODE SIZE        =     61    ----
   CONSTANT SIZE    =   ----    ----
   XDATA SIZE       =      3    ----
   PDATA SIZE       =   ----    ----
   DATA SIZE        =   ----    ----
   IDATA SIZE       =   ----    ----
   BIT SIZE         =   ----    ----
END OF MODULE INFORMATION.


C51 COMPILATION COMPLETE.  0 WARNING(S),  0 ERROR(S)
