C51 COMPILER V9.60.7.0   HUMAN_READ                                                        09/09/2026 12:50:09 PAGE 1   


C51 COMPILER V9.60.7.0, COMPILATION OF MODULE HUMAN_READ
OBJECT MODULE PLACED IN .\Objects\human_read.obj
COMPILER INVOKED BY: D:\Keil_v5\C51\BIN\C51.EXE ..\..\Src\03_Sensor\人体感应HC-SR501\human_read.c LARGE OPTIMIZE(0,SPEED
                    -) INCDIR(..\..\Inc;..\..\..\..\Kernel\Inc) DEBUG OBJECTEXTEND PRINT(.\Listings\human_read.lst) OBJECT(.\Objects\human_re
                    -ad.obj)

line level    source

   1          #include "hrtos_hal.h"
   2          
   3          
   4          /*------------------------------------------------
   5           * 读取人体感应状态
   6           *
   7           * 返回：
   8           * 1：检测到人体
   9           * 0：未检测到人体
  10           *------------------------------------------------*/
  11          unsigned char drv_human_read(void)
  12          {
  13   1          return DRV_HUMAN_IN;
  14   1      }


MODULE INFORMATION:   STATIC OVERLAYABLE
   CODE SIZE        =      6    ----
   CONSTANT SIZE    =   ----    ----
   XDATA SIZE       =   ----    ----
   PDATA SIZE       =   ----    ----
   DATA SIZE        =   ----    ----
   IDATA SIZE       =   ----    ----
   BIT SIZE         =   ----    ----
END OF MODULE INFORMATION.


C51 COMPILATION COMPLETE.  0 WARNING(S),  0 ERROR(S)
