C51 COMPILER V9.60.7.0   HUMAN_INIT                                                        09/09/2026 12:50:09 PAGE 1   


C51 COMPILER V9.60.7.0, COMPILATION OF MODULE HUMAN_INIT
OBJECT MODULE PLACED IN .\Objects\human_init.obj
COMPILER INVOKED BY: D:\Keil_v5\C51\BIN\C51.EXE ..\..\Src\03_Sensor\人体感应HC-SR501\human_init.c LARGE OPTIMIZE(0,SPEED
                    -) INCDIR(..\..\Inc;..\..\..\..\Kernel\Inc) DEBUG OBJECTEXTEND PRINT(.\Listings\human_init.lst) OBJECT(.\Objects\human_in
                    -it.obj)

line level    source

   1          #include "hrtos_hal.h"
   2          
   3          
   4          
   5          /*------------------------------------------------
   6           * 人体红外初始化
   7           *------------------------------------------------*/
   8          void drv_human_init(void)
   9          {
  10   1          /* 释放输入引脚 */
  11   1          DRV_HUMAN_IN = 1;
  12   1      }


MODULE INFORMATION:   STATIC OVERLAYABLE
   CODE SIZE        =      3    ----
   CONSTANT SIZE    =   ----    ----
   XDATA SIZE       =   ----    ----
   PDATA SIZE       =   ----    ----
   DATA SIZE        =   ----    ----
   IDATA SIZE       =   ----    ----
   BIT SIZE         =   ----    ----
END OF MODULE INFORMATION.


C51 COMPILATION COMPLETE.  0 WARNING(S),  0 ERROR(S)
