C51 COMPILER V9.60.7.0   IR_INIT                                                           09/09/2026 12:50:09 PAGE 1   


C51 COMPILER V9.60.7.0, COMPILATION OF MODULE IR_INIT
OBJECT MODULE PLACED IN .\Objects\ir_init.obj
COMPILER INVOKED BY: D:\Keil_v5\C51\BIN\C51.EXE ..\..\Src\03_Sensor\红外传感器\ir_init.c LARGE OPTIMIZE(0,SPEED) INCDIR(
                    -..\..\Inc;..\..\..\..\Kernel\Inc) DEBUG OBJECTEXTEND PRINT(.\Listings\ir_init.lst) OBJECT(.\Objects\ir_init.obj)

line level    source

   1          #include "hrtos_hal.h"
   2          
   3          
   4          /*------------------------------------------------
   5           * 红外避障初始化
   6           *------------------------------------------------*/
   7          void drv_ir_init(void)
   8          {
   9   1          /* 释放输入引脚 */
  10   1          DRV_IR_IN = 1;
  11   1      }


MODULE INFORMATION:   STATIC OVERLAYABLE
   CODE SIZE        =      3    ----
   CONSTANT SIZE    =   ----    ----
   XDATA SIZE       =   ----    ----
   PDATA SIZE       =   ----    ----
   DATA SIZE        =   ----    ----
   IDATA SIZE       =   ----    ----
   BIT SIZE         =   ----    ----
END OF MODULE INFORMATION.


C51 COMPILATION COMPLETE.  0 WARNING(S),  0 ERROR(S)
