C51 COMPILER V9.60.7.0   RAINDROP_READ_DO                                                  09/09/2026 12:50:10 PAGE 1   


C51 COMPILER V9.60.7.0, COMPILATION OF MODULE RAINDROP_READ_DO
OBJECT MODULE PLACED IN .\Objects\raindrop_read_do.obj
COMPILER INVOKED BY: D:\Keil_v5\C51\BIN\C51.EXE ..\..\Src\03_Sensor\ÓêµÎYL-83\raindrop_read_do.c LARGE OPTIMIZE(0,SPEED)
                    - INCDIR(..\..\Inc;..\..\..\..\Kernel\Inc) DEBUG OBJECTEXTEND PRINT(.\Listings\raindrop_read_do.lst) OBJECT(.\Objects\rai
                    -ndrop_read_do.obj)

line level    source

   1          #include "hrtos_hal.h"
   2          
   3          
   4          /*------------------------------------------------
   5           * ¶ÁÈ¡ÓêµÎ´«¸ÐÆ÷Êý×ÖÁ¿
   6           *
   7           * DO£º
   8           * 0£º¼ì²âµ½ÓêµÎ
   9           * 1£ºÎ´¼ì²âµ½ÓêµÎ
  10           *------------------------------------------------*/
  11          unsigned char drv_raindrop_read_do(void)
  12          {
  13   1          return DRV_RAINDROP_DO;
  14   1      }


MODULE INFORMATION:   STATIC OVERLAYABLE
   CODE SIZE        =      6    ----
   CONSTANT SIZE    =   ----    ----
   XDATA SIZE       =   ----    ----
   PDATA SIZE       =   ----    ----
   DATA SIZE        =   ----    ----
   IDATA SIZE       =   ----    ----
   BIT SIZE         =   ----    ----
END OF MODULE INFORMATION.


C51 COMPILATION COMPLETE.  0 WARNING(S),  0 ERROR(S)
