C51 COMPILER V9.60.7.0   SOIL_READ_DO                                                      09/09/2026 12:50:10 PAGE 1   


C51 COMPILER V9.60.7.0, COMPILATION OF MODULE SOIL_READ_DO
OBJECT MODULE PLACED IN .\Objects\soil_read_do.obj
COMPILER INVOKED BY: D:\Keil_v5\C51\BIN\C51.EXE ..\..\Src\03_Sensor\土壤湿度\soil_read_do.c LARGE OPTIMIZE(0,SPEED) INCD
                    -IR(..\..\Inc;..\..\..\..\Kernel\Inc) DEBUG OBJECTEXTEND PRINT(.\Listings\soil_read_do.lst) OBJECT(.\Objects\soil_read_do
                    -.obj)

line level    source

   1          #include "hrtos_hal.h"
   2          
   3          
   4          /*================================================
   5           * 函数：drv_soil_read_do
   6           *
   7           * 功能：
   8           *      读取土壤湿度数字输出
   9           *
  10           * 返回：
  11           *      返回LM393比较器的原始输出电平
  12           *
  13           * 说明：
  14           *      具体0/1对应干燥或湿润，
  15           *      由模块比较器电路和电位器阈值决定。
  16           *================================================*/
  17          unsigned char drv_soil_read_do(void)
  18          {
  19   1          return DRV_SOIL_DO;
  20   1      }


MODULE INFORMATION:   STATIC OVERLAYABLE
   CODE SIZE        =      6    ----
   CONSTANT SIZE    =   ----    ----
   XDATA SIZE       =   ----    ----
   PDATA SIZE       =   ----    ----
   DATA SIZE        =   ----    ----
   IDATA SIZE       =   ----    ----
   BIT SIZE         =   ----    ----
END OF MODULE INFORMATION.


C51 COMPILATION COMPLETE.  0 WARNING(S),  0 ERROR(S)
