C51 COMPILER V9.60.7.0   ULTRASONIC_READ                                                   09/09/2026 12:50:09 PAGE 1   


C51 COMPILER V9.60.7.0, COMPILATION OF MODULE ULTRASONIC_READ
OBJECT MODULE PLACED IN .\Objects\ultrasonic_read.obj
COMPILER INVOKED BY: D:\Keil_v5\C51\BIN\C51.EXE ..\..\Src\03_Sensor\HC-SR04\ultrasonic_read.c LARGE OPTIMIZE(0,SPEED) IN
                    -CDIR(..\..\Inc;..\..\..\..\Kernel\Inc) DEBUG OBJECTEXTEND PRINT(.\Listings\ultrasonic_read.lst) OBJECT(.\Objects\ultraso
                    -nic_read.obj)

line level    source

   1          #include "hrtos_hal.h"
   2          
   3          /*------------------------------------------------
   4           * 获取超声波距离
   5           *
   6           * 返回：
   7           *     距离，单位mm
   8           *
   9           * 处理流程：
  10           *     1. 多次采样
  11           *     2. 数据排序
  12           *     3. 去除最大值和最小值
  13           *     4. 求平均值
  14           *     5. 根据计数值换算距离
  15           *------------------------------------------------*/
  16          unsigned int drv_ultrasonic_read(void)
  17          {
  18   1          unsigned char i;
  19   1      
  20   1          unsigned long sum;
  21   1      
  22   1          unsigned int average;
  23   1          unsigned int distance;
  24   1      
  25   1      
  26   1          /*--------------------------------------------
  27   1           * 多次采样
  28   1           *--------------------------------------------*/
  29   1              HRTOS_DRV_LOOP_0001:
  30   1          for(i = 0;
  31   1              i < DRV_ULTRASONIC_SAMPLE_MAX;
  32   1              )
  33   1          {
  34   2              ultrasonic_buffer[i] =
  35   2                  drv_ultrasonic_measure();
  36   2                      if(ultrasonic_buffer[i]!=0)
  37   2                              i++;
  38   2                      os_delay(1);
  39   2          }
  40   1      
  41   1      
  42   1          /*--------------------------------------------
  43   1           * 数据排序
  44   1           *--------------------------------------------*/
  45   1          drv_ultrasonic_sort();
  46   1      
  47   1      
  48   1          /*--------------------------------------------
  49   1           * 去除最大值和最小值
  50   1           *--------------------------------------------*/
  51   1          sum = 0;
  52   1      
  53   1          for(i = DRV_ULTRASONIC_FILTER_COUNT;
C51 COMPILER V9.60.7.0   ULTRASONIC_READ                                                   09/09/2026 12:50:09 PAGE 2   

  54   1              i < DRV_ULTRASONIC_SAMPLE_MAX -
  55   1                  DRV_ULTRASONIC_FILTER_COUNT;
  56   1              i++)
  57   1          {
  58   2              sum += ultrasonic_buffer[i];
  59   2          }
  60   1      
  61   1      
  62   1          /*--------------------------------------------
  63   1           * 求平均值
  64   1           *--------------------------------------------*/
  65   1          average =
  66   1              (unsigned int)(
  67   1                  sum /
  68   1                  (DRV_ULTRASONIC_SAMPLE_MAX -
  69   1                   2 * DRV_ULTRASONIC_FILTER_COUNT)
  70   1              );
  71   1      
  72   1      
  73   1          /*--------------------------------------------
  74   1           * 根据Timer1计数值换算距离
  75   1           *
  76   1           * 11.0592MHz晶振：
  77   1           *
  78   1           * 传统12T 51：
  79   1           *     机器周期约为1.085us
  80   1           *
  81   1           * 超声波距离：
  82   1           *
  83   1           *     距离 = 时间 × 声速 / 2
  84   1           *
  85   1           * 这里按照原例程的实际换算系数，
  86   1           * 将Timer计数值转换为mm。
  87   1           *--------------------------------------------*/
  88   1          distance =
  89   1              (unsigned int)(average * 0.1953925);
  90   1      
  91   1              if(distance!=0)
  92   1          return distance;
  93   1              else 
  94   1              {
  95   2                      goto HRTOS_DRV_LOOP_0001;
  96   2              
  97   2              }
  98   1      }
  99                          


MODULE INFORMATION:   STATIC OVERLAYABLE
   CODE SIZE        =    260    ----
   CONSTANT SIZE    =   ----    ----
   XDATA SIZE       =      9    ----
   PDATA SIZE       =   ----    ----
   DATA SIZE        =   ----    ----
   IDATA SIZE       =   ----    ----
   BIT SIZE         =   ----    ----
END OF MODULE INFORMATION.


C51 COMPILATION COMPLETE.  0 WARNING(S),  0 ERROR(S)
