C51 COMPILER V9.60.7.0   ULTRASONIC_MEASURE                                                09/09/2026 12:50:09 PAGE 1   


C51 COMPILER V9.60.7.0, COMPILATION OF MODULE ULTRASONIC_MEASURE
OBJECT MODULE PLACED IN .\Objects\ultrasonic_measure.obj
COMPILER INVOKED BY: D:\Keil_v5\C51\BIN\C51.EXE ..\..\Src\03_Sensor\HC-SR04\ultrasonic_measure.c LARGE OPTIMIZE(0,SPEED)
                    - INCDIR(..\..\Inc;..\..\..\..\Kernel\Inc) DEBUG OBJECTEXTEND PRINT(.\Listings\ultrasonic_measure.lst) OBJECT(.\Objects\u
                    -ltrasonic_measure.obj)

line level    source

   1          #include "hrtos_hal.h"
   2          
   3          /*------------------------------------------------
   4           * 超声波回波时间测量
   5           *
   6           * 功能：
   7           *     测量超声波回波高电平持续时间
   8           *
   9           * 返回：
  10           *     Timer1计数值
  11           *
  12           * 注意：
  13           *     回波测量属于严格时序操作，
  14           *     测量期间关闭总中断，
  15           *     防止被其他中断打断。
  16           *------------------------------------------------*/
  17          unsigned int drv_ultrasonic_measure(void)
  18          {
  19   1          unsigned char ea_state;
  20   1          unsigned int count;
  21   1              u16 i;
  22   1      
  23   1      
  24   1          /* 保存当前总中断状态 */
  25   1          ea_state = EA;
  26   1      
  27   1          /* 关闭总中断，保护测量时序 */
  28   1          EA = 0;
  29   1              
  30   1      
  31   1          /* 清零Timer1 */
  32   1          TH1 = 0;
  33   1          TL1 = 0;
  34   1              ULTRASONIC_TX = 0;
  35   1              i=10;
  36   1              while(i--)_nop_();
  37   1              ULTRASONIC_TX = 1;
  38   1              i=2;
  39   1              while(i--)_nop_(); 
  40   1              
  41   1              
  42   1              ULTRASONIC_TX = 0;
  43   1          /* 等待回波信号开始 */
  44   1          while(!ULTRASONIC_RX)
  45   1          {
  46   2              ;
  47   2          }
  48   1      
  49   1      
  50   1          /* 开始计时 */
  51   1          TR1 = 1;
  52   1      
  53   1              i=1;
C51 COMPILER V9.60.7.0   ULTRASONIC_MEASURE                                                09/09/2026 12:50:09 PAGE 2   

  54   1          /* 等待回波信号结束 */
  55   1          while(ULTRASONIC_RX&& i++)
  56   1          {
  57   2              ;
  58   2          }
  59   1      
  60   1      
  61   1          /* 停止计时 */
  62   1          TR1 = 0;
  63   1      
  64   1      
  65   1          /* 读取Timer1计数值 */
  66   1          count = ((unsigned int)TH1 << 8) | TL1;
  67   1      
  68   1      
  69   1          /* 清零Timer1 */
  70   1          TH1 = 0;
  71   1          TL1 = 0;
  72   1      
  73   1      
  74   1          /* 恢复原来的总中断状态 */
  75   1          EA = ea_state;
  76   1      
  77   1      
  78   1          return count;
  79   1      }


MODULE INFORMATION:   STATIC OVERLAYABLE
   CODE SIZE        =    161    ----
   CONSTANT SIZE    =   ----    ----
   XDATA SIZE       =      5    ----
   PDATA SIZE       =   ----    ----
   DATA SIZE        =   ----    ----
   IDATA SIZE       =   ----    ----
   BIT SIZE         =   ----    ----
END OF MODULE INFORMATION.


C51 COMPILATION COMPLETE.  0 WARNING(S),  0 ERROR(S)
