C51 COMPILER V9.60.7.0   XPT2046_READ_ADC                                                  09/06/2026 11:04:26 PAGE 1   


C51 COMPILER V9.60.7.0, COMPILATION OF MODULE XPT2046_READ_ADC
OBJECT MODULE PLACED IN .\Objects\xpt2046_read_adc.obj
COMPILER INVOKED BY: D:\Keil_v5\C51\BIN\C51.EXE ..\..\Src\03_Sensor\光敏\xpt2046_read_adc.c LARGE OPTIMIZE(0,SPEED) INCD
                    -IR(..\..\Inc;..\..\..\..\Kernel\Inc) DEBUG OBJECTEXTEND PRINT(.\Listings\xpt2046_read_adc.lst) OBJECT(.\Objects\xpt2046_
                    -read_adc.obj)

line level    source

   1          #include "hrtos_hal.h"
   2          
   3          
   4          /*------------------------------------------------
   5           * XPT2046 ADC读取
   6           *
   7           * 参数：
   8           * cmd：ADC通道控制命令
   9           *
  10           * 返回：
  11           * 12位ADC转换结果
  12           *------------------------------------------------*/
  13          unsigned int drv_xpt2046_read_adc(unsigned char cmd)
  14          {
  15   1          unsigned char i;
  16   1          unsigned int adc_value;
  17   1      
  18   1          XPT2046_CLK = 0;
  19   1          XPT2046_CS  = 0;
  20   1      
  21   1          /* 发送ADC通道命令 */
  22   1          drv_xpt2046_spi_write(cmd);
  23   1      
  24   1          /* 等待ADC转换 */
  25   1          for(i = 6; i > 0; i--)
  26   1          {
  27   2              ;
  28   2          }
  29   1      
  30   1          /* 清除BUSY */
  31   1          XPT2046_CLK = 1;
  32   1          _nop_();
  33   1          _nop_();
  34   1      
  35   1          XPT2046_CLK = 0;
  36   1          _nop_();
  37   1          _nop_();
  38   1      
  39   1          /* 读取12位ADC数据 */
  40   1          adc_value = drv_xpt2046_spi_read();
  41   1      
  42   1          XPT2046_CS = 1;
  43   1      
  44   1          return adc_value;
  45   1      }


MODULE INFORMATION:   STATIC OVERLAYABLE
   CODE SIZE        =     65    ----
   CONSTANT SIZE    =   ----    ----
   XDATA SIZE       =      4    ----
   PDATA SIZE       =   ----    ----
   DATA SIZE        =   ----    ----
C51 COMPILER V9.60.7.0   XPT2046_READ_ADC                                                  09/06/2026 11:04:26 PAGE 2   

   IDATA SIZE       =   ----    ----
   BIT SIZE         =   ----    ----
END OF MODULE INFORMATION.


C51 COMPILATION COMPLETE.  0 WARNING(S),  0 ERROR(S)
