C51 COMPILER V9.60.7.0   BUZZ                                                              08/28/2026 19:52:57 PAGE 1   


C51 COMPILER V9.60.7.0, COMPILATION OF MODULE BUZZ
OBJECT MODULE PLACED IN .\Objects\buzz.obj
COMPILER INVOKED BY: D:\Keil_v5\C51\BIN\C51.EXE ..\01_Basic\buzz.c LARGE OPTIMIZE(0,SPEED) BROWSE MODDP2 INCDIR(..\..\In
                    -c;..\..\..\..\Kernel\Inc) DEBUG OBJECTEXTEND PRINT(.\Listings\buzz.lst) OBJECT(.\Objects\buzz.obj)

line level    source

   1          #include "HRTOS.h"
   2          #include "HRTOS_HAL.h"
   3          
   4          
   5          /**
   6           * @brief  蜂鸣器任务
   7           *
   8           * 蜂鸣器每500ms翻转一次，实现周期性鸣叫。
   9           */
  10          void task_beep(void)
  11          {
  12   1          drv_beep_toggle();
  13   1      
  14   1          os_delay(50);
  15   1      }
  16          
  17          
  18          /**
  19           * @brief  应用初始化
  20           */
  21          void app_init(void)
  22          {
  23   1          drv_beep_init();
  24   1      
  25   1          os_task_create(task_beep,2,2,3);
  26   1      }
  27          
  28          
  29          /**
  30           * @brief  程序入口
  31           */
  32          void hrtos_main(void)
  33          {
  34   1          app_init();
  35   1      
  36   1      }


MODULE INFORMATION:   STATIC OVERLAYABLE
   CODE SIZE        =     42    ----
   CONSTANT SIZE    =   ----    ----
   XDATA SIZE       =   ----    ----
   PDATA SIZE       =   ----    ----
   DATA SIZE        =   ----    ----
   IDATA SIZE       =   ----    ----
   BIT SIZE         =   ----    ----
END OF MODULE INFORMATION.


C51 COMPILATION COMPLETE.  0 WARNING(S),  0 ERROR(S)
