C51 COMPILER V9.60.7.0   DS1302                                                            09/03/2026 22:49:54 PAGE 1   


C51 COMPILER V9.60.7.0, COMPILATION OF MODULE DS1302
OBJECT MODULE PLACED IN .\Objects\ds1302.obj
COMPILER INVOKED BY: D:\Keil_v5\C51\BIN\C51.EXE ..\03_Sensor\ds1302.c LARGE OPTIMIZE(0,SPEED) BROWSE MODDP2 INCDIR(..\..
                    -\Inc;..\..\..\..\Kernel\Inc) DEBUG OBJECTEXTEND PRINT(.\Listings\ds1302.lst) OBJECT(.\Objects\ds1302.obj)

line level    source

   1          
   2          #include "hrtos.h"
   3          #include "hrtos_hal.h"
   4          
   5          /*
   6           * =========================================================
   7           * DS1302 + 4位数码管时钟示例
   8           * ---------------------------------------------------------
   9           * 功能：
  10           * 1. 初始化DS1302
  11           * 2. 读取DS1302当前时间
  12           * 3. 使用4位数码管显示时、分
  13           * 4. 每秒更新一次时间
  14           *
  15           * 显示格式：
  16           *
  17           *       12:35
  18           *
  19           * DS1302时间数据采用BCD格式：
  20           *
  21           * time[0]：秒
  22           * time[1]：分
  23           * time[2]：时
  24           * time[3]：日
  25           * time[4]：月
  26           * time[5]：星期
  27           * time[6]：年
  28           * =========================================================
  29           */
  30          
  31          
  32          /*------------------------------------------------
  33           * DS1302时间数据
  34           *------------------------------------------------*/
  35          unsigned char rtc_time[7];
  36          
  37          //u8 sec;
  38          /*------------------------------------------------
  39           * BCD转十进制
  40           *
  41           * 例如：
  42           * 0x25 -> 25
  43           * 0x59 -> 59
  44           *------------------------------------------------*/
  45          unsigned char bcd_to_dec(unsigned char bcd)
  46          {
  47   1          return (bcd >> 4) * 10 + (bcd & 0x0F);
  48   1      }
  49          
  50          
  51          /*------------------------------------------------
  52           * DS1302读取任务
  53           *
  54           * 每秒读取一次DS1302时间
C51 COMPILER V9.60.7.0   DS1302                                                            09/03/2026 22:49:54 PAGE 2   

  55           *------------------------------------------------*/
  56          void task_ds1302_read(void)
  57          {
  58   1          while(1)
  59   1          {
  60   2              /* 读取DS1302时间 */
  61   2              drv_ds1302_read_time(rtc_time);
  62   2      
  63   2              /*
  64   2               * DS1302每秒自动走时，
  65   2               * 因此这里每隔1秒读取一次即可。
  66   2               */
  67   2                      //sec = drv_ds1302_read_byte(0x81);
  68   2                      
  69   2                      //drv_seg_display(2, sec / 10);
  70   2              //drv_seg_display(3, sec % 10);
  71   2              os_delay(10);
  72   2          }
  73   1      }
  74          
  75          
  76          /*------------------------------------------------
  77           * 数码管显示任务
  78           *
  79           * 显示：
  80           *
  81           * HHMM
  82           *
  83           * 例如：
  84           * 12:35 -> 1235
  85           * 08:06 -> 0806
  86           *------------------------------------------------*/
  87          void task_seg_display(void)
  88          {
  89   1          unsigned char hour;
  90   1          unsigned char minute;
  91   1      
  92   1          while(1)
  93   1          {
  94   2              /* BCD转换为十进制 */
  95   2              hour = bcd_to_dec(rtc_time[2]);
  96   2              minute = bcd_to_dec(rtc_time[1]);
  97   2      
  98   2              /* 显示小时 */
  99   2              drv_seg_display(0, hour / 10);
 100   2                      os_delay_ms(1);
 101   2              drv_seg_display(1, hour % 10);
 102   2                      os_delay_ms(1);
 103   2              /* 显示分钟 */
 104   2              drv_seg_display(2, (u16)minute / 10);
 105   2                      os_delay_ms(1);
 106   2              drv_seg_display(3, minute % 10);
 107   2                      os_delay_ms(1);
 108   2                      
 109   2                      
 110   2          }
 111   1      }
 112          
 113          
 114          /**
 115           * @brief DS1302时钟示例初始化
 116           */
C51 COMPILER V9.60.7.0   DS1302                                                            09/03/2026 22:49:54 PAGE 3   

 117          void hrtos_main(void)
 118          {
 119   1          /* 初始化DS1302 */
 120   1          drv_ds1302_init();
 121   1      
 122   1          /* 初始化数码管 */
 123   1          drv_seg_init();
 124   1      
 125   1          /* 创建DS1302读取任务 */
 126   1          os_task_create(
 127   1              task_ds1302_read,
 128   1              2,
 129   1              2,
 130   1              4
 131   1          );
 132   1      
 133   1          /* 创建数码管显示任务 */
 134   1          os_task_create(
 135   1              task_seg_display,
 136   1              3,
 137   1              2,
 138   1              4
 139   1          );
 140   1      }
 141          


MODULE INFORMATION:   STATIC OVERLAYABLE
   CODE SIZE        =    214    ----
   CONSTANT SIZE    =   ----    ----
   XDATA SIZE       =     10    ----
   PDATA SIZE       =   ----    ----
   DATA SIZE        =   ----    ----
   IDATA SIZE       =   ----    ----
   BIT SIZE         =   ----    ----
END OF MODULE INFORMATION.


C51 COMPILATION COMPLETE.  0 WARNING(S),  0 ERROR(S)
