C51 COMPILER V9.60.7.0   HUMAN                                                             09/04/2026 19:57:49 PAGE 1   


C51 COMPILER V9.60.7.0, COMPILATION OF MODULE HUMAN
OBJECT MODULE PLACED IN .\Objects\human.obj
COMPILER INVOKED BY: D:\Keil_v5\C51\BIN\C51.EXE ..\03_Sensor\human.c LARGE OPTIMIZE(0,SPEED) BROWSE MODDP2 INCDIR(..\..\
                    -Inc;..\..\..\..\Kernel\Inc) DEBUG OBJECTEXTEND PRINT(.\Listings\human.lst) OBJECT(.\Objects\human.obj)

line level    source

   1          
   2          #include "hrtos.h"
   3          #include "hrtos_hal.h"
   4          
   5          /*
   6           * =========================================================
   7           * 人体红外 + 4位数码管显示示例
   8           * ---------------------------------------------------------
   9           * 功能：
  10           * 1. 初始化人体红外传感器
  11           * 2. 读取人体感应状态
  12           * 3. 使用4位数码管显示检测结果
  13           *
  14           * 人体红外状态：
  15           *     0001：检测到人体
  16           *     0000：未检测到人体
  17           * =========================================================
  18           */
  19          
  20          
  21          /*------------------------------------------------
  22           * 人体感应状态
  23           *------------------------------------------------*/
  24          unsigned char human_state = 0;
  25          
  26          
  27          /*------------------------------------------------
  28           * 人体红外读取任务
  29           *------------------------------------------------*/
  30          void task_human_read(void)
  31          {
  32   1          while(1)
  33   1          {
  34   2              /* 读取人体感应状态 */
  35   2              human_state = drv_human_read();
  36   2      
  37   2              /*
  38   2               * 周期读取传感器
  39   2               */
  40   2              os_delay(50);
  41   2          }
  42   1      }
  43          
  44          
  45          /*------------------------------------------------
  46           * 数码管显示任务
  47           *------------------------------------------------*/
  48          void task_seg_display(void)
  49          {
  50   1          while(1)
  51   1          {
  52   2              /*
  53   2               * 显示人体感应状态
  54   2               *
C51 COMPILER V9.60.7.0   HUMAN                                                             09/04/2026 19:57:49 PAGE 2   

  55   2               * 0001：检测到人体
  56   2               * 0000：未检测到人体
  57   2               */
  58   2              drv_seg_display(0, 0);
  59   2              drv_seg_display(1, 0);
  60   2              drv_seg_display(2, 0);
  61   2              drv_seg_display(3, human_state);
  62   2          }
  63   1      }
  64          
  65          
  66          /**
  67           * @brief 人体红外示例初始化
  68           */
  69          void hrtos_main(void)
  70          {
  71   1          /* 初始化人体红外传感器 */
  72   1          drv_human_init();
  73   1      
  74   1          /* 初始化数码管 */
  75   1          drv_seg_init();
  76   1      
  77   1          /* 创建人体红外读取任务 */
  78   1          os_task_create(
  79   1              task_human_read,
  80   1              2,
  81   1              2,
  82   1              4
  83   1          );
  84   1      
  85   1          /* 创建数码管显示任务 */
  86   1          os_task_create(
  87   1              task_seg_display,
  88   1              3,
  89   1              2,
  90   1              4
  91   1          );
  92   1      }
  93          


MODULE INFORMATION:   STATIC OVERLAYABLE
   CODE SIZE        =    105    ----
   CONSTANT SIZE    =   ----    ----
   XDATA SIZE       =      1    ----
   PDATA SIZE       =   ----    ----
   DATA SIZE        =   ----    ----
   IDATA SIZE       =   ----    ----
   BIT SIZE         =   ----    ----
END OF MODULE INFORMATION.


C51 COMPILATION COMPLETE.  0 WARNING(S),  0 ERROR(S)
