C51 COMPILER V9.60.7.0   DELAY_MS                                                          08/18/2026 22:11:51 PAGE 1   


C51 COMPILER V9.60.7.0, COMPILATION OF MODULE DELAY_MS
OBJECT MODULE PLACED IN .\Objects\delay_ms.obj
COMPILER INVOKED BY: D:\Keil_v5\C51\BIN\C51.EXE ..\..\Src\02_Display\LCD1602\delay_ms.c LARGE OPTIMIZE(0,SPEED) INCDIR(.
                    -.\..\Inc;..\..\..\..\Kernel\Inc) DEBUG OBJECTEXTEND PRINT(.\Listings\delay_ms.lst) OBJECT(.\Objects\delay_ms.obj)

line level    source

   1          #include "hrtos_hal.h"
   2          
   3          
   4          void delay_ms(unsigned int ms)
   5          {
   6   1          unsigned int i,j;
   7   1      
   8   1          for(i=ms;i>0;i--)
   9   1              for(j=100;j>0;j--);
  10   1      }


MODULE INFORMATION:   STATIC OVERLAYABLE
   CODE SIZE        =     91    ----
   CONSTANT SIZE    =   ----    ----
   XDATA SIZE       =      6    ----
   PDATA SIZE       =   ----    ----
   DATA SIZE        =   ----    ----
   IDATA SIZE       =   ----    ----
   BIT SIZE         =   ----    ----
END OF MODULE INFORMATION.


C51 COMPILATION COMPLETE.  0 WARNING(S),  0 ERROR(S)
