C51 COMPILER V9.60.7.0   LCD1602_WRITE_CMD                                                 08/28/2026 20:45:42 PAGE 1   


C51 COMPILER V9.60.7.0, COMPILATION OF MODULE LCD1602_WRITE_CMD
OBJECT MODULE PLACED IN .\Objects\lcd1602_write_cmd.obj
COMPILER INVOKED BY: D:\Keil_v5\C51\BIN\C51.EXE ..\..\Src\02_Display\LCD1602\lcd1602_write_cmd.c LARGE OPTIMIZE(0,SPEED)
                    - INCDIR(..\..\Inc;..\..\..\..\Kernel\Inc) DEBUG OBJECTEXTEND PRINT(.\Listings\lcd1602_write_cmd.lst) OBJECT(.\Objects\lc
                    -d1602_write_cmd.obj)

line level    source

   1          #include "hrtos_hal.h"
   2          
   3          
   4          /**
   5           * @brief LCD–¥√¸¡Ó
   6           */
   7          void drv_lcd1602_write_cmd(unsigned char cmd)
   8          {
   9   1          LCD_RS = 0;
  10   1          LCD_RW = 0;
  11   1      
  12   1          LCD_DATA = cmd;
  13   1      
  14   1          LCD_EN = 1;
  15   1          delay_us();
  16   1          LCD_EN = 0;
  17   1      
  18   1          delay_ms(1);
  19   1      }


MODULE INFORMATION:   STATIC OVERLAYABLE
   CODE SIZE        =     28    ----
   CONSTANT SIZE    =   ----    ----
   XDATA SIZE       =      1    ----
   PDATA SIZE       =   ----    ----
   DATA SIZE        =   ----    ----
   IDATA SIZE       =   ----    ----
   BIT SIZE         =   ----    ----
END OF MODULE INFORMATION.


C51 COMPILATION COMPLETE.  0 WARNING(S),  0 ERROR(S)
