C51 COMPILER V9.60.7.0   LCD1602_DELAY_US                                                  08/28/2026 20:45:43 PAGE 1   


C51 COMPILER V9.60.7.0, COMPILATION OF MODULE LCD1602_DELAY_US
OBJECT MODULE PLACED IN .\Objects\lcd1602_delay_us.obj
COMPILER INVOKED BY: D:\Keil_v5\C51\BIN\C51.EXE ..\..\Src\02_Display\LCD1602\lcd1602_delay_us.c LARGE OPTIMIZE(0,SPEED) 
                    -INCDIR(..\..\Inc;..\..\..\..\Kernel\Inc) DEBUG OBJECTEXTEND PRINT(.\Listings\lcd1602_delay_us.lst) OBJECT(.\Objects\lcd1
                    -602_delay_us.obj)

line level    source

   1          #include "hrtos_hal.h"
   2          
   3          
   4          void delay_us(void)
   5          {
   6   1          ;
   7   1      }


MODULE INFORMATION:   STATIC OVERLAYABLE
   CODE SIZE        =      1    ----
   CONSTANT SIZE    =   ----    ----
   XDATA SIZE       =   ----    ----
   PDATA SIZE       =   ----    ----
   DATA SIZE        =   ----    ----
   IDATA SIZE       =   ----    ----
   BIT SIZE         =   ----    ----
END OF MODULE INFORMATION.


C51 COMPILATION COMPLETE.  0 WARNING(S),  0 ERROR(S)
