C51 COMPILER V9.60.7.0   OLED_SHOW_STRING                                                  08/28/2026 20:45:45 PAGE 1   


C51 COMPILER V9.60.7.0, COMPILATION OF MODULE OLED_SHOW_STRING
OBJECT MODULE PLACED IN .\Objects\oled_show_string.obj
COMPILER INVOKED BY: D:\Keil_v5\C51\BIN\C51.EXE ..\..\Src\02_Display\OLED\oled_show_string.c LARGE OPTIMIZE(0,SPEED) INC
                    -DIR(..\..\Inc;..\..\..\..\Kernel\Inc) DEBUG OBJECTEXTEND PRINT(.\Listings\oled_show_string.lst) OBJECT(.\Objects\oled_sh
                    -ow_string.obj)

line level    source

   1          #include "hrtos_hal.h"
   2          
   3          
   4          /*------------------------------------------------
   5           * OLEDÏÔÊ¾×Ö·û´®
   6           *------------------------------------------------*/
   7          void drv_oled_show_string(unsigned char x,
   8                                    unsigned char y,
   9                                    unsigned char *str,
  10                                    unsigned char size)
  11          {
  12   1          unsigned char i;
  13   1      
  14   1          i = 0;
  15   1      
  16   1          while(str[i] != '\0')
  17   1          {
  18   2              drv_oled_show_char(x, y, str[i], size);
  19   2      
  20   2              x += 8;
  21   2      
  22   2              if(x > 120)
  23   2              {
  24   3                  x = 0;
  25   3                  y += 2;
  26   3              }
  27   2      
  28   2              i++;
  29   2          }
  30   1      }


MODULE INFORMATION:   STATIC OVERLAYABLE
   CODE SIZE        =    119    ----
   CONSTANT SIZE    =   ----    ----
   XDATA SIZE       =      7    ----
   PDATA SIZE       =   ----    ----
   DATA SIZE        =   ----    ----
   IDATA SIZE       =   ----    ----
   BIT SIZE         =   ----    ----
END OF MODULE INFORMATION.


C51 COMPILATION COMPLETE.  0 WARNING(S),  0 ERROR(S)
