C51 COMPILER V9.60.7.0   OLED_IIC_START                                                    08/28/2026 20:45:43 PAGE 1   


C51 COMPILER V9.60.7.0, COMPILATION OF MODULE OLED_IIC_START
OBJECT MODULE PLACED IN .\Objects\oled_iic_start.obj
COMPILER INVOKED BY: D:\Keil_v5\C51\BIN\C51.EXE ..\..\Src\02_Display\OLED\oled_iic_start.c LARGE OPTIMIZE(0,SPEED) INCDI
                    -R(..\..\Inc;..\..\..\..\Kernel\Inc) DEBUG OBJECTEXTEND PRINT(.\Listings\oled_iic_start.lst) OBJECT(.\Objects\oled_iic_st
                    -art.obj)

line level    source

   1          #include "hrtos_hal.h"
   2          
   3          /*------------------------------------------------
   4           * Èí¼þIIC¿ªÊ¼
   5           *------------------------------------------------*/
   6          void drv_oled_iic_start(void)
   7          {
   8   1          OLED_SCLK_SET();
   9   1          OLED_SDIN_SET();
  10   1          OLED_SDIN_CLR();
  11   1          OLED_SCLK_CLR();
  12   1      }


MODULE INFORMATION:   STATIC OVERLAYABLE
   CODE SIZE        =      9    ----
   CONSTANT SIZE    =   ----    ----
   XDATA SIZE       =   ----    ----
   PDATA SIZE       =   ----    ----
   DATA SIZE        =   ----    ----
   IDATA SIZE       =   ----    ----
   BIT SIZE         =   ----    ----
END OF MODULE INFORMATION.


C51 COMPILATION COMPLETE.  0 WARNING(S),  0 ERROR(S)
