C51 COMPILER V9.60.7.0   OLED_INIT                                                         08/28/2026 20:45:44 PAGE 1   


C51 COMPILER V9.60.7.0, COMPILATION OF MODULE OLED_INIT
OBJECT MODULE PLACED IN .\Objects\oled_init.obj
COMPILER INVOKED BY: D:\Keil_v5\C51\BIN\C51.EXE ..\..\Src\02_Display\OLED\oled_init.c LARGE OPTIMIZE(0,SPEED) INCDIR(..\
                    -..\Inc;..\..\..\..\Kernel\Inc) DEBUG OBJECTEXTEND PRINT(.\Listings\oled_init.lst) OBJECT(.\Objects\oled_init.obj)

line level    source

   1          #include "hrtos_hal.h"
   2          
   3          
   4          
   5          /************************************6*8的点阵************************************/
   6          const unsigned char code F6x8[][6] =            
   7          {
   8          0x00, 0x00, 0x00, 0x00, 0x00, 0x00,// sp
   9          0x00, 0x00, 0x00, 0x2f, 0x00, 0x00,// !
  10          0x00, 0x00, 0x07, 0x00, 0x07, 0x00,// "
  11          0x00, 0x14, 0x7f, 0x14, 0x7f, 0x14,// #
  12          0x00, 0x24, 0x2a, 0x7f, 0x2a, 0x12,// $
  13          0x00, 0x62, 0x64, 0x08, 0x13, 0x23,// %
  14          0x00, 0x36, 0x49, 0x55, 0x22, 0x50,// &
  15          0x00, 0x00, 0x05, 0x03, 0x00, 0x00,// '
  16          0x00, 0x00, 0x1c, 0x22, 0x41, 0x00,// (
  17          0x00, 0x00, 0x41, 0x22, 0x1c, 0x00,// )
  18          0x00, 0x14, 0x08, 0x3E, 0x08, 0x14,// *
  19          0x00, 0x08, 0x08, 0x3E, 0x08, 0x08,// +
  20          0x00, 0x00, 0x00, 0xA0, 0x60, 0x00,// ,
  21          0x00, 0x08, 0x08, 0x08, 0x08, 0x08,// -
  22          0x00, 0x00, 0x60, 0x60, 0x00, 0x00,// .
  23          0x00, 0x20, 0x10, 0x08, 0x04, 0x02,// /
  24          0x00, 0x3E, 0x51, 0x49, 0x45, 0x3E,// 0
  25          0x00, 0x00, 0x42, 0x7F, 0x40, 0x00,// 1
  26          0x00, 0x42, 0x61, 0x51, 0x49, 0x46,// 2
  27          0x00, 0x21, 0x41, 0x45, 0x4B, 0x31,// 3
  28          0x00, 0x18, 0x14, 0x12, 0x7F, 0x10,// 4
  29          0x00, 0x27, 0x45, 0x45, 0x45, 0x39,// 5
  30          0x00, 0x3C, 0x4A, 0x49, 0x49, 0x30,// 6
  31          0x00, 0x01, 0x71, 0x09, 0x05, 0x03,// 7
  32          0x00, 0x36, 0x49, 0x49, 0x49, 0x36,// 8
  33          0x00, 0x06, 0x49, 0x49, 0x29, 0x1E,// 9
  34          0x00, 0x00, 0x36, 0x36, 0x00, 0x00,// :
  35          0x00, 0x00, 0x56, 0x36, 0x00, 0x00,// ;
  36          0x00, 0x08, 0x14, 0x22, 0x41, 0x00,// <
  37          0x00, 0x14, 0x14, 0x14, 0x14, 0x14,// =
  38          0x00, 0x00, 0x41, 0x22, 0x14, 0x08,// >
  39          0x00, 0x02, 0x01, 0x51, 0x09, 0x06,// ?
  40          0x00, 0x32, 0x49, 0x59, 0x51, 0x3E,// @
  41          0x00, 0x7C, 0x12, 0x11, 0x12, 0x7C,// A
  42          0x00, 0x7F, 0x49, 0x49, 0x49, 0x36,// B
  43          0x00, 0x3E, 0x41, 0x41, 0x41, 0x22,// C
  44          0x00, 0x7F, 0x41, 0x41, 0x22, 0x1C,// D
  45          0x00, 0x7F, 0x49, 0x49, 0x49, 0x41,// E
  46          0x00, 0x7F, 0x09, 0x09, 0x09, 0x01,// F
  47          0x00, 0x3E, 0x41, 0x49, 0x49, 0x7A,// G
  48          0x00, 0x7F, 0x08, 0x08, 0x08, 0x7F,// H
  49          0x00, 0x00, 0x41, 0x7F, 0x41, 0x00,// I
  50          0x00, 0x20, 0x40, 0x41, 0x3F, 0x01,// J
  51          0x00, 0x7F, 0x08, 0x14, 0x22, 0x41,// K
  52          0x00, 0x7F, 0x40, 0x40, 0x40, 0x40,// L
  53          0x00, 0x7F, 0x02, 0x0C, 0x02, 0x7F,// M
  54          0x00, 0x7F, 0x04, 0x08, 0x10, 0x7F,// N
C51 COMPILER V9.60.7.0   OLED_INIT                                                         08/28/2026 20:45:44 PAGE 2   

  55          0x00, 0x3E, 0x41, 0x41, 0x41, 0x3E,// O
  56          0x00, 0x7F, 0x09, 0x09, 0x09, 0x06,// P
  57          0x00, 0x3E, 0x41, 0x51, 0x21, 0x5E,// Q
  58          0x00, 0x7F, 0x09, 0x19, 0x29, 0x46,// R
  59          0x00, 0x46, 0x49, 0x49, 0x49, 0x31,// S
  60          0x00, 0x01, 0x01, 0x7F, 0x01, 0x01,// T
  61          0x00, 0x3F, 0x40, 0x40, 0x40, 0x3F,// U
  62          0x00, 0x1F, 0x20, 0x40, 0x20, 0x1F,// V
  63          0x00, 0x3F, 0x40, 0x38, 0x40, 0x3F,// W
  64          0x00, 0x63, 0x14, 0x08, 0x14, 0x63,// X
  65          0x00, 0x07, 0x08, 0x70, 0x08, 0x07,// Y
  66          0x00, 0x61, 0x51, 0x49, 0x45, 0x43,// Z
  67          0x00, 0x00, 0x7F, 0x41, 0x41, 0x00,// [
  68          0x00, 0x55, 0x2A, 0x55, 0x2A, 0x55,// 55
  69          0x00, 0x00, 0x41, 0x41, 0x7F, 0x00,// ]
  70          0x00, 0x04, 0x02, 0x01, 0x02, 0x04,// ^
  71          0x00, 0x40, 0x40, 0x40, 0x40, 0x40,// _
  72          0x00, 0x00, 0x01, 0x02, 0x04, 0x00,// '
  73          0x00, 0x20, 0x54, 0x54, 0x54, 0x78,// a
  74          0x00, 0x7F, 0x48, 0x44, 0x44, 0x38,// b
  75          0x00, 0x38, 0x44, 0x44, 0x44, 0x20,// c
  76          0x00, 0x38, 0x44, 0x44, 0x48, 0x7F,// d
  77          0x00, 0x38, 0x54, 0x54, 0x54, 0x18,// e
  78          0x00, 0x08, 0x7E, 0x09, 0x01, 0x02,// f
  79          0x00, 0x18, 0xA4, 0xA4, 0xA4, 0x7C,// g
  80          0x00, 0x7F, 0x08, 0x04, 0x04, 0x78,// h
  81          0x00, 0x00, 0x44, 0x7D, 0x40, 0x00,// i
  82          0x00, 0x40, 0x80, 0x84, 0x7D, 0x00,// j
  83          0x00, 0x7F, 0x10, 0x28, 0x44, 0x00,// k
  84          0x00, 0x00, 0x41, 0x7F, 0x40, 0x00,// l
  85          0x00, 0x7C, 0x04, 0x18, 0x04, 0x78,// m
  86          0x00, 0x7C, 0x08, 0x04, 0x04, 0x78,// n
  87          0x00, 0x38, 0x44, 0x44, 0x44, 0x38,// o
  88          0x00, 0xFC, 0x24, 0x24, 0x24, 0x18,// p
  89          0x00, 0x18, 0x24, 0x24, 0x18, 0xFC,// q
  90          0x00, 0x7C, 0x08, 0x04, 0x04, 0x08,// r
  91          0x00, 0x48, 0x54, 0x54, 0x54, 0x20,// s
  92          0x00, 0x04, 0x3F, 0x44, 0x40, 0x20,// t
  93          0x00, 0x3C, 0x40, 0x40, 0x20, 0x7C,// u
  94          0x00, 0x1C, 0x20, 0x40, 0x20, 0x1C,// v
  95          0x00, 0x3C, 0x40, 0x30, 0x40, 0x3C,// w
  96          0x00, 0x44, 0x28, 0x10, 0x28, 0x44,// x
  97          0x00, 0x1C, 0xA0, 0xA0, 0xA0, 0x7C,// y
  98          0x00, 0x44, 0x64, 0x54, 0x4C, 0x44,// z
  99          0x14, 0x14, 0x14, 0x14, 0x14, 0x14,// horiz lines
 100          };
 101          /****************************************8*16的点阵************************************/
 102          const unsigned char code F8X16[]=         
 103          {
 104            0x00,0x00,0x00,0x00,0x00,0x00,0x00,0x00,0x00,0x00,0x00,0x00,0x00,0x00,0x00,0x00,// 0
 105            0x00,0x00,0x00,0xF8,0x00,0x00,0x00,0x00,0x00,0x00,0x00,0x33,0x30,0x00,0x00,0x00,//! 1
 106            0x00,0x10,0x0C,0x06,0x10,0x0C,0x06,0x00,0x00,0x00,0x00,0x00,0x00,0x00,0x00,0x00,//" 2
 107            0x40,0xC0,0x78,0x40,0xC0,0x78,0x40,0x00,0x04,0x3F,0x04,0x04,0x3F,0x04,0x04,0x00,//# 3
 108            0x00,0x70,0x88,0xFC,0x08,0x30,0x00,0x00,0x00,0x18,0x20,0xFF,0x21,0x1E,0x00,0x00,//$ 4
 109            0xF0,0x08,0xF0,0x00,0xE0,0x18,0x00,0x00,0x00,0x21,0x1C,0x03,0x1E,0x21,0x1E,0x00,//% 5
 110            0x00,0xF0,0x08,0x88,0x70,0x00,0x00,0x00,0x1E,0x21,0x23,0x24,0x19,0x27,0x21,0x10,//& 6
 111            0x10,0x16,0x0E,0x00,0x00,0x00,0x00,0x00,0x00,0x00,0x00,0x00,0x00,0x00,0x00,0x00,//' 7
 112            0x00,0x00,0x00,0xE0,0x18,0x04,0x02,0x00,0x00,0x00,0x00,0x07,0x18,0x20,0x40,0x00,//( 8
 113            0x00,0x02,0x04,0x18,0xE0,0x00,0x00,0x00,0x00,0x40,0x20,0x18,0x07,0x00,0x00,0x00,//) 9
 114            0x40,0x40,0x80,0xF0,0x80,0x40,0x40,0x00,0x02,0x02,0x01,0x0F,0x01,0x02,0x02,0x00,//* 10
 115            0x00,0x00,0x00,0xF0,0x00,0x00,0x00,0x00,0x01,0x01,0x01,0x1F,0x01,0x01,0x01,0x00,//+ 11
 116            0x00,0x00,0x00,0x00,0x00,0x00,0x00,0x00,0x80,0xB0,0x70,0x00,0x00,0x00,0x00,0x00,//, 12
C51 COMPILER V9.60.7.0   OLED_INIT                                                         08/28/2026 20:45:44 PAGE 3   

 117            0x00,0x00,0x00,0x00,0x00,0x00,0x00,0x00,0x00,0x01,0x01,0x01,0x01,0x01,0x01,0x01,//- 13
 118            0x00,0x00,0x00,0x00,0x00,0x00,0x00,0x00,0x00,0x30,0x30,0x00,0x00,0x00,0x00,0x00,//. 14
 119            0x00,0x00,0x00,0x00,0x80,0x60,0x18,0x04,0x00,0x60,0x18,0x06,0x01,0x00,0x00,0x00,/// 15
 120            0x00,0xE0,0x10,0x08,0x08,0x10,0xE0,0x00,0x00,0x0F,0x10,0x20,0x20,0x10,0x0F,0x00,//0 16
 121            0x00,0x10,0x10,0xF8,0x00,0x00,0x00,0x00,0x00,0x20,0x20,0x3F,0x20,0x20,0x00,0x00,//1 17
 122            0x00,0x70,0x08,0x08,0x08,0x88,0x70,0x00,0x00,0x30,0x28,0x24,0x22,0x21,0x30,0x00,//2 18
 123            0x00,0x30,0x08,0x88,0x88,0x48,0x30,0x00,0x00,0x18,0x20,0x20,0x20,0x11,0x0E,0x00,//3 19
 124            0x00,0x00,0xC0,0x20,0x10,0xF8,0x00,0x00,0x00,0x07,0x04,0x24,0x24,0x3F,0x24,0x00,//4 20
 125            0x00,0xF8,0x08,0x88,0x88,0x08,0x08,0x00,0x00,0x19,0x21,0x20,0x20,0x11,0x0E,0x00,//5 21
 126            0x00,0xE0,0x10,0x88,0x88,0x18,0x00,0x00,0x00,0x0F,0x11,0x20,0x20,0x11,0x0E,0x00,//6 22
 127            0x00,0x38,0x08,0x08,0xC8,0x38,0x08,0x00,0x00,0x00,0x00,0x3F,0x00,0x00,0x00,0x00,//7 23
 128            0x00,0x70,0x88,0x08,0x08,0x88,0x70,0x00,0x00,0x1C,0x22,0x21,0x21,0x22,0x1C,0x00,//8 24
 129            0x00,0xE0,0x10,0x08,0x08,0x10,0xE0,0x00,0x00,0x00,0x31,0x22,0x22,0x11,0x0F,0x00,//9 25
 130            0x00,0x00,0x00,0xC0,0xC0,0x00,0x00,0x00,0x00,0x00,0x00,0x30,0x30,0x00,0x00,0x00,//: 26
 131            0x00,0x00,0x00,0x80,0x00,0x00,0x00,0x00,0x00,0x00,0x80,0x60,0x00,0x00,0x00,0x00,//; 27
 132            0x00,0x00,0x80,0x40,0x20,0x10,0x08,0x00,0x00,0x01,0x02,0x04,0x08,0x10,0x20,0x00,//< 28
 133            0x40,0x40,0x40,0x40,0x40,0x40,0x40,0x00,0x04,0x04,0x04,0x04,0x04,0x04,0x04,0x00,//= 29
 134            0x00,0x08,0x10,0x20,0x40,0x80,0x00,0x00,0x00,0x20,0x10,0x08,0x04,0x02,0x01,0x00,//> 30
 135            0x00,0x70,0x48,0x08,0x08,0x08,0xF0,0x00,0x00,0x00,0x00,0x30,0x36,0x01,0x00,0x00,//? 31
 136            0xC0,0x30,0xC8,0x28,0xE8,0x10,0xE0,0x00,0x07,0x18,0x27,0x24,0x23,0x14,0x0B,0x00,//@ 32
 137            0x00,0x00,0xC0,0x38,0xE0,0x00,0x00,0x00,0x20,0x3C,0x23,0x02,0x02,0x27,0x38,0x20,//A 33
 138            0x08,0xF8,0x88,0x88,0x88,0x70,0x00,0x00,0x20,0x3F,0x20,0x20,0x20,0x11,0x0E,0x00,//B 34
 139            0xC0,0x30,0x08,0x08,0x08,0x08,0x38,0x00,0x07,0x18,0x20,0x20,0x20,0x10,0x08,0x00,//C 35
 140            0x08,0xF8,0x08,0x08,0x08,0x10,0xE0,0x00,0x20,0x3F,0x20,0x20,0x20,0x10,0x0F,0x00,//D 36
 141            0x08,0xF8,0x88,0x88,0xE8,0x08,0x10,0x00,0x20,0x3F,0x20,0x20,0x23,0x20,0x18,0x00,//E 37
 142            0x08,0xF8,0x88,0x88,0xE8,0x08,0x10,0x00,0x20,0x3F,0x20,0x00,0x03,0x00,0x00,0x00,//F 38
 143            0xC0,0x30,0x08,0x08,0x08,0x38,0x00,0x00,0x07,0x18,0x20,0x20,0x22,0x1E,0x02,0x00,//G 39
 144            0x08,0xF8,0x08,0x00,0x00,0x08,0xF8,0x08,0x20,0x3F,0x21,0x01,0x01,0x21,0x3F,0x20,//H 40
 145            0x00,0x08,0x08,0xF8,0x08,0x08,0x00,0x00,0x00,0x20,0x20,0x3F,0x20,0x20,0x00,0x00,//I 41
 146            0x00,0x00,0x08,0x08,0xF8,0x08,0x08,0x00,0xC0,0x80,0x80,0x80,0x7F,0x00,0x00,0x00,//J 42
 147            0x08,0xF8,0x88,0xC0,0x28,0x18,0x08,0x00,0x20,0x3F,0x20,0x01,0x26,0x38,0x20,0x00,//K 43
 148            0x08,0xF8,0x08,0x00,0x00,0x00,0x00,0x00,0x20,0x3F,0x20,0x20,0x20,0x20,0x30,0x00,//L 44
 149            0x08,0xF8,0xF8,0x00,0xF8,0xF8,0x08,0x00,0x20,0x3F,0x00,0x3F,0x00,0x3F,0x20,0x00,//M 45
 150            0x08,0xF8,0x30,0xC0,0x00,0x08,0xF8,0x08,0x20,0x3F,0x20,0x00,0x07,0x18,0x3F,0x00,//N 46
 151            0xE0,0x10,0x08,0x08,0x08,0x10,0xE0,0x00,0x0F,0x10,0x20,0x20,0x20,0x10,0x0F,0x00,//O 47
 152            0x08,0xF8,0x08,0x08,0x08,0x08,0xF0,0x00,0x20,0x3F,0x21,0x01,0x01,0x01,0x00,0x00,//P 48
 153            0xE0,0x10,0x08,0x08,0x08,0x10,0xE0,0x00,0x0F,0x18,0x24,0x24,0x38,0x50,0x4F,0x00,//Q 49
 154            0x08,0xF8,0x88,0x88,0x88,0x88,0x70,0x00,0x20,0x3F,0x20,0x00,0x03,0x0C,0x30,0x20,//R 50
 155            0x00,0x70,0x88,0x08,0x08,0x08,0x38,0x00,0x00,0x38,0x20,0x21,0x21,0x22,0x1C,0x00,//S 51
 156            0x18,0x08,0x08,0xF8,0x08,0x08,0x18,0x00,0x00,0x00,0x20,0x3F,0x20,0x00,0x00,0x00,//T 52
 157            0x08,0xF8,0x08,0x00,0x00,0x08,0xF8,0x08,0x00,0x1F,0x20,0x20,0x20,0x20,0x1F,0x00,//U 53
 158            0x08,0x78,0x88,0x00,0x00,0xC8,0x38,0x08,0x00,0x00,0x07,0x38,0x0E,0x01,0x00,0x00,//V 54
 159            0xF8,0x08,0x00,0xF8,0x00,0x08,0xF8,0x00,0x03,0x3C,0x07,0x00,0x07,0x3C,0x03,0x00,//W 55
 160            0x08,0x18,0x68,0x80,0x80,0x68,0x18,0x08,0x20,0x30,0x2C,0x03,0x03,0x2C,0x30,0x20,//X 56
 161            0x08,0x38,0xC8,0x00,0xC8,0x38,0x08,0x00,0x00,0x00,0x20,0x3F,0x20,0x00,0x00,0x00,//Y 57
 162            0x10,0x08,0x08,0x08,0xC8,0x38,0x08,0x00,0x20,0x38,0x26,0x21,0x20,0x20,0x18,0x00,//Z 58
 163            0x00,0x00,0x00,0xFE,0x02,0x02,0x02,0x00,0x00,0x00,0x00,0x7F,0x40,0x40,0x40,0x00,//[ 59
 164            0x00,0x0C,0x30,0xC0,0x00,0x00,0x00,0x00,0x00,0x00,0x00,0x01,0x06,0x38,0xC0,0x00,//\ 60
 165            0x00,0x02,0x02,0x02,0xFE,0x00,0x00,0x00,0x00,0x40,0x40,0x40,0x7F,0x00,0x00,0x00,//] 61
 166            0x00,0x00,0x04,0x02,0x02,0x02,0x04,0x00,0x00,0x00,0x00,0x00,0x00,0x00,0x00,0x00,//^ 62
 167            0x00,0x00,0x00,0x00,0x00,0x00,0x00,0x00,0x80,0x80,0x80,0x80,0x80,0x80,0x80,0x80,//_ 63
 168            0x00,0x02,0x02,0x04,0x00,0x00,0x00,0x00,0x00,0x00,0x00,0x00,0x00,0x00,0x00,0x00,//` 64
 169            0x00,0x00,0x80,0x80,0x80,0x80,0x00,0x00,0x00,0x19,0x24,0x22,0x22,0x22,0x3F,0x20,//a 65
 170            0x08,0xF8,0x00,0x80,0x80,0x00,0x00,0x00,0x00,0x3F,0x11,0x20,0x20,0x11,0x0E,0x00,//b 66
 171            0x00,0x00,0x00,0x80,0x80,0x80,0x00,0x00,0x00,0x0E,0x11,0x20,0x20,0x20,0x11,0x00,//c 67
 172            0x00,0x00,0x00,0x80,0x80,0x88,0xF8,0x00,0x00,0x0E,0x11,0x20,0x20,0x10,0x3F,0x20,//d 68
 173            0x00,0x00,0x80,0x80,0x80,0x80,0x00,0x00,0x00,0x1F,0x22,0x22,0x22,0x22,0x13,0x00,//e 69
 174            0x00,0x80,0x80,0xF0,0x88,0x88,0x88,0x18,0x00,0x20,0x20,0x3F,0x20,0x20,0x00,0x00,//f 70
 175            0x00,0x00,0x80,0x80,0x80,0x80,0x80,0x00,0x00,0x6B,0x94,0x94,0x94,0x93,0x60,0x00,//g 71
 176            0x08,0xF8,0x00,0x80,0x80,0x80,0x00,0x00,0x20,0x3F,0x21,0x00,0x00,0x20,0x3F,0x20,//h 72
 177            0x00,0x80,0x98,0x98,0x00,0x00,0x00,0x00,0x00,0x20,0x20,0x3F,0x20,0x20,0x00,0x00,//i 73
 178            0x00,0x00,0x00,0x80,0x98,0x98,0x00,0x00,0x00,0xC0,0x80,0x80,0x80,0x7F,0x00,0x00,//j 74
C51 COMPILER V9.60.7.0   OLED_INIT                                                         08/28/2026 20:45:44 PAGE 4   

 179            0x08,0xF8,0x00,0x00,0x80,0x80,0x80,0x00,0x20,0x3F,0x24,0x02,0x2D,0x30,0x20,0x00,//k 75
 180            0x00,0x08,0x08,0xF8,0x00,0x00,0x00,0x00,0x00,0x20,0x20,0x3F,0x20,0x20,0x00,0x00,//l 76
 181            0x80,0x80,0x80,0x80,0x80,0x80,0x80,0x00,0x20,0x3F,0x20,0x00,0x3F,0x20,0x00,0x3F,//m 77
 182            0x80,0x80,0x00,0x80,0x80,0x80,0x00,0x00,0x20,0x3F,0x21,0x00,0x00,0x20,0x3F,0x20,//n 78
 183            0x00,0x00,0x80,0x80,0x80,0x80,0x00,0x00,0x00,0x1F,0x20,0x20,0x20,0x20,0x1F,0x00,//o 79
 184            0x80,0x80,0x00,0x80,0x80,0x00,0x00,0x00,0x80,0xFF,0xA1,0x20,0x20,0x11,0x0E,0x00,//p 80
 185            0x00,0x00,0x00,0x80,0x80,0x80,0x80,0x00,0x00,0x0E,0x11,0x20,0x20,0xA0,0xFF,0x80,//q 81
 186            0x80,0x80,0x80,0x00,0x80,0x80,0x80,0x00,0x20,0x20,0x3F,0x21,0x20,0x00,0x01,0x00,//r 82
 187            0x00,0x00,0x80,0x80,0x80,0x80,0x80,0x00,0x00,0x33,0x24,0x24,0x24,0x24,0x19,0x00,//s 83
 188            0x00,0x80,0x80,0xE0,0x80,0x80,0x00,0x00,0x00,0x00,0x00,0x1F,0x20,0x20,0x00,0x00,//t 84
 189            0x80,0x80,0x00,0x00,0x00,0x80,0x80,0x00,0x00,0x1F,0x20,0x20,0x20,0x10,0x3F,0x20,//u 85
 190            0x80,0x80,0x80,0x00,0x00,0x80,0x80,0x80,0x00,0x01,0x0E,0x30,0x08,0x06,0x01,0x00,//v 86
 191            0x80,0x80,0x00,0x80,0x00,0x80,0x80,0x80,0x0F,0x30,0x0C,0x03,0x0C,0x30,0x0F,0x00,//w 87
 192            0x00,0x80,0x80,0x00,0x80,0x80,0x80,0x00,0x00,0x20,0x31,0x2E,0x0E,0x31,0x20,0x00,//x 88
 193            0x80,0x80,0x80,0x00,0x00,0x80,0x80,0x80,0x80,0x81,0x8E,0x70,0x18,0x06,0x01,0x00,//y 89
 194            0x00,0x80,0x80,0x80,0x80,0x80,0x80,0x00,0x00,0x21,0x30,0x2C,0x22,0x21,0x30,0x00,//z 90
 195            0x00,0x00,0x00,0x00,0x80,0x7C,0x02,0x02,0x00,0x00,0x00,0x00,0x00,0x3F,0x40,0x40,//{ 91
 196            0x00,0x00,0x00,0x00,0xFF,0x00,0x00,0x00,0x00,0x00,0x00,0x00,0xFF,0x00,0x00,0x00,//| 92
 197            0x00,0x02,0x02,0x7C,0x80,0x00,0x00,0x00,0x00,0x40,0x40,0x3F,0x00,0x00,0x00,0x00,//} 93
 198            0x00,0x06,0x01,0x01,0x02,0x02,0x04,0x04,0x00,0x00,0x00,0x00,0x00,0x00,0x00,0x00,//~ 94
 199          };
 200          unsigned char code Hzk[][32]={
 201          
 202          {0x00,0x00,0xF0,0x10,0x10,0x10,0x10,0xFF,0x10,0x10,0x10,0x10,0xF0,0x00,0x00,0x00},
 203          {0x00,0x00,0x0F,0x04,0x04,0x04,0x04,0xFF,0x04,0x04,0x04,0x04,0x0F,0x00,0x00,0x00},/*"中",0*/
 204          
 205          };
 206          
 207          unsigned char code BMP1[] =
 208          {
 209                  0x00,0x03,0x05,0x09,0x11,0xFF,0x11,0x89,0x05,0xC3,0x00,0xE0,0x00,0xF0,0x00,0xF8,
 210                  0x00,0x00,0x00,0x00,0x00,0x00,0x00,0x44,0x28,0xFF,0x11,0xAA,0x44,0x00,0x00,0x00,
 211                  0x00,0x00,0x00,0x00,0x00,0x00,0x00,0x00,0x00,0x00,0x00,0x00,0x00,0x00,0x00,0x00,
 212                  0x00,0x00,0x00,0x00,0x00,0x00,0x00,0x00,0x00,0x00,0x00,0x00,0x00,0x00,0x00,0x00,
 213                  0x00,0x00,0x00,0x00,0x00,0x00,0x00,0x00,0x00,0x00,0x00,0x00,0x00,0x00,0x00,0x00,
 214                  0x00,0x00,0x00,0x00,0x00,0x00,0x00,0x00,0x00,0x00,0x83,0x01,0x38,0x44,0x82,0x92,
 215                  0x92,0x74,0x01,0x83,0x00,0x00,0x00,0x00,0x00,0x00,0x00,0x7C,0x44,0xFF,0x01,0x7D,
 216                  0x7D,0x7D,0x01,0x7D,0x7D,0x7D,0x7D,0x01,0x7D,0x7D,0x7D,0x7D,0x7D,0x01,0xFF,0x00,
 217                  0x00,0x00,0x00,0x00,0x00,0x01,0x00,0x01,0x00,0x01,0x00,0x01,0x00,0x01,0x00,0x01,
 218                  0x00,0x00,0x00,0x00,0x00,0x00,0x00,0x00,0x00,0x01,0x01,0x00,0x00,0x00,0x00,0x00,
 219                  0x00,0x00,0x00,0x00,0x00,0x00,0x00,0x00,0x00,0x00,0x00,0x00,0x00,0x00,0x00,0x00,
 220                  0x00,0x00,0x00,0x00,0x00,0x00,0x00,0x00,0x00,0x00,0x00,0x00,0x00,0x00,0x00,0x00,
 221                  0x00,0x00,0x00,0x00,0x00,0x00,0x00,0x00,0x00,0x00,0x00,0x00,0x00,0x00,0x00,0x00,
 222                  0x00,0x00,0x00,0x00,0x00,0x00,0x00,0x00,0x00,0x00,0x01,0x01,0x00,0x00,0x00,0x00,
 223                  0x00,0x00,0x01,0x01,0x00,0x00,0x00,0x00,0x00,0x00,0x00,0x00,0x00,0x01,0x01,0x01,
 224                  0x01,0x01,0x01,0x01,0x01,0x01,0x01,0x01,0x01,0x01,0x01,0x01,0x01,0x01,0x01,0x00,
 225                  0x00,0x00,0x00,0x00,0x00,0x00,0x00,0x00,0x00,0x00,0x00,0x00,0x00,0x00,0x00,0x00,
 226                  0x00,0x00,0x00,0x00,0x00,0x00,0x00,0x00,0x00,0x00,0x00,0x00,0x3F,0x3F,0x03,0x03,
 227                  0xF3,0x13,0x11,0x11,0x11,0x11,0x11,0x11,0x01,0xF1,0x11,0x61,0x81,0x01,0x01,0x01,
 228                  0x81,0x61,0x11,0xF1,0x01,0x01,0x01,0x01,0x41,0x41,0xF1,0x01,0x01,0x01,0x01,0x01,
 229                  0xC1,0x21,0x11,0x11,0x11,0x11,0x21,0xC1,0x01,0x01,0x01,0x01,0x41,0x41,0xF1,0x01,
 230                  0x01,0x01,0x01,0x01,0x01,0x01,0x01,0x01,0x01,0x11,0x11,0x11,0x11,0x11,0xD3,0x33,
 231                  0x03,0x03,0x3F,0x3F,0x00,0x00,0x00,0x00,0x00,0x00,0x00,0x00,0x00,0x00,0x00,0x00,
 232                  0x00,0x00,0x00,0x00,0x00,0x00,0x00,0x00,0x00,0x00,0x00,0x00,0x00,0x00,0x00,0x00,
 233                  0x00,0x00,0x00,0x00,0x00,0x00,0x00,0x00,0x00,0x00,0x00,0x00,0x00,0x00,0x00,0x00,
 234                  0x00,0x00,0x00,0x00,0x00,0x00,0x00,0x00,0x00,0x00,0x00,0x00,0xE0,0xE0,0x00,0x00,
 235                  0x7F,0x01,0x01,0x01,0x01,0x01,0x01,0x00,0x00,0x7F,0x00,0x00,0x01,0x06,0x18,0x06,
 236                  0x01,0x00,0x00,0x7F,0x00,0x00,0x00,0x00,0x40,0x40,0x7F,0x40,0x40,0x00,0x00,0x00,
 237                  0x1F,0x20,0x40,0x40,0x40,0x40,0x20,0x1F,0x00,0x00,0x00,0x00,0x40,0x40,0x7F,0x40,
 238                  0x40,0x00,0x00,0x00,0x00,0x60,0x00,0x00,0x00,0x00,0x40,0x30,0x0C,0x03,0x00,0x00,
 239                  0x00,0x00,0xE0,0xE0,0x00,0x00,0x00,0x00,0x00,0x00,0x00,0x00,0x00,0x00,0x00,0x00,
 240                  0x00,0x00,0x00,0x00,0x00,0x00,0x00,0x00,0x00,0x00,0x00,0x00,0x00,0x00,0x00,0x00,
C51 COMPILER V9.60.7.0   OLED_INIT                                                         08/28/2026 20:45:44 PAGE 5   

 241                  0x00,0x00,0x00,0x00,0x00,0x00,0x00,0x00,0x00,0x00,0x00,0x00,0x00,0x00,0x00,0x00,
 242                  0x00,0x00,0x00,0x00,0x00,0x00,0x00,0x00,0x00,0x00,0x00,0x00,0x07,0x07,0x06,0x06,
 243                  0x06,0x06,0x04,0x04,0x04,0x84,0x44,0x44,0x44,0x84,0x04,0x04,0x84,0x44,0x44,0x44,
 244                  0x84,0x04,0x04,0x04,0x84,0xC4,0x04,0x04,0x04,0x04,0x84,0x44,0x44,0x44,0x84,0x04,
 245                  0x04,0x04,0x04,0x04,0x84,0x44,0x44,0x44,0x84,0x04,0x04,0x04,0x04,0x04,0x84,0x44,
 246                  0x44,0x44,0x84,0x04,0x04,0x84,0x44,0x44,0x44,0x84,0x04,0x04,0x04,0x04,0x06,0x06,
 247                  0x06,0x06,0x07,0x07,0x00,0x00,0x00,0x00,0x00,0x00,0x00,0x00,0x00,0x00,0x00,0x00,
 248                  0x00,0x00,0x00,0x00,0x00,0x00,0x00,0x00,0x00,0x00,0x00,0x00,0x00,0x00,0x00,0x00,
 249                  0x00,0x00,0x00,0x00,0x00,0x00,0x00,0x00,0x00,0x00,0x00,0x00,0x00,0x00,0x00,0x00,
 250                  0x00,0x00,0x00,0x00,0x00,0x00,0x00,0x00,0x00,0x00,0x00,0x00,0x00,0x00,0x00,0x00,
 251                  0x00,0x00,0x00,0x00,0x00,0x10,0x18,0x14,0x12,0x11,0x00,0x00,0x0F,0x10,0x10,0x10,
 252                  0x0F,0x00,0x00,0x00,0x10,0x1F,0x10,0x00,0x00,0x00,0x08,0x10,0x12,0x12,0x0D,0x00,
 253                  0x00,0x18,0x00,0x00,0x0D,0x12,0x12,0x12,0x0D,0x00,0x00,0x18,0x00,0x00,0x10,0x18,
 254                  0x14,0x12,0x11,0x00,0x00,0x10,0x18,0x14,0x12,0x11,0x00,0x00,0x00,0x00,0x00,0x00,
 255                  0x00,0x00,0x00,0x00,0x00,0x00,0x00,0x00,0x00,0x00,0x00,0x00,0x00,0x00,0x00,0x00,
 256                  0x00,0x00,0x00,0x00,0x00,0x00,0x00,0x00,0x00,0x00,0x00,0x00,0x00,0x00,0x00,0x00,
 257                  0x00,0x00,0x00,0x00,0x00,0x00,0x00,0x00,0x00,0x00,0x00,0x00,0x00,0x00,0x00,0x00,
 258                  0x00,0x00,0x00,0x00,0x00,0x00,0x00,0x00,0x00,0x00,0x00,0x00,0x00,0x00,0x00,0x00,
 259                  0x00,0x00,0x00,0x00,0x00,0x00,0x00,0x00,0x00,0x00,0x00,0x00,0x00,0x00,0x00,0x00,
 260                  0x00,0x00,0x00,0x00,0x00,0x00,0x00,0x00,0x00,0x00,0x00,0x00,0x80,0x80,0x80,0x80,
 261                  0x80,0x80,0x80,0x80,0x00,0x00,0x00,0x00,0x00,0x00,0x00,0x00,0x00,0x00,0x00,0x00,
 262                  0x00,0x00,0x00,0x00,0x00,0x00,0x00,0x00,0x00,0x00,0x00,0x00,0x00,0x00,0x00,0x00,
 263                  0x00,0x00,0x00,0x00,0x00,0x00,0x00,0x00,0x00,0x00,0x00,0x00,0x00,0x00,0x00,0x00,
 264                  0x00,0x00,0x00,0x00,0x00,0x00,0x00,0x00,0x00,0x00,0x00,0x00,0x00,0x00,0x00,0x00,
 265                  0x00,0x7F,0x03,0x0C,0x30,0x0C,0x03,0x7F,0x00,0x00,0x38,0x54,0x54,0x58,0x00,0x00,
 266                  0x7C,0x04,0x04,0x78,0x00,0x00,0x3C,0x40,0x40,0x7C,0x00,0x00,0x00,0x00,0x00,0x00,
 267                  0x00,0x00,0x00,0x00,0x00,0x00,0x00,0x00,0x00,0x00,0x00,0x00,0x00,0x00,0x00,0x00,
 268                  0x00,0x00,0x00,0x00,0x00,0x00,0x00,0x00,0x00,0x00,0x00,0x00,0xFF,0xAA,0xAA,0xAA,
 269                  0x28,0x08,0x00,0xFF,0x00,0x00,0x00,0x00,0x00,0x00,0x00,0x00,0x00,0x00,0x00,0x00,
 270                  0x00,0x00,0x00,0x00,0x00,0x00,0x00,0x00,0x00,0x00,0x00,0x00,0x00,0x00,0x00,0x00,
 271                  0x00,0x00,0x00,0x00,0x00,0x00,0x00,0x00,0x00,0x7F,0x03,0x0C,0x30,0x0C,0x03,0x7F,
 272                  0x00,0x00,0x26,0x49,0x49,0x49,0x32,0x00,0x00,0x7F,0x02,0x04,0x08,0x10,0x7F,0x00,/************************
             -********/
 273          };
 274          
 275          unsigned char code BMP2[] =
 276          {
 277                  0x00,0x03,0x05,0x09,0x11,0xFF,0x11,0x89,0x05,0xC3,0x00,0xE0,0x00,0xF0,0x00,0xF8,
 278                  0x00,0x00,0x00,0x00,0x00,0x00,0x00,0x44,0x28,0xFF,0x11,0xAA,0x44,0x00,0x00,0x00,
 279                  0x00,0x00,0x00,0x00,0x00,0x00,0x00,0x00,0x00,0x00,0x00,0x00,0x00,0x00,0x00,0x00,
 280                  0x00,0x00,0x00,0x00,0x00,0x00,0x00,0x00,0x00,0x00,0x00,0x00,0x00,0x00,0x00,0x00,
 281                  0x00,0x00,0x00,0x00,0x00,0x00,0x00,0x00,0x00,0x00,0x00,0x00,0x00,0x00,0x00,0x00,
 282                  0x00,0x00,0x00,0x00,0x00,0x00,0x00,0x00,0x00,0x00,0x83,0x01,0x38,0x44,0x82,0x92,
 283                  0x92,0x74,0x01,0x83,0x00,0x00,0x00,0x00,0x00,0x00,0x00,0x7C,0x44,0xFF,0x01,0x7D,
 284                  0x7D,0x7D,0x7D,0x01,0x7D,0x7D,0x7D,0x7D,0x01,0x7D,0x7D,0x7D,0x7D,0x01,0xFF,0x00,
 285                  0x00,0x00,0x00,0x00,0x00,0x01,0x00,0x01,0x00,0x01,0x00,0x01,0x00,0x01,0x00,0x01,
 286                  0x00,0x00,0x00,0x00,0x00,0x00,0x00,0x00,0x00,0x01,0x01,0x00,0x00,0x00,0x00,0x00,
 287                  0x00,0x00,0x00,0x00,0x00,0x00,0x00,0x00,0x00,0x00,0x00,0x00,0x00,0x00,0x00,0x00,
 288                  0x00,0x00,0x00,0x00,0x00,0x00,0x00,0x00,0x00,0x00,0x00,0x00,0x00,0x00,0x00,0x00,
 289                  0x00,0x00,0x00,0x00,0x00,0x00,0x00,0x00,0x00,0x00,0x00,0x00,0x00,0x00,0x00,0x00,
 290                  0x00,0x00,0x00,0x00,0x00,0x00,0x00,0x00,0x00,0x00,0x01,0x01,0x00,0x00,0x00,0x00,
 291                  0x00,0x00,0x01,0x01,0x00,0x00,0x00,0x00,0x00,0x00,0x00,0x00,0x00,0x01,0x01,0x01,
 292                  0x01,0x01,0x01,0x01,0x01,0x01,0x01,0x01,0x01,0x01,0x01,0x01,0x01,0x01,0x01,0x00,
 293                  0x00,0x00,0x00,0x00,0x00,0x00,0x00,0x00,0x00,0x00,0x00,0x00,0x00,0x00,0x00,0x00,
 294                  0x00,0x00,0x00,0x00,0x00,0x00,0x00,0x00,0x00,0x00,0x00,0x00,0x00,0x00,0x00,0xF8,
 295                  0x08,0x08,0x08,0x08,0x08,0x08,0x08,0x00,0xF8,0x18,0x60,0x80,0x00,0x00,0x00,0x80,
 296                  0x60,0x18,0xF8,0x00,0x00,0x00,0x20,0x20,0xF8,0x00,0x00,0x00,0x00,0x00,0x00,0xE0,
 297                  0x10,0x08,0x08,0x08,0x08,0x10,0xE0,0x00,0x00,0x00,0x20,0x20,0xF8,0x00,0x00,0x00,
 298                  0x00,0x00,0x00,0x00,0x00,0x00,0x00,0x00,0x00,0x08,0x08,0x08,0x08,0x08,0x88,0x68,
 299                  0x18,0x00,0x00,0x00,0x00,0x00,0x00,0x00,0x00,0x00,0x00,0x00,0x00,0x00,0x00,0x00,
 300                  0x00,0x00,0x00,0x00,0x00,0x00,0x00,0x00,0x00,0x00,0x00,0x00,0x00,0x00,0x00,0x00,
 301                  0x00,0x00,0x00,0x00,0x00,0x00,0x00,0x00,0x00,0x00,0x00,0x00,0x00,0x00,0x00,0x00,
C51 COMPILER V9.60.7.0   OLED_INIT                                                         08/28/2026 20:45:44 PAGE 6   

 302                  0x00,0x00,0x00,0x00,0x00,0x00,0x00,0x00,0x00,0x00,0x00,0x00,0x00,0x00,0x00,0x7F,
 303                  0x01,0x01,0x01,0x01,0x01,0x01,0x00,0x00,0x7F,0x00,0x00,0x01,0x06,0x18,0x06,0x01,
 304                  0x00,0x00,0x7F,0x00,0x00,0x00,0x40,0x40,0x7F,0x40,0x40,0x00,0x00,0x00,0x00,0x1F,
 305                  0x20,0x40,0x40,0x40,0x40,0x20,0x1F,0x00,0x00,0x00,0x40,0x40,0x7F,0x40,0x40,0x00,
 306                  0x00,0x00,0x00,0x00,0x60,0x00,0x00,0x00,0x00,0x00,0x00,0x60,0x18,0x06,0x01,0x00,
 307                  0x00,0x00,0x00,0x00,0x00,0x00,0x00,0x00,0x00,0x00,0x00,0x00,0x00,0x00,0x00,0x00,
 308                  0x00,0x00,0x00,0x00,0x00,0x00,0x00,0x00,0x00,0x00,0x00,0x00,0x00,0x00,0x00,0x00,
 309                  0x00,0x00,0x00,0x00,0x00,0x00,0x00,0x00,0x00,0x00,0x00,0x00,0x00,0x00,0x00,0x00,
 310                  0x00,0x00,0x00,0x00,0x00,0x00,0x00,0x00,0x00,0x00,0x00,0x00,0x00,0x00,0x00,0x00,
 311                  0x00,0x00,0x00,0x00,0x00,0x40,0x20,0x20,0x20,0xC0,0x00,0x00,0xE0,0x20,0x20,0x20,
 312                  0xE0,0x00,0x00,0x00,0x40,0xE0,0x00,0x00,0x00,0x00,0x60,0x20,0x20,0x20,0xE0,0x00,
 313                  0x00,0x00,0x00,0x00,0xE0,0x20,0x20,0x20,0xE0,0x00,0x00,0x00,0x00,0x00,0x40,0x20,
 314                  0x20,0x20,0xC0,0x00,0x00,0x40,0x20,0x20,0x20,0xC0,0x00,0x00,0x00,0x00,0x00,0x00,
 315                  0x00,0x00,0x00,0x00,0x00,0x00,0x00,0x00,0x00,0x00,0x00,0x00,0x00,0x00,0x00,0x00,
 316                  0x00,0x00,0x00,0x00,0x00,0x00,0x00,0x00,0x00,0x00,0x00,0x00,0x00,0x00,0x00,0x00,
 317                  0x00,0x00,0x00,0x00,0x00,0x00,0x00,0x00,0x00,0x00,0x00,0x00,0x00,0x00,0x00,0x00,
 318                  0x00,0x00,0x00,0x00,0x00,0x00,0x00,0x00,0x00,0x00,0x00,0x00,0x00,0x00,0x00,0x00,
 319                  0x00,0x00,0x00,0x00,0x00,0x0C,0x0A,0x0A,0x09,0x0C,0x00,0x00,0x0F,0x08,0x08,0x08,
 320                  0x0F,0x00,0x00,0x00,0x08,0x0F,0x08,0x00,0x00,0x00,0x0C,0x08,0x09,0x09,0x0E,0x00,
 321                  0x00,0x0C,0x00,0x00,0x0F,0x09,0x09,0x09,0x0F,0x00,0x00,0x0C,0x00,0x00,0x0C,0x0A,
 322                  0x0A,0x09,0x0C,0x00,0x00,0x0C,0x0A,0x0A,0x09,0x0C,0x00,0x00,0x00,0x00,0x00,0x00,
 323                  0x00,0x00,0x00,0x00,0x00,0x00,0x00,0x00,0x00,0x00,0x00,0x00,0x00,0x00,0x00,0x00,
 324                  0x00,0x00,0x00,0x00,0x00,0x00,0x00,0x00,0x00,0x00,0x00,0x00,0x00,0x00,0x00,0x00,
 325                  0x00,0x00,0x00,0x00,0x00,0x00,0x00,0x00,0x00,0x00,0x00,0x00,0x00,0x00,0x00,0x00,
 326                  0x00,0x00,0x00,0x00,0x00,0x00,0x00,0x00,0x00,0x00,0x00,0x00,0x00,0x00,0x00,0x00,
 327                  0x00,0x00,0x00,0x00,0x00,0x00,0x00,0x00,0x00,0x00,0x00,0x00,0x00,0x00,0x00,0x00,
 328                  0x00,0x00,0x00,0x00,0x00,0x00,0x00,0x00,0x00,0x00,0x00,0x00,0x80,0x80,0x80,0x80,
 329                  0x80,0x80,0x80,0x80,0x00,0x00,0x00,0x00,0x00,0x00,0x00,0x00,0x00,0x00,0x00,0x00,
 330                  0x00,0x00,0x00,0x00,0x00,0x00,0x00,0x00,0x00,0x00,0x00,0x00,0x00,0x00,0x00,0x00,
 331                  0x00,0x00,0x00,0x00,0x00,0x00,0x00,0x00,0x00,0x00,0x00,0x00,0x00,0x00,0x00,0x00,
 332                  0x00,0x00,0x00,0x00,0x00,0x00,0x00,0x00,0x00,0x00,0x00,0x00,0x00,0x00,0x00,0x00,
 333                  0x00,0x7F,0x03,0x0C,0x30,0x0C,0x03,0x7F,0x00,0x00,0x38,0x54,0x54,0x58,0x00,0x00,
 334                  0x7C,0x04,0x04,0x78,0x00,0x00,0x3C,0x40,0x40,0x7C,0x00,0x00,0x00,0x00,0x00,0x00,
 335                  0x00,0x00,0x00,0x00,0x00,0x00,0x00,0x00,0x00,0x00,0x00,0x00,0x00,0x00,0x00,0x00,
 336                  0x00,0x00,0x00,0x00,0x00,0x00,0x00,0x00,0x00,0x00,0x00,0x00,0xFF,0xAA,0xAA,0xAA,
 337                  0x28,0x08,0x00,0xFF,0x00,0x00,0x00,0x00,0x00,0x00,0x00,0x00,0x00,0x00,0x00,0x00,
 338                  0x00,0x00,0x00,0x00,0x00,0x00,0x00,0x00,0x00,0x00,0x00,0x00,0x00,0x00,0x00,0x00,
 339                  0x00,0x00,0x00,0x00,0x00,0x00,0x00,0x00,0x00,0x7F,0x03,0x0C,0x30,0x0C,0x03,0x7F,
 340                  0x00,0x00,0x26,0x49,0x49,0x49,0x32,0x00,0x00,0x7F,0x02,0x04,0x08,0x10,0x7F,0x00,/************************
             -***************/
 341                  
 342          };
 343          
 344          
 345          /*------------------------------------------------
 346           * OLED初始化
 347           *------------------------------------------------*/
 348          void drv_oled_init(void)
 349          {
 350   1          drv_oled_write_command(0xAE);
 351   1          drv_oled_write_command(0x00);
 352   1          drv_oled_write_command(0x10);
 353   1          drv_oled_write_command(0x40);
 354   1          drv_oled_write_command(0xB0);
 355   1      
 356   1          drv_oled_write_command(0x81);
 357   1          drv_oled_write_command(0xFF);
 358   1      
 359   1          drv_oled_write_command(0xA1);
 360   1          drv_oled_write_command(0xA6);
 361   1      
 362   1          drv_oled_write_command(0xA8);
C51 COMPILER V9.60.7.0   OLED_INIT                                                         08/28/2026 20:45:44 PAGE 7   

 363   1          drv_oled_write_command(0x3F);
 364   1      
 365   1          drv_oled_write_command(0xC8);
 366   1      
 367   1          drv_oled_write_command(0xD3);
 368   1          drv_oled_write_command(0x00);
 369   1      
 370   1          drv_oled_write_command(0xD5);
 371   1          drv_oled_write_command(0x80);
 372   1      
 373   1          drv_oled_write_command(0xD8);
 374   1          drv_oled_write_command(0x05);
 375   1      
 376   1          drv_oled_write_command(0xD9);
 377   1          drv_oled_write_command(0xF1);
 378   1      
 379   1          drv_oled_write_command(0xDA);
 380   1          drv_oled_write_command(0x12);
 381   1      
 382   1          drv_oled_write_command(0xDB);
 383   1          drv_oled_write_command(0x30);
 384   1      
 385   1          drv_oled_write_command(0x8D);
 386   1          drv_oled_write_command(0x14);
 387   1      
 388   1          drv_oled_write_command(0xAF);
 389   1      }


MODULE INFORMATION:   STATIC OVERLAYABLE
   CODE SIZE        =    136    ----
   CONSTANT SIZE    =   4184    ----
   XDATA SIZE       =   ----    ----
   PDATA SIZE       =   ----    ----
   DATA SIZE        =   ----    ----
   IDATA SIZE       =   ----    ----
   BIT SIZE         =   ----    ----
END OF MODULE INFORMATION.


C51 COMPILATION COMPLETE.  0 WARNING(S),  0 ERROR(S)
