C51 COMPILER V9.60.7.0   OLED_SET_POS                                                      08/28/2026 20:45:44 PAGE 1   


C51 COMPILER V9.60.7.0, COMPILATION OF MODULE OLED_SET_POS
OBJECT MODULE PLACED IN .\Objects\oled_set_pos.obj
COMPILER INVOKED BY: D:\Keil_v5\C51\BIN\C51.EXE ..\..\Src\02_Display\OLED\oled_set_pos.c LARGE OPTIMIZE(0,SPEED) INCDIR(
                    -..\..\Inc;..\..\..\..\Kernel\Inc) DEBUG OBJECTEXTEND PRINT(.\Listings\oled_set_pos.lst) OBJECT(.\Objects\oled_set_pos.ob
                    -j)

line level    source

   1          #include "hrtos_hal.h"
   2          
   3          /*------------------------------------------------
   4           * 设置显示位置
   5           *
   6           * x：0~127
   7           * y：0~7，OLED页地址
   8           *------------------------------------------------*/
   9          void drv_oled_set_pos(unsigned char x, unsigned char y)
  10          {
  11   1          drv_oled_write_command(0xB0 + y);
  12   1          drv_oled_write_command(((x + 2) & 0xF0) >> 4 | 0x10);
  13   1          drv_oled_write_command((x + 2) & 0x0F);
  14   1      }


MODULE INFORMATION:   STATIC OVERLAYABLE
   CODE SIZE        =     52    ----
   CONSTANT SIZE    =   ----    ----
   XDATA SIZE       =      2    ----
   PDATA SIZE       =   ----    ----
   DATA SIZE        =   ----    ----
   IDATA SIZE       =   ----    ----
   BIT SIZE         =   ----    ----
END OF MODULE INFORMATION.


C51 COMPILATION COMPLETE.  0 WARNING(S),  0 ERROR(S)
