C51 COMPILER V9.60.7.0   SEG_DISPLAY                                                       08/28/2026 20:45:42 PAGE 1   


C51 COMPILER V9.60.7.0, COMPILATION OF MODULE SEG_DISPLAY
OBJECT MODULE PLACED IN .\Objects\seg_display.obj
COMPILER INVOKED BY: D:\Keil_v5\C51\BIN\C51.EXE ..\..\Src\02_Display\Segment\seg_display.c LARGE OPTIMIZE(0,SPEED) INCDI
                    -R(..\..\Inc;..\..\..\..\Kernel\Inc) DEBUG OBJECTEXTEND PRINT(.\Listings\seg_display.lst) OBJECT(.\Objects\seg_display.ob
                    -j)

line level    source

   1          #include "hrtos_hal.h"
   2          
   3          
   4          /**
   5           * @brief 显示单个数码管
   6           * @param pos 位选择 0-3
   7           * @param num 显示数据 0-F
   8           */
   9          void drv_seg_display(unsigned char pos, unsigned char num)
  10          {
  11   1      
  12   1          SEG1 = 1;
  13   1          SEG2 = 1;
  14   1          SEG3 = 1;
  15   1          SEG4 = 1;
  16   1      
  17   1      
  18   1          SEG_PORT = seg_table[num];
  19   1      
  20   1      
  21   1          switch(pos)
  22   1          {
  23   2              case 0:
  24   2                  SEG1 = 0;
  25   2                  break;
  26   2      
  27   2              case 1:
  28   2                  SEG2 = 0;
  29   2                  break;
  30   2      
  31   2              case 2:
  32   2                  SEG3 = 0;
  33   2                  break;
  34   2      
  35   2              case 3:
  36   2                  SEG4 = 0;
  37   2                  break;
  38   2          }
  39   1      }


MODULE INFORMATION:   STATIC OVERLAYABLE
   CODE SIZE        =     61    ----
   CONSTANT SIZE    =   ----    ----
   XDATA SIZE       =      2    ----
   PDATA SIZE       =   ----    ----
   DATA SIZE        =   ----    ----
   IDATA SIZE       =   ----    ----
   BIT SIZE         =   ----    ----
END OF MODULE INFORMATION.


C51 COMPILATION COMPLETE.  0 WARNING(S),  0 ERROR(S)
