C51 COMPILER V9.60.7.0   SEG_INIT                                                          08/28/2026 20:45:42 PAGE 1   


C51 COMPILER V9.60.7.0, COMPILATION OF MODULE SEG_INIT
OBJECT MODULE PLACED IN .\Objects\seg_init.obj
COMPILER INVOKED BY: D:\Keil_v5\C51\BIN\C51.EXE ..\..\Src\02_Display\Segment\seg_init.c LARGE OPTIMIZE(0,SPEED) INCDIR(.
                    -.\..\Inc;..\..\..\..\Kernel\Inc) DEBUG OBJECTEXTEND PRINT(.\Listings\seg_init.lst) OBJECT(.\Objects\seg_init.obj)

line level    source

   1          #include "hrtos_hal.h"
   2          
   3          
   4          /* 共阴数码管段码 0-F */
   5          unsigned char code seg_table_[] =
   6          {
   7              0x3f, //0
   8              0x06, //1
   9              0x5b, //2
  10              0x4f, //3
  11              0x66, //4
  12              0x6d, //5
  13              0x7d, //6
  14              0x07, //7
  15              0x7f, //8
  16              0x6f, //9
  17              0x77, //A
  18              0x7c, //b
  19              0x39, //C
  20              0x5e, //d
  21              0x79, //E
  22              0x71  //F
  23          };
  24          
  25          /* 共阳数码管段码 0-F */
  26          unsigned char code seg_table[] =
  27          {
  28              0xC0, // 0
  29              0xF9, // 1
  30              0xA4, // 2
  31              0xB0, // 3
  32              0x99, // 4
  33              0x92, // 5
  34              0x82, // 6
  35              0xF8, // 7
  36              0x80, // 8
  37              0x90, // 9
  38              0x88, // A
  39              0x83, // b
  40              0xC6, // C
  41              0xA1, // d
  42              0x86, // E
  43              0x8E  // F
  44          };
  45          
  46          
  47          /**
  48           * @brief 数码管初始化
  49           */
  50          void drv_seg_init(void)
  51          {
  52   1          SEG_PORT = 0x00;
  53   1      
  54   1          SEG1 = 1;
C51 COMPILER V9.60.7.0   SEG_INIT                                                          08/28/2026 20:45:42 PAGE 2   

  55   1          SEG2 = 1;
  56   1          SEG3 = 1;
  57   1          SEG4 = 1;
  58   1      }


MODULE INFORMATION:   STATIC OVERLAYABLE
   CODE SIZE        =     12    ----
   CONSTANT SIZE    =     32    ----
   XDATA SIZE       =   ----    ----
   PDATA SIZE       =   ----    ----
   DATA SIZE        =   ----    ----
   IDATA SIZE       =   ----    ----
   BIT SIZE         =   ----    ----
END OF MODULE INFORMATION.


C51 COMPILATION COMPLETE.  0 WARNING(S),  0 ERROR(S)
