C51 COMPILER V9.60.7.0   DS18B20_START                                                     09/06/2026 11:58:06 PAGE 1   


C51 COMPILER V9.60.7.0, COMPILATION OF MODULE DS18B20_START
OBJECT MODULE PLACED IN .\Objects\ds18b20_start.obj
COMPILER INVOKED BY: D:\Keil_v5\C51\BIN\C51.EXE ..\..\Src\03_Sensor\DS18B20\ds18b20_start.c LARGE OPTIMIZE(0,SPEED) INCD
                    -IR(..\..\Inc;..\..\..\..\Kernel\Inc) DEBUG OBJECTEXTEND PRINT(.\Listings\ds18b20_start.lst) OBJECT(.\Objects\ds18b20_sta
                    -rt.obj)

line level    source

   1          #include "hrtos_hal.h"
   2          
   3          
   4          /*------------------------------------------------
   5           * 启动温度转换
   6           *
   7           * 发送：
   8           * 0xCC - Skip ROM
   9           * 0x44 - Convert T
  10           *
  11           * 注意：
  12           * 单总线通信部分关闭总中断，
  13           * 防止时序被中断打断。
  14           *------------------------------------------------*/
  15          void drv_ds18b20_start(void)
  16          {
  17   1          unsigned char ea_state;
  18   1      
  19   1          ea_state = EA;
  20   1          EA = 0;
  21   1      
  22   1          drv_ds18b20_reset();
  23   1      
  24   1          drv_ds18b20_write_byte(0xCC);
  25   1          drv_ds18b20_write_byte(0x44);
  26   1      
  27   1          EA = ea_state;
  28   1      }


MODULE INFORMATION:   STATIC OVERLAYABLE
   CODE SIZE        =     34    ----
   CONSTANT SIZE    =   ----    ----
   XDATA SIZE       =      1    ----
   PDATA SIZE       =   ----    ----
   DATA SIZE        =   ----    ----
   IDATA SIZE       =   ----    ----
   BIT SIZE         =   ----    ----
END OF MODULE INFORMATION.


C51 COMPILATION COMPLETE.  0 WARNING(S),  0 ERROR(S)
