C51 COMPILER V9.60.7.0   IR_READ                                                           09/06/2026 11:58:08 PAGE 1   


C51 COMPILER V9.60.7.0, COMPILATION OF MODULE IR_READ
OBJECT MODULE PLACED IN .\Objects\ir_read.obj
COMPILER INVOKED BY: D:\Keil_v5\C51\BIN\C51.EXE ..\..\Src\03_Sensor\红外传感器\ir_read.c LARGE OPTIMIZE(0,SPEED) INCDIR(
                    -..\..\Inc;..\..\..\..\Kernel\Inc) DEBUG OBJECTEXTEND PRINT(.\Listings\ir_read.lst) OBJECT(.\Objects\ir_read.obj)

line level    source

   1          #include "hrtos_hal.h"
   2          
   3          
   4          
   5          /*------------------------------------------------
   6           * 读取红外避障状态
   7           *
   8           * 返回：
   9           * 0：检测到障碍物
  10           * 1：未检测到障碍物
  11           *------------------------------------------------*/
  12          unsigned char drv_ir_read(void)
  13          {
  14   1          return DRV_IR_IN;
  15   1      }


MODULE INFORMATION:   STATIC OVERLAYABLE
   CODE SIZE        =      6    ----
   CONSTANT SIZE    =   ----    ----
   XDATA SIZE       =   ----    ----
   PDATA SIZE       =   ----    ----
   DATA SIZE        =   ----    ----
   IDATA SIZE       =   ----    ----
   BIT SIZE         =   ----    ----
END OF MODULE INFORMATION.


C51 COMPILATION COMPLETE.  0 WARNING(S),  0 ERROR(S)
