C51 COMPILER V9.60.7.0   SOIL_INIT                                                         09/06/2026 11:58:08 PAGE 1   


C51 COMPILER V9.60.7.0, COMPILATION OF MODULE SOIL_INIT
OBJECT MODULE PLACED IN .\Objects\soil_init.obj
COMPILER INVOKED BY: D:\Keil_v5\C51\BIN\C51.EXE ..\..\Src\03_Sensor\土壤湿度\soil_init.c LARGE OPTIMIZE(0,SPEED) INCDIR(
                    -..\..\Inc;..\..\..\..\Kernel\Inc) DEBUG OBJECTEXTEND PRINT(.\Listings\soil_init.lst) OBJECT(.\Objects\soil_init.obj)

line level    source

   1          #include "hrtos_hal.h"
   2          
   3          
   4          /*================================================
   5           * 函数：drv_soil_init
   6           *
   7           * 功能：
   8           *      初始化土壤湿度传感器
   9           *
  10           * 说明：
  11           *      AO连接P1.0
  12           *      DO连接P1.1
  13           *================================================*/
  14          void drv_soil_init(void)
  15          {
  16   1          /* P1.0设置为ADC功能 */
  17   1          P1ASF |= 0x01;
  18   1      
  19   1          /* 清除ADC结果 */
  20   1          ADC_RES = 0;
  21   1      
  22   1          /* 开启ADC */
  23   1          ADC_CONTR = ADC_POWER |
  24   1                      ADC_SPEEDLL |
  25   1                      ADC_START;
  26   1      }


MODULE INFORMATION:   STATIC OVERLAYABLE
   CODE SIZE        =     10    ----
   CONSTANT SIZE    =   ----    ----
   XDATA SIZE       =   ----    ----
   PDATA SIZE       =   ----    ----
   DATA SIZE        =   ----    ----
   IDATA SIZE       =   ----    ----
   BIT SIZE         =   ----    ----
END OF MODULE INFORMATION.


C51 COMPILATION COMPLETE.  0 WARNING(S),  0 ERROR(S)
