C51 COMPILER V9.60.7.0   ULTRASONIC_MEASURE                                                09/06/2026 11:58:07 PAGE 1   


C51 COMPILER V9.60.7.0, COMPILATION OF MODULE ULTRASONIC_MEASURE
OBJECT MODULE PLACED IN .\Objects\ultrasonic_measure.obj
COMPILER INVOKED BY: D:\Keil_v5\C51\BIN\C51.EXE ..\..\Src\03_Sensor\HC-SR04\ultrasonic_measure.c LARGE OPTIMIZE(0,SPEED)
                    - INCDIR(..\..\Inc;..\..\..\..\Kernel\Inc) DEBUG OBJECTEXTEND PRINT(.\Listings\ultrasonic_measure.lst) OBJECT(.\Objects\u
                    -ltrasonic_measure.obj)

line level    source

   1          #include "hrtos_hal.h"
   2          
   3          /*------------------------------------------------
   4           * 超声波回波时间测量
   5           *
   6           * 功能：
   7           *     测量超声波回波高电平持续时间
   8           *
   9           * 返回：
  10           *     Timer1计数值
  11           *
  12           * 注意：
  13           *     回波测量属于严格时序操作，
  14           *     测量期间关闭总中断，
  15           *     防止被其他中断打断。
  16           *------------------------------------------------*/
  17          unsigned int drv_ultrasonic_measure(void)
  18          {
  19   1          unsigned char ea_state;
  20   1          unsigned int count;
  21   1              u16 i;
  22   1      
  23   1      
  24   1          /* 保存当前总中断状态 */
  25   1          ea_state = EA;
  26   1      
  27   1          /* 关闭总中断，保护测量时序 */
  28   1          EA = 0;
  29   1              //ULTRASONIC_TX = 0;
  30   1              //_nop_(); 
  31   1              //_nop_(); 
  32   1      
  33   1          /* 清零Timer1 */
  34   1          TH1 = 0;
  35   1          TL1 = 0;
  36   1              ULTRASONIC_TX = 0;
  37   1              i=10;
  38   1              while(i--)_nop_();
  39   1              ULTRASONIC_TX = 1;
  40   1              i=2;
  41   1              while(i--)_nop_(); 
  42   1              
  43   1              /*_nop_(); 
  44   1              _nop_(); 
  45   1              _nop_(); 
  46   1              _nop_(); 
  47   1              _nop_(); 
  48   1              _nop_(); 
  49   1              _nop_(); 
  50   1              _nop_(); 
  51   1              _nop_(); 
  52   1              _nop_(); 
  53   1              _nop_(); */
C51 COMPILER V9.60.7.0   ULTRASONIC_MEASURE                                                09/06/2026 11:58:07 PAGE 2   

  54   1              ULTRASONIC_TX = 0;
  55   1          /* 等待回波信号开始 */
  56   1          while(!ULTRASONIC_RX)
  57   1          {
  58   2              ;
  59   2          }
  60   1      
  61   1      
  62   1          /* 开始计时 */
  63   1          TR1 = 1;
  64   1      //P1=0;ULTRASONIC_TX = 1;ULTRASONIC_RX=1;while(1);
  65   1      i=1;
  66   1          /* 等待回波信号结束 */
  67   1          while(ULTRASONIC_RX&& i++)
  68   1          {
  69   2              ;
  70   2          }
  71   1      
  72   1      
  73   1          /* 停止计时 */
  74   1          TR1 = 0;
  75   1      
  76   1      
  77   1          /* 读取Timer1计数值 */
  78   1          count = ((unsigned int)TH1 << 8) | TL1;
  79   1      
  80   1      
  81   1          /* 清零Timer1 */
  82   1          TH1 = 0;
  83   1          TL1 = 0;
  84   1      
  85   1      
  86   1          /* 恢复原来的总中断状态 */
  87   1          EA = ea_state;
  88   1      
  89   1      
  90   1          return count;
  91   1      }


MODULE INFORMATION:   STATIC OVERLAYABLE
   CODE SIZE        =    161    ----
   CONSTANT SIZE    =   ----    ----
   XDATA SIZE       =      5    ----
   PDATA SIZE       =   ----    ----
   DATA SIZE        =   ----    ----
   IDATA SIZE       =   ----    ----
   BIT SIZE         =   ----    ----
END OF MODULE INFORMATION.


C51 COMPILATION COMPLETE.  0 WARNING(S),  0 ERROR(S)
