C51 COMPILER V9.60.7.0   ULTRASONIC_SORT                                                   09/06/2026 11:58:07 PAGE 1   


C51 COMPILER V9.60.7.0, COMPILATION OF MODULE ULTRASONIC_SORT
OBJECT MODULE PLACED IN .\Objects\ultrasonic_sort.obj
COMPILER INVOKED BY: D:\Keil_v5\C51\BIN\C51.EXE ..\..\Src\03_Sensor\HC-SR04\ultrasonic_sort.c LARGE OPTIMIZE(0,SPEED) IN
                    -CDIR(..\..\Inc;..\..\..\..\Kernel\Inc) DEBUG OBJECTEXTEND PRINT(.\Listings\ultrasonic_sort.lst) OBJECT(.\Objects\ultraso
                    -nic_sort.obj)

line level    source

   1          #include "hrtos_hal.h"
   2          
   3          
   4          /*------------------------------------------------
   5           * 数据排序
   6           *
   7           * 功能：
   8           *     将采样数据按照从小到大排列
   9           *------------------------------------------------*/
  10          void drv_ultrasonic_sort(void)
  11          {
  12   1          unsigned char i;
  13   1          unsigned char j;
  14   1      
  15   1          unsigned int temp;
  16   1      
  17   1      
  18   1          for(i = 0;
  19   1              i < DRV_ULTRASONIC_SAMPLE_MAX - 1;
  20   1              i++)
  21   1          {
  22   2              for(j = 0;
  23   2                  j < DRV_ULTRASONIC_SAMPLE_MAX - i - 1;
  24   2                  j++)
  25   2              {
  26   3                  if(ultrasonic_buffer[j] >
  27   3                     ultrasonic_buffer[j + 1])
  28   3                  {
  29   4                      temp = ultrasonic_buffer[j];
  30   4      
  31   4                      ultrasonic_buffer[j] =
  32   4                          ultrasonic_buffer[j + 1];
  33   4      
  34   4                      ultrasonic_buffer[j + 1] =
  35   4                          temp;
  36   4                  }
  37   3              }
  38   2          }
  39   1      }


MODULE INFORMATION:   STATIC OVERLAYABLE
   CODE SIZE        =    205    ----
   CONSTANT SIZE    =   ----    ----
   XDATA SIZE       =      4    ----
   PDATA SIZE       =   ----    ----
   DATA SIZE        =   ----    ----
   IDATA SIZE       =   ----    ----
   BIT SIZE         =   ----    ----
END OF MODULE INFORMATION.


C51 COMPILATION COMPLETE.  0 WARNING(S),  0 ERROR(S)
