C51 COMPILER V9.60.7.0   ULTRASONIC_INIT                                                   09/06/2026 11:58:07 PAGE 1   


C51 COMPILER V9.60.7.0, COMPILATION OF MODULE ULTRASONIC_INIT
OBJECT MODULE PLACED IN .\Objects\ultrasonic_init.obj
COMPILER INVOKED BY: D:\Keil_v5\C51\BIN\C51.EXE ..\..\Src\03_Sensor\HC-SR04\ultrasonic_init.c LARGE OPTIMIZE(0,SPEED) IN
                    -CDIR(..\..\Inc;..\..\..\..\Kernel\Inc) DEBUG OBJECTEXTEND PRINT(.\Listings\ultrasonic_init.lst) OBJECT(.\Objects\ultraso
                    -nic_init.obj)

line level    source

   1          #include "hrtos_hal.h"
   2          
   3          
   4          /*------------------------------------------------
   5           * 内部采样缓存
   6           *------------------------------------------------*/
   7          unsigned int
   8          ultrasonic_buffer[DRV_ULTRASONIC_SAMPLE_MAX];
   9          
  10          /*------------------------------------------------
  11           * 超声波初始化
  12           *
  13           * Timer1：
  14           *     工作方式1
  15           *     16位定时器
  16           *------------------------------------------------*/
  17          void drv_ultrasonic_init(void)
  18          {
  19   1          /*
  20   1           * 设置Timer1为工作方式1
  21   1           *
  22   1           * TMOD高4位：
  23   1           *     0001
  24   1           */
  25   1          TMOD &= 0x0F;
  26   1          TMOD |= 0x10;
  27   1      
  28   1      
  29   1          /* Timer1初值清零 */
  30   1          TH1 = 0;
  31   1          TL1 = 0;
  32   1      
  33   1      
  34   1          /* 停止Timer1 */
  35   1          TR1 = 0;
  36   1      }


MODULE INFORMATION:   STATIC OVERLAYABLE
   CODE SIZE        =     15    ----
   CONSTANT SIZE    =   ----    ----
   XDATA SIZE       =     16    ----
   PDATA SIZE       =   ----    ----
   DATA SIZE        =   ----    ----
   IDATA SIZE       =   ----    ----
   BIT SIZE         =   ----    ----
END OF MODULE INFORMATION.


C51 COMPILATION COMPLETE.  0 WARNING(S),  0 ERROR(S)
