C51 COMPILER V9.60.7.0   1602                                                              08/28/2026 20:36:41 PAGE 1   


C51 COMPILER V9.60.7.0, COMPILATION OF MODULE 1602
OBJECT MODULE PLACED IN .\Objects\1602.obj
COMPILER INVOKED BY: D:\Keil_v5\C51\BIN\C51.EXE ..\02_Display\1602.c LARGE OPTIMIZE(0,SPEED) BROWSE MODDP2 INCDIR(..\..\
                    -Inc;..\..\..\..\Kernel\Inc) DEBUG OBJECTEXTEND PRINT(.\Listings\1602.lst) OBJECT(.\Objects\1602.obj)

line level    source

   1          #include "hrtos_hal.h"
   2          
   3          
   4          /**
   5           * @brief LCD1602显示示例
   6           *
   7           * 功能：
   8           *  第1行显示：HRTOS 4.0
   9           *  第2行显示：LCD1602 Demo
  10           */
  11          void app_lcd1602_example(void)
  12          {
  13   1          
  14   1              /* LCD1602初始化 */
  15   1          drv_lcd1602_init();
  16   1      
  17   1          /* 第1行 */
  18   1          drv_lcd1602_set_cursor(0, 0);
  19   1          drv_lcd1602_write_string("HRTOS 4.0");
  20   1      
  21   1          /* 第2行 */
  22   1          drv_lcd1602_set_cursor(0, 1);
  23   1          drv_lcd1602_write_string("LCD1602 Demo");
  24   1              
  25   1              while(1);
  26   1      }
  27          
  28          void hrtos_main()
  29          {
  30   1      
  31   1              os_task_create(app_lcd1602_example,2,2,5);
  32   1      }


MODULE INFORMATION:   STATIC OVERLAYABLE
   CODE SIZE        =     62    ----
   CONSTANT SIZE    =     23    ----
   XDATA SIZE       =   ----    ----
   PDATA SIZE       =   ----    ----
   DATA SIZE        =   ----    ----
   IDATA SIZE       =   ----    ----
   BIT SIZE         =   ----    ----
END OF MODULE INFORMATION.


C51 COMPILATION COMPLETE.  0 WARNING(S),  0 ERROR(S)
