C51 COMPILER V9.60.7.0   AD                                                                09/01/2026 21:56:57 PAGE 1   


C51 COMPILER V9.60.7.0, COMPILATION OF MODULE AD
OBJECT MODULE PLACED IN .\Objects\AD.obj
COMPILER INVOKED BY: D:\Keil_v5\C51\BIN\C51.EXE ..\03_Sensor\AD.c LARGE OPTIMIZE(0,SPEED) BROWSE MODDP2 INCDIR(..\..\Inc
                    -;..\..\..\..\Kernel\Inc) DEBUG OBJECTEXTEND PRINT(.\Listings\AD.lst) OBJECT(.\Objects\AD.obj)

line level    source

   1          
   2          #include "hrtos.h"
   3          #include "hrtos_hal.h"
   4          
   5          /*
   6           * =========================================================
   7           * ADC + 4位数码管显示示例
   8           * ---------------------------------------------------------
   9           * 功能：
  10           * 1. 初始化ADC
  11           * 2. 初始化4位数码管
  12           * 3. 使用ADC读取P1.0模拟输入
  13           * 4. 数码管实时显示ADC转换结果
  14           *
  15           * ADC转换结果范围：
  16           * 0 ~ 1023
  17           * =========================================================
  18           */
  19          
  20          
  21          /*------------------------------------------------
  22           * ADC显示任务
  23           *------------------------------------------------*/
  24          void task_adc_display(void)
  25          {
  26   1          unsigned int adc_value;
  27   1      
  28   1          while(1)
  29   1          {
  30   2              /* 获取ADC转换结果 */
  31   2              adc_value = drv_adc_get_value(7);
  32   2      
  33   2              /* 显示ADC结果 */
  34   2              drv_seg_display(0, adc_value / 1000);
  35   2              drv_seg_display(1, adc_value / 100 % 10);
  36   2              drv_seg_display(2, adc_value / 10 % 10);
  37   2              drv_seg_display(3, adc_value % 10);
  38   2      
  39   2              /*
  40   2               * 数码管动态扫描
  41   2               * 不需要延时，由任务持续刷新
  42   2               */
  43   2          }
  44   1      }
  45          
  46          
  47          /**
  48           * @brief ADC + 数码管示例初始化
  49           */
  50          void hrtos_main(void)
  51          {
  52   1      
  53   1          /* 初始化数码管 */
  54   1          drv_seg_init();
C51 COMPILER V9.60.7.0   AD                                                                09/01/2026 21:56:57 PAGE 2   

  55   1      
  56   1          /* 创建ADC显示任务 */
  57   1          os_task_create(
  58   1              task_adc_display,
  59   1              2,
  60   1              2,
  61   1              4
  62   1          );
  63   1          
  64   1      }
  65          


MODULE INFORMATION:   STATIC OVERLAYABLE
   CODE SIZE        =    139    ----
   CONSTANT SIZE    =   ----    ----
   XDATA SIZE       =      2    ----
   PDATA SIZE       =   ----    ----
   DATA SIZE        =   ----    ----
   IDATA SIZE       =   ----    ----
   BIT SIZE         =   ----    ----
END OF MODULE INFORMATION.


C51 COMPILATION COMPLETE.  0 WARNING(S),  0 ERROR(S)
