C51 COMPILER V9.60.7.0   DHT11                                                             09/08/2026 20:42:12 PAGE 1   


C51 COMPILER V9.60.7.0, COMPILATION OF MODULE DHT11
OBJECT MODULE PLACED IN .\Objects\DHT11.obj
COMPILER INVOKED BY: D:\Keil_v5\C51\BIN\C51.EXE ..\03_Sensor\DHT11.c LARGE OPTIMIZE(0,SPEED) BROWSE MODDP2 INCDIR(..\..\
                    -Inc;..\..\..\..\Kernel\Inc) DEBUG OBJECTEXTEND PRINT(.\Listings\DHT11.lst) OBJECT(.\Objects\DHT11.obj)

line level    source

   1          
   2          #include "hrtos.h"
   3          #include "hrtos_hal.h"
   4          
   5          /*
   6           * =========================================================
   7           * DHT11 + 4位数码管显示示例
   8           * ---------------------------------------------------------
   9           * 功能：
  10           * 1. 初始化DHT11
  11           * 2. 初始化4位数码管
  12           * 3. 读取DHT11温度和湿度
  13           * 4. 使用数码管显示温度和湿度
  14           *
  15           * 显示格式：
  16           * 温度：0025
  17           * 湿度：0060
  18           *
  19           * 数码管每隔一段时间在温度和湿度之间切换
  20           * =========================================================
  21           */
  22          
  23          
  24          /*------------------------------------------------
  25           * DHT11数据
  26           *------------------------------------------------*/
  27          unsigned char dht11_humidity;
  28          unsigned char dht11_temperature;
  29          
  30          
  31          /*------------------------------------------------
  32           * 显示数据
  33           *
  34           * 0：显示温度
  35           * 1：显示湿度
  36           *------------------------------------------------*/
  37          unsigned char sensor_display_mode = 0;
  38          
  39          
  40          /*------------------------------------------------
  41           * 传感器读取任务
  42           *
  43           * 周期读取DHT11温湿度数据
  44           *------------------------------------------------*/
  45          void task_dht11_read(void)
  46          {
  47   1          while(1)
  48   1          {
  49   2              /*
  50   2               * 读取DHT11
  51   2               *
  52   2               * 返回：
  53   2               * 0 - 成功
  54   2               * 1 - 失败
C51 COMPILER V9.60.7.0   DHT11                                                             09/08/2026 20:42:12 PAGE 2   

  55   2               */
  56   2              drv_dht11_read(
  57   2                  &dht11_humidity,
  58   2                  &dht11_temperature
  59   2              );
  60   2      
  61   2              /*
  62   2               * DHT11需要一定的读取间隔
  63   2               */
  64   2              os_delay(100);
  65   2          }
  66   1      }
  67          
  68          
  69          /*------------------------------------------------
  70           * 数码管显示任务
  71           *
  72           * 持续进行动态扫描
  73           *------------------------------------------------*/
  74          void task_seg_display(void)
  75          {
  76   1          unsigned char value;
  77   1      
  78   1          while(1)
  79   1          {
  80   2              /* 根据当前显示模式选择数据 */
  81   2              if(sensor_display_mode == 0)
  82   2              {
  83   3                  /* 显示温度 */
  84   3                  value = dht11_temperature;
  85   3              }
  86   2              else
  87   2              {
  88   3                  /* 显示湿度 */
  89   3                  value = dht11_humidity;
  90   3              }
  91   2      
  92   2              /*
  93   2               * 显示4位数据
  94   2               *
  95   2               * 例如：
  96   2               * 温度25 -> 0025
  97   2               * 湿度60 -> 0060
  98   2               */
  99   2              drv_seg_display(0, value / 1000);
 100   2              drv_seg_display(1, value / 100 % 10);
 101   2              drv_seg_display(2, value / 10 % 10);
 102   2              drv_seg_display(3, value % 10);
 103   2          }
 104   1      }
 105          
 106          
 107          /*------------------------------------------------
 108           * 显示切换任务
 109           *
 110           * 温度、湿度交替显示
 111           *------------------------------------------------*/
 112          void task_display_switch(void)
 113          {
 114   1          while(1)
 115   1          {
 116   2              os_delay(300);
C51 COMPILER V9.60.7.0   DHT11                                                             09/08/2026 20:42:12 PAGE 3   

 117   2      
 118   2              /* 切换显示内容 */
 119   2              if(sensor_display_mode == 0)
 120   2              {
 121   3                  sensor_display_mode = 1;
 122   3              }
 123   2              else
 124   2              {
 125   3                  sensor_display_mode = 0;
 126   3              }
 127   2          }
 128   1      }
 129          
 130          
 131          /**
 132           * @brief DHT11传感器示例初始化
 133           */
 134          void hrtos_main(void)
 135          {
 136   1          /* 初始化DHT11 */
 137   1          drv_dht11_init();
 138   1      
 139   1          /* 初始化数码管 */
 140   1          drv_seg_init();
 141   1      
 142   1          /* 创建DHT11读取任务 */
 143   1          os_task_create(
 144   1              task_dht11_read,
 145   1              2,
 146   1              3,
 147   1              4
 148   1          );
 149   1      
 150   1          /* 创建数码管显示任务 */
 151   1          os_task_create(
 152   1              task_seg_display,
 153   1              3,
 154   1              2,
 155   1              4
 156   1          );
 157   1      
 158   1          /* 创建显示切换任务 */
 159   1          os_task_create(
 160   1              task_display_switch,
 161   1              4,
 162   1              2,
 163   1              4
 164   1          );
 165   1      }
 166          


MODULE INFORMATION:   STATIC OVERLAYABLE
   CODE SIZE        =    253    ----
   CONSTANT SIZE    =   ----    ----
   XDATA SIZE       =      4    ----
   PDATA SIZE       =   ----    ----
   DATA SIZE        =   ----    ----
   IDATA SIZE       =   ----    ----
   BIT SIZE         =   ----    ----
END OF MODULE INFORMATION.


C51 COMPILATION COMPLETE.  0 WARNING(S),  0 ERROR(S)
