C51 COMPILER V9.60.7.0   IR                                                                09/04/2026 20:26:15 PAGE 1   


C51 COMPILER V9.60.7.0, COMPILATION OF MODULE IR
OBJECT MODULE PLACED IN .\Objects\ir.obj
COMPILER INVOKED BY: D:\Keil_v5\C51\BIN\C51.EXE ..\03_Sensor\ir.c LARGE OPTIMIZE(0,SPEED) BROWSE MODDP2 INCDIR(..\..\Inc
                    -;..\..\..\..\Kernel\Inc) DEBUG OBJECTEXTEND PRINT(.\Listings\ir.lst) OBJECT(.\Objects\ir.obj)

line level    source

   1          
   2          #include "hrtos.h"
   3          #include "hrtos_hal.h"
   4          
   5          /*
   6           * =========================================================
   7           * 红外避障 + 4位数码管显示示例
   8           * ---------------------------------------------------------
   9           * 功能：
  10           * 1. 初始化红外避障传感器
  11           * 2. 读取红外避障状态
  12           * 3. 使用4位数码管显示检测状态
  13           *
  14           * 显示：
  15           *     0000：检测到障碍物
  16           *     0001：未检测到障碍物
  17           * =========================================================
  18           */
  19          
  20          
  21          /*------------------------------------------------
  22           * 红外避障状态
  23           *------------------------------------------------*/
  24          unsigned char ir_state = 1;
  25          
  26          
  27          /*------------------------------------------------
  28           * 红外避障读取任务
  29           *------------------------------------------------*/
  30          void task_ir_read(void)
  31          {
  32   1          while(1)
  33   1          {
  34   2              /* 读取红外避障状态 */
  35   2              ir_state = drv_ir_read();
  36   2      
  37   2              /*
  38   2               * 周期读取传感器状态
  39   2               */
  40   2              os_delay_ms(50);
  41   2          }
  42   1      }
  43          
  44          
  45          /*------------------------------------------------
  46           * 数码管显示任务
  47           *------------------------------------------------*/
  48          void task_seg_display(void)
  49          {
  50   1          while(1)
  51   1          {
  52   2              /*
  53   2               * 显示红外避障状态
  54   2               *
C51 COMPILER V9.60.7.0   IR                                                                09/04/2026 20:26:15 PAGE 2   

  55   2               * 0：检测到障碍物
  56   2               * 1：未检测到障碍物
  57   2               */
  58   2              drv_seg_display(0, 0);
  59   2              drv_seg_display(1, 0);
  60   2              drv_seg_display(2, 0);
  61   2              drv_seg_display(3, ir_state);
  62   2          }
  63   1      }
  64          
  65          
  66          /**
  67           * @brief 红外避障示例初始化
  68           */
  69          void hrtos_main(void)
  70          {
  71   1          /* 初始化红外避障传感器 */
  72   1          drv_ir_init();
  73   1      
  74   1          /* 初始化数码管 */
  75   1          drv_seg_init();
  76   1      
  77   1          /* 创建红外避障读取任务 */
  78   1          os_task_create(
  79   1              task_ir_read,
  80   1              2,
  81   1              2,
  82   1              4
  83   1          );
  84   1      
  85   1          /* 创建数码管显示任务 */
  86   1          os_task_create(
  87   1              task_seg_display,
  88   1              3,
  89   1              2,
  90   1              4
  91   1          );
  92   1      }
  93          


MODULE INFORMATION:   STATIC OVERLAYABLE
   CODE SIZE        =    103    ----
   CONSTANT SIZE    =   ----    ----
   XDATA SIZE       =      1    ----
   PDATA SIZE       =   ----    ----
   DATA SIZE        =   ----    ----
   IDATA SIZE       =   ----    ----
   BIT SIZE         =   ----    ----
END OF MODULE INFORMATION.


C51 COMPILATION COMPLETE.  0 WARNING(S),  0 ERROR(S)
