C51 COMPILER V9.60.7.0   KEY                                                               08/28/2026 20:04:46 PAGE 1   


C51 COMPILER V9.60.7.0, COMPILATION OF MODULE KEY
OBJECT MODULE PLACED IN .\Objects\key.obj
COMPILER INVOKED BY: D:\Keil_v5\C51\BIN\C51.EXE ..\01_Basic\key.c LARGE OPTIMIZE(0,SPEED) BROWSE MODDP2 INCDIR(..\..\Inc
                    -;..\..\..\..\Kernel\Inc) DEBUG OBJECTEXTEND PRINT(.\Listings\key.lst) OBJECT(.\Objects\key.obj)

line level    source

   1          #include "HRTOS.h"
   2          #include "HRTOS_HAL.h"
   3          
   4          
   5          /**
   6           * @brief  按键任务
   7           *
   8           * 扫描按键，并根据按键执行对应操作。
   9           */
  10          void task_key(void)
  11          {
  12   1          unsigned char key;
  13   1      
  14   1          key = drv_key_scan();
  15   1              
  16   1              //P1=key;while(P1!=0X00);while(1);
  17   1      
  18   1          switch(key)
  19   1          {
  20   2              case KEY_1:
  21   2                  drv_beep_on();
  22   2                  break;
  23   2      
  24   2              case KEY_2:
  25   2                  drv_beep_off();
  26   2                  break;
  27   2      
  28   2              case KEY_3:
  29   2                  drv_beep_toggle();
  30   2                  break;
  31   2      
  32   2              case KEY_4:
  33   2                  break;
  34   2      
  35   2              default:
  36   2                  break;
  37   2          }
  38   1      
  39   1          os_delay(10);
  40   1      }
  41          
  42          
  43          /**
  44           * @brief  应用初始化
  45           */
  46          void app_init(void)
  47          {
  48   1          drv_key_init();
  49   1          drv_beep_init();
  50   1      
  51   1          os_task_create(task_key,2,2,3);
  52   1      }
  53          
  54          
C51 COMPILER V9.60.7.0   KEY                                                               08/28/2026 20:04:46 PAGE 2   

  55          /**
  56           * @brief  程序入口
  57           */
  58          void hrtos_main(void)
  59          {
  60   1          app_init();
  61   1      }


MODULE INFORMATION:   STATIC OVERLAYABLE
   CODE SIZE        =     84    ----
   CONSTANT SIZE    =   ----    ----
   XDATA SIZE       =      1    ----
   PDATA SIZE       =   ----    ----
   DATA SIZE        =   ----    ----
   IDATA SIZE       =   ----    ----
   BIT SIZE         =   ----    ----
END OF MODULE INFORMATION.


C51 COMPILATION COMPLETE.  0 WARNING(S),  0 ERROR(S)
