C51 COMPILER V9.60.7.0   OLED                                                              08/28/2026 20:59:26 PAGE 1   


C51 COMPILER V9.60.7.0, COMPILATION OF MODULE OLED
OBJECT MODULE PLACED IN .\Objects\oled.obj
COMPILER INVOKED BY: D:\Keil_v5\C51\BIN\C51.EXE ..\02_Display\oled.c LARGE OPTIMIZE(0,SPEED) BROWSE MODDP2 INCDIR(..\..\
                    -Inc;..\..\..\..\Kernel\Inc) DEBUG OBJECTEXTEND PRINT(.\Listings\oled.lst) OBJECT(.\Objects\oled.obj)

line level    source

   1          
   2          #include "hrtos_hal.h"
   3          
   4          /* LED6 */
   5          sbit LED6 = P3^6;
   6          
   7          
   8          void oled_demo()
   9          {
  10   1      
  11   1              unsigned char t;
  12   1      
  13   1          drv_oled_init();
  14   1          drv_oled_clear();
  15   1      
  16   1          t = 0;
  17   1      
  18   1          drv_oled_show_string(0, 0, "HRTOS OLED TEST", 16);
  19   1          drv_oled_show_string(0, 2, "Status: RUN", 16);
  20   1          drv_oled_show_string(0, 4, "CODE:", 16);
  21   1      
  22   1          /* drv_oled_show_char(48, 6, t, 16); */
  23   1      
  24   1          while(1)
  25   1          {
  26   2              t++;
  27   2      
  28   2              if(t > 100)
  29   2              {
  30   3                  t = 0;
  31   3              }
  32   2      
  33   2              LED6 = 0;
  34   2      
  35   2              drv_oled_show_num(103, 6, t, 3, 16);
  36   2      
  37   2              os_delay_ms(20);
  38   2      
  39   2              LED6 = 1;
  40   2      
  41   2              os_delay_ms(20);
  42   2          }
  43   1      }
  44          
  45          void hrtos_main(void)
  46          {
  47   1          os_task_create(oled_demo,2,2,5);
  48   1      }


MODULE INFORMATION:   STATIC OVERLAYABLE
   CODE SIZE        =    156    ----
   CONSTANT SIZE    =     34    ----
   XDATA SIZE       =      1    ----
C51 COMPILER V9.60.7.0   OLED                                                              08/28/2026 20:59:26 PAGE 2   

   PDATA SIZE       =   ----    ----
   DATA SIZE        =   ----    ----
   IDATA SIZE       =   ----    ----
   BIT SIZE         =   ----    ----
END OF MODULE INFORMATION.


C51 COMPILATION COMPLETE.  0 WARNING(S),  0 ERROR(S)
