C51 COMPILER V9.60.7.0   DELAY_US                                                          08/18/2026 22:11:51 PAGE 1   


C51 COMPILER V9.60.7.0, COMPILATION OF MODULE DELAY_US
OBJECT MODULE PLACED IN .\Objects\delay_us.obj
COMPILER INVOKED BY: D:\Keil_v5\C51\BIN\C51.EXE ..\..\Src\02_Display\LCD1602\delay_us.c LARGE OPTIMIZE(0,SPEED) INCDIR(.
                    -.\..\Inc;..\..\..\..\Kernel\Inc) DEBUG OBJECTEXTEND PRINT(.\Listings\delay_us.lst) OBJECT(.\Objects\delay_us.obj)

line level    source

   1          #include "hrtos_hal.h"
   2          
   3          
   4          void delay_us(void)
   5          {
   6   1          ;
   7   1      }


MODULE INFORMATION:   STATIC OVERLAYABLE
   CODE SIZE        =      1    ----
   CONSTANT SIZE    =   ----    ----
   XDATA SIZE       =   ----    ----
   PDATA SIZE       =   ----    ----
   DATA SIZE        =   ----    ----
   IDATA SIZE       =   ----    ----
   BIT SIZE         =   ----    ----
END OF MODULE INFORMATION.


C51 COMPILATION COMPLETE.  0 WARNING(S),  0 ERROR(S)
