C51 COMPILER V9.60.7.0   OLED_WRITE_COMMAND                                                08/28/2026 20:45:45 PAGE 1   


C51 COMPILER V9.60.7.0, COMPILATION OF MODULE OLED_WRITE_COMMAND
OBJECT MODULE PLACED IN .\Objects\oled_write_command.obj
COMPILER INVOKED BY: D:\Keil_v5\C51\BIN\C51.EXE ..\..\Src\02_Display\OLED\oled_write_command.c LARGE OPTIMIZE(0,SPEED) I
                    -NCDIR(..\..\Inc;..\..\..\..\Kernel\Inc) DEBUG OBJECTEXTEND PRINT(.\Listings\oled_write_command.lst) OBJECT(.\Objects\ole
                    -d_write_command.obj)

line level    source

   1          #include "hrtos_hal.h"
   2          
   3          
   4          /*------------------------------------------------
   5           * –¥OLED√¸¡Ó
   6           *------------------------------------------------*/
   7          void drv_oled_write_command(unsigned char cmd)
   8          {
   9   1          drv_oled_iic_start();
  10   1      
  11   1          drv_oled_iic_write_byte(0x78);
  12   1          drv_oled_iic_wait_ack();
  13   1      
  14   1          drv_oled_iic_write_byte(0x00);
  15   1          drv_oled_iic_wait_ack();
  16   1      
  17   1          drv_oled_iic_write_byte(cmd);
  18   1          drv_oled_iic_wait_ack();
  19   1      
  20   1          drv_oled_iic_stop();
  21   1      }


MODULE INFORMATION:   STATIC OVERLAYABLE
   CODE SIZE        =     39    ----
   CONSTANT SIZE    =   ----    ----
   XDATA SIZE       =      1    ----
   PDATA SIZE       =   ----    ----
   DATA SIZE        =   ----    ----
   IDATA SIZE       =   ----    ----
   BIT SIZE         =   ----    ----
END OF MODULE INFORMATION.


C51 COMPILATION COMPLETE.  0 WARNING(S),  0 ERROR(S)
