C51 COMPILER V9.60.7.0   OLED_IIC_WRITE_BYTE                                               08/28/2026 20:45:44 PAGE 1   


C51 COMPILER V9.60.7.0, COMPILATION OF MODULE OLED_IIC_WRITE_BYTE
OBJECT MODULE PLACED IN .\Objects\oled_iic_write_byte.obj
COMPILER INVOKED BY: D:\Keil_v5\C51\BIN\C51.EXE ..\..\Src\02_Display\OLED\oled_iic_write_byte.c LARGE OPTIMIZE(0,SPEED) 
                    -INCDIR(..\..\Inc;..\..\..\..\Kernel\Inc) DEBUG OBJECTEXTEND PRINT(.\Listings\oled_iic_write_byte.lst) OBJECT(.\Objects\o
                    -led_iic_write_byte.obj)

line level    source

   1          #include "hrtos_hal.h"
   2          
   3          
   4          /*------------------------------------------------
   5           * 软件IIC写一个字节
   6           *------------------------------------------------*/
   7          void drv_oled_iic_write_byte(unsigned char _data)
   8          {
   9   1          unsigned char i;
  10   1      
  11   1          OLED_SCLK_CLR();
  12   1      
  13   1          for(i = 0; i < 8; i++)
  14   1          {
  15   2              if(_data & 0x80)
  16   2              {
  17   3                  OLED_SDIN_SET();
  18   3              }
  19   2              else
  20   2              {
  21   3                  OLED_SDIN_CLR();
  22   3              }
  23   2      
  24   2              _data <<= 1;
  25   2      
  26   2              OLED_SCLK_SET();
  27   2              OLED_SCLK_CLR();
  28   2          }
  29   1      }


MODULE INFORMATION:   STATIC OVERLAYABLE
   CODE SIZE        =     54    ----
   CONSTANT SIZE    =   ----    ----
   XDATA SIZE       =      2    ----
   PDATA SIZE       =   ----    ----
   DATA SIZE        =   ----    ----
   IDATA SIZE       =   ----    ----
   BIT SIZE         =   ----    ----
END OF MODULE INFORMATION.


C51 COMPILATION COMPLETE.  0 WARNING(S),  0 ERROR(S)
