C51 COMPILER V9.60.7.0   OLED_FILL                                                         08/28/2026 20:45:43 PAGE 1   


C51 COMPILER V9.60.7.0, COMPILATION OF MODULE OLED_FILL
OBJECT MODULE PLACED IN .\Objects\oled_fill.obj
COMPILER INVOKED BY: D:\Keil_v5\C51\BIN\C51.EXE ..\..\Src\02_Display\OLED\oled_fill.c LARGE OPTIMIZE(0,SPEED) INCDIR(..\
                    -..\Inc;..\..\..\..\Kernel\Inc) DEBUG OBJECTEXTEND PRINT(.\Listings\oled_fill.lst) OBJECT(.\Objects\oled_fill.obj)

line level    source

   1          #include "hrtos_hal.h"
   2          
   3          
   4          /*------------------------------------------------
   5           * OLEDÈ«ÆÁÌî³ä
   6           *
   7           * _data = 0x00£ºÈ«ºÚ
   8           * _data = 0xFF£ºÈ«ÁÁ
   9           *------------------------------------------------*/
  10          void drv_oled_fill(unsigned char _data)
  11          {
  12   1          unsigned char page;
  13   1          unsigned char column;
  14   1      
  15   1          for(page = 0; page < 8; page++)
  16   1          {
  17   2              drv_oled_write_command(0xB0 + page);
  18   2              drv_oled_write_command(0x02);
  19   2              drv_oled_write_command(0x10);
  20   2      
  21   2              for(column = 0; column < 128; column++)
  22   2              {
  23   3                  drv_oled_write_data(_data);
  24   3              }
  25   2          }
  26   1      }


MODULE INFORMATION:   STATIC OVERLAYABLE
   CODE SIZE        =     75    ----
   CONSTANT SIZE    =   ----    ----
   XDATA SIZE       =      3    ----
   PDATA SIZE       =   ----    ----
   DATA SIZE        =   ----    ----
   IDATA SIZE       =   ----    ----
   BIT SIZE         =   ----    ----
END OF MODULE INFORMATION.


C51 COMPILATION COMPLETE.  0 WARNING(S),  0 ERROR(S)
