C51 COMPILER V9.60.7.0   OLED_SHOW_CHINESE                                                 08/28/2026 20:45:45 PAGE 1   


C51 COMPILER V9.60.7.0, COMPILATION OF MODULE OLED_SHOW_CHINESE
OBJECT MODULE PLACED IN .\Objects\oled_show_chinese.obj
COMPILER INVOKED BY: D:\Keil_v5\C51\BIN\C51.EXE ..\..\Src\02_Display\OLED\oled_show_chinese.c LARGE OPTIMIZE(0,SPEED) IN
                    -CDIR(..\..\Inc;..\..\..\..\Kernel\Inc) DEBUG OBJECTEXTEND PRINT(.\Listings\oled_show_chinese.lst) OBJECT(.\Objects\oled_
                    -show_chinese.obj)

line level    source

   1          #include "hrtos_hal.h"
   2          
   3          /*------------------------------------------------
   4           * OLEDÏÔÊ¾ºº×Ö
   5           *------------------------------------------------*/
   6          void drv_oled_show_chinese(unsigned char x,
   7                                     unsigned char y,
   8                                     unsigned char no)
   9          {
  10   1          unsigned char i;
  11   1      
  12   1          drv_oled_set_pos(x, y);
  13   1      
  14   1          for(i = 0; i < 16; i++)
  15   1          {
  16   2              drv_oled_write_data(Hzk[2 * no][i]);
  17   2          }
  18   1      
  19   1          drv_oled_set_pos(x, y + 1);
  20   1      
  21   1          for(i = 0; i < 16; i++)
  22   1          {
  23   2              drv_oled_write_data(Hzk[2 * no + 1][i]);
  24   2          }
  25   1      }


MODULE INFORMATION:   STATIC OVERLAYABLE
   CODE SIZE        =    154    ----
   CONSTANT SIZE    =   ----    ----
   XDATA SIZE       =      4    ----
   PDATA SIZE       =   ----    ----
   DATA SIZE        =   ----    ----
   IDATA SIZE       =   ----    ----
   BIT SIZE         =   ----    ----
END OF MODULE INFORMATION.


C51 COMPILATION COMPLETE.  0 WARNING(S),  0 ERROR(S)
