C51 COMPILER V9.60.7.0   OLED_IIC_WAIT_ACK                                                 08/28/2026 20:45:44 PAGE 1   


C51 COMPILER V9.60.7.0, COMPILATION OF MODULE OLED_IIC_WAIT_ACK
OBJECT MODULE PLACED IN .\Objects\oled_iic_wait_ack.obj
COMPILER INVOKED BY: D:\Keil_v5\C51\BIN\C51.EXE ..\..\Src\02_Display\OLED\oled_iic_wait_ack.c LARGE OPTIMIZE(0,SPEED) IN
                    -CDIR(..\..\Inc;..\..\..\..\Kernel\Inc) DEBUG OBJECTEXTEND PRINT(.\Listings\oled_iic_wait_ack.lst) OBJECT(.\Objects\oled_
                    -iic_wait_ack.obj)

line level    source

   1          #include "hrtos_hal.h"
   2          
   3          
   4          /*------------------------------------------------
   5           * 等待IIC应答
   6           *
   7           * 当前OLED模块采用固定时序，
   8           * 不读取SDA，因此仅产生一个时钟。
   9           *------------------------------------------------*/
  10          void drv_oled_iic_wait_ack(void)
  11          {
  12   1          OLED_SCLK_SET();
  13   1          OLED_SCLK_CLR();
  14   1      }


MODULE INFORMATION:   STATIC OVERLAYABLE
   CODE SIZE        =      5    ----
   CONSTANT SIZE    =   ----    ----
   XDATA SIZE       =   ----    ----
   PDATA SIZE       =   ----    ----
   DATA SIZE        =   ----    ----
   IDATA SIZE       =   ----    ----
   BIT SIZE         =   ----    ----
END OF MODULE INFORMATION.


C51 COMPILATION COMPLETE.  0 WARNING(S),  0 ERROR(S)
