C51 COMPILER V9.60.7.0   OLED_SHOW_CHAR                                                    08/28/2026 20:45:45 PAGE 1   


C51 COMPILER V9.60.7.0, COMPILATION OF MODULE OLED_SHOW_CHAR
OBJECT MODULE PLACED IN .\Objects\oled_show_char.obj
COMPILER INVOKED BY: D:\Keil_v5\C51\BIN\C51.EXE ..\..\Src\02_Display\OLED\oled_show_char.c LARGE OPTIMIZE(0,SPEED) INCDI
                    -R(..\..\Inc;..\..\..\..\Kernel\Inc) DEBUG OBJECTEXTEND PRINT(.\Listings\oled_show_char.lst) OBJECT(.\Objects\oled_show_c
                    -har.obj)

line level    source

   1          #include "hrtos_hal.h"
   2          
   3          
   4          /*------------------------------------------------
   5           * OLEDÏÔÊ¾×Ö·û
   6           *
   7           * size = 16£º8x16
   8           * size = 8 £º6x8
   9           *------------------------------------------------*/
  10          void drv_oled_show_char(unsigned char x,
  11                                  unsigned char y,
  12                                  unsigned char chr,
  13                                  unsigned char size)
  14          {
  15   1          unsigned char c;
  16   1          unsigned char i;
  17   1      
  18   1          c = chr - ' ';
  19   1      
  20   1          if(x > DRV_OLED_WIDTH - 1)
  21   1          {
  22   2              x = 0;
  23   2              y += 2;
  24   2          }
  25   1      
  26   1          if(size == 16)
  27   1          {
  28   2              drv_oled_set_pos(x, y);
  29   2      
  30   2              for(i = 0; i < 8; i++)
  31   2              {
  32   3                  drv_oled_write_data(F8X16[c * 16 + i]);
  33   3              }
  34   2      
  35   2              drv_oled_set_pos(x, y + 1);
  36   2      
  37   2              for(i = 0; i < 8; i++)
  38   2              {
  39   3                  drv_oled_write_data(F8X16[c * 16 + i + 8]);
  40   3              }
  41   2          }
  42   1          else
  43   1          {
  44   2              drv_oled_set_pos(x, y);
  45   2      
  46   2              for(i = 0; i < 6; i++)
  47   2              {
  48   3                  drv_oled_write_data(F6x8[c][i]);
  49   3              }
  50   2          }
  51   1      }


C51 COMPILER V9.60.7.0   OLED_SHOW_CHAR                                                    08/28/2026 20:45:45 PAGE 2   

MODULE INFORMATION:   STATIC OVERLAYABLE
   CODE SIZE        =    273    ----
   CONSTANT SIZE    =   ----    ----
   XDATA SIZE       =      6    ----
   PDATA SIZE       =   ----    ----
   DATA SIZE        =   ----    ----
   IDATA SIZE       =   ----    ----
   BIT SIZE         =   ----    ----
END OF MODULE INFORMATION.


C51 COMPILATION COMPLETE.  0 WARNING(S),  0 ERROR(S)
