C51 COMPILER V9.60.7.0   BEEP_OFF                                                          08/28/2026 19:52:31 PAGE 1   


C51 COMPILER V9.60.7.0, COMPILATION OF MODULE BEEP_OFF
OBJECT MODULE PLACED IN .\Objects\beep_off.obj
COMPILER INVOKED BY: D:\Keil_v5\C51\BIN\C51.EXE ..\..\Src\01_Basic\Buzzer\beep_off.c LARGE OPTIMIZE(0,SPEED) INCDIR(..\.
                    -.\Inc;..\..\..\..\Kernel\Inc) DEBUG OBJECTEXTEND PRINT(.\Listings\beep_off.lst) OBJECT(.\Objects\beep_off.obj)

line level    source

   1          #include "hrtos_hal.h"
   2          
   3          
   4          
   5          /**
   6           * @brief  ¹Ø±Õ·äÃùÆ÷
   7           */
   8          void drv_beep_off(void)
   9          {
  10   1          beep = BEEP_OFF;
  11   1      }


MODULE INFORMATION:   STATIC OVERLAYABLE
   CODE SIZE        =      3    ----
   CONSTANT SIZE    =   ----    ----
   XDATA SIZE       =   ----    ----
   PDATA SIZE       =   ----    ----
   DATA SIZE        =   ----    ----
   IDATA SIZE       =   ----    ----
   BIT SIZE         =   ----    ----
END OF MODULE INFORMATION.


C51 COMPILATION COMPLETE.  0 WARNING(S),  0 ERROR(S)
