C51 COMPILER V9.60.7.0   BEEP_ON                                                           08/28/2026 19:52:31 PAGE 1   


C51 COMPILER V9.60.7.0, COMPILATION OF MODULE BEEP_ON
OBJECT MODULE PLACED IN .\Objects\beep_on.obj
COMPILER INVOKED BY: D:\Keil_v5\C51\BIN\C51.EXE ..\..\Src\01_Basic\Buzzer\beep_on.c LARGE OPTIMIZE(0,SPEED) INCDIR(..\..
                    -\Inc;..\..\..\..\Kernel\Inc) DEBUG OBJECTEXTEND PRINT(.\Listings\beep_on.lst) OBJECT(.\Objects\beep_on.obj)

line level    source

   1          #include "hrtos_hal.h"
   2          
   3          
   4          
   5          
   6          /**
   7           * @brief  ´ò¿ª·äÃùÆ÷
   8           */
   9          void drv_beep_on(void)
  10          {
  11   1          beep = BEEP_ON;
  12   1      }
  13          


MODULE INFORMATION:   STATIC OVERLAYABLE
   CODE SIZE        =      3    ----
   CONSTANT SIZE    =   ----    ----
   XDATA SIZE       =   ----    ----
   PDATA SIZE       =   ----    ----
   DATA SIZE        =   ----    ----
   IDATA SIZE       =   ----    ----
   BIT SIZE         =   ----    ----
END OF MODULE INFORMATION.


C51 COMPILATION COMPLETE.  0 WARNING(S),  0 ERROR(S)
