C51 COMPILER V9.60.7.0   LED_INIT                                                          08/28/2026 19:52:32 PAGE 1   


C51 COMPILER V9.60.7.0, COMPILATION OF MODULE LED_INIT
OBJECT MODULE PLACED IN .\Objects\led_init.obj
COMPILER INVOKED BY: D:\Keil_v5\C51\BIN\C51.EXE ..\..\Src\01_Basic\LED\led_init.c LARGE OPTIMIZE(0,SPEED) INCDIR(..\..\I
                    -nc;..\..\..\..\Kernel\Inc) DEBUG OBJECTEXTEND PRINT(.\Listings\led_init.lst) OBJECT(.\Objects\led_init.obj)

line level    source

   1          #include "hrtos_hal.h"
   2          
   3          
   4          /**
   5           * @brief  LED≥ı ºªØ
   6           */
   7          void drv_led_init(void)
   8          {
   9   1          
  10   1          LED_PORT = 0xff;
  11   1      }
  12          
  13          


MODULE INFORMATION:   STATIC OVERLAYABLE
   CODE SIZE        =      4    ----
   CONSTANT SIZE    =   ----    ----
   XDATA SIZE       =   ----    ----
   PDATA SIZE       =   ----    ----
   DATA SIZE        =   ----    ----
   IDATA SIZE       =   ----    ----
   BIT SIZE         =   ----    ----
END OF MODULE INFORMATION.


C51 COMPILATION COMPLETE.  0 WARNING(S),  0 ERROR(S)
