C51 COMPILER V9.60.7.0   MATRIXKEY_SCAN                                                    08/28/2026 19:52:32 PAGE 1   


C51 COMPILER V9.60.7.0, COMPILATION OF MODULE MATRIXKEY_SCAN
OBJECT MODULE PLACED IN .\Objects\matrixkey_scan.obj
COMPILER INVOKED BY: D:\Keil_v5\C51\BIN\C51.EXE ..\..\Src\01_Basic\KEY_Matrix\matrixkey_scan.c LARGE OPTIMIZE(0,SPEED) I
                    -NCDIR(..\..\Inc;..\..\..\..\Kernel\Inc) DEBUG OBJECTEXTEND PRINT(.\Listings\matrixkey_scan.lst) OBJECT(.\Objects\matrixk
                    -ey_scan.obj)

line level    source

   1          #include "hrtos_hal.h"
   2          
   3          
   4          /**
   5           * @brief  æÿ’Ûº¸≈Ã…®√Ë
   6           * @return º¸÷µ 0-F
   7           */
   8          unsigned char drv_matrixkey_scan(void)
   9          {
  10   1          unsigned char key = MATRIXKEY_NONE;
  11   1      
  12   1      
  13   1          GPIO_KEY = 0x0f;
  14   1      
  15   1          if(GPIO_KEY != 0x0f)
  16   1          {
  17   2              key = 0;
  18   2      
  19   2      
  20   2              // œ˚∂∂
  21   2              // delay(10ms);
  22   2      
  23   2      
  24   2              // ºÏ≤‚¡–
  25   2              GPIO_KEY = 0x0f;
  26   2      
  27   2              switch(GPIO_KEY)
  28   2              {
  29   3                  case 0x07:
  30   3                      key = 0;
  31   3                      break;
  32   3      
  33   3                  case 0x0b:
  34   3                      key = 1;
  35   3                      break;
  36   3      
  37   3                  case 0x0d:
  38   3                      key = 2;
  39   3                      break;
  40   3      
  41   3                  case 0x0e:
  42   3                      key = 3;
  43   3                      break;
  44   3              }
  45   2      
  46   2      
  47   2              // ºÏ≤‚––
  48   2              GPIO_KEY = 0xf0;
  49   2      
  50   2              switch(GPIO_KEY)
  51   2              {
  52   3                  case 0x70:
  53   3                      key += 0;
C51 COMPILER V9.60.7.0   MATRIXKEY_SCAN                                                    08/28/2026 19:52:32 PAGE 2   

  54   3                      break;
  55   3      
  56   3                  case 0xb0:
  57   3                      key += 4;
  58   3                      break;
  59   3      
  60   3                  case 0xd0:
  61   3                      key += 8;
  62   3                      break;
  63   3      
  64   3                  case 0xe0:
  65   3                      key += 12;
  66   3                      break;
  67   3              }
  68   2      
  69   2      
  70   2              // µ»¥˝ Õ∑≈
  71   2              while(GPIO_KEY != 0xf0);
  72   2          }
  73   1      
  74   1      
  75   1          return key;
  76   1      }


MODULE INFORMATION:   STATIC OVERLAYABLE
   CODE SIZE        =    134    ----
   CONSTANT SIZE    =   ----    ----
   XDATA SIZE       =      1    ----
   PDATA SIZE       =   ----    ----
   DATA SIZE        =   ----    ----
   IDATA SIZE       =   ----    ----
   BIT SIZE         =   ----    ----
END OF MODULE INFORMATION.


C51 COMPILATION COMPLETE.  0 WARNING(S),  0 ERROR(S)
