C51 COMPILER V9.60.7.0   PWM_STOP                                                          09/05/2026 09:18:29 PAGE 1   


C51 COMPILER V9.60.7.0, COMPILATION OF MODULE PWM_STOP
OBJECT MODULE PLACED IN .\Objects\pwm_stop.obj
COMPILER INVOKED BY: D:\Keil_v5\C51\BIN\C51.EXE ..\..\Src\05_Control\PWM\pwm_stop.c LARGE OPTIMIZE(0,SPEED) INCDIR(..\..
                    -\Inc;..\..\..\..\Kernel\Inc) DEBUG OBJECTEXTEND PRINT(.\Listings\pwm_stop.lst) OBJECT(.\Objects\pwm_stop.obj)

line level    source

   1          #include "hrtos_hal.h"
   2          
   3          
   4          /*
   5           * 函数名：drv_pwm_stop
   6           *
   7           * 功能：
   8           *      停止PCA PWM。
   9           */
  10          void drv_pwm_stop(void)
  11          {
  12   1          CR = 0;
  13   1      }


MODULE INFORMATION:   STATIC OVERLAYABLE
   CODE SIZE        =      3    ----
   CONSTANT SIZE    =   ----    ----
   XDATA SIZE       =   ----    ----
   PDATA SIZE       =   ----    ----
   DATA SIZE        =   ----    ----
   IDATA SIZE       =   ----    ----
   BIT SIZE         =   ----    ----
END OF MODULE INFORMATION.


C51 COMPILATION COMPLETE.  0 WARNING(S),  0 ERROR(S)
