C51 COMPILER V9.60.7.0   RELAY_INIT                                                        09/05/2026 09:18:29 PAGE 1   


C51 COMPILER V9.60.7.0, COMPILATION OF MODULE RELAY_INIT
OBJECT MODULE PLACED IN .\Objects\relay_init.obj
COMPILER INVOKED BY: D:\Keil_v5\C51\BIN\C51.EXE ..\..\Src\05_Control\Relay\relay_init.c LARGE OPTIMIZE(0,SPEED) INCDIR(.
                    -.\..\Inc;..\..\..\..\Kernel\Inc) DEBUG OBJECTEXTEND PRINT(.\Listings\relay_init.lst) OBJECT(.\Objects\relay_init.obj)

line level    source

   1          #include "hrtos_hal.h"
   2          
   3          /*
   4           * 继电器当前状态
   5           *
   6           * 0：关闭
   7           * 1：打开
   8           */
   9          u8 relay_state;
  10          
  11          
  12          /*
  13           * 函数名：drv_relay_init
  14           *
  15           * 功能：
  16           *      初始化继电器。
  17           *
  18           * 说明：
  19           *      初始化后默认关闭继电器，
  20           *      防止单片机启动时继电器误吸合。
  21           */
  22          void drv_relay_init(void)
  23          {
  24   1          relay_state = 0;
  25   1      
  26   1          /*
  27   1           * 关闭继电器
  28   1           */
  29   1          RELAY_IN = 0;
  30   1      
  31   1          /*
  32   1           * 使能脚保持有效
  33   1           *
  34   1           * 根据原实验程序：
  35   1           * RELAY_EN = 1
  36   1           * 为正常工作状态。
  37   1           */
  38   1          RELAY_EN = 1;
  39   1      }


MODULE INFORMATION:   STATIC OVERLAYABLE
   CODE SIZE        =     10    ----
   CONSTANT SIZE    =   ----    ----
   XDATA SIZE       =      1    ----
   PDATA SIZE       =   ----    ----
   DATA SIZE        =   ----    ----
   IDATA SIZE       =   ----    ----
   BIT SIZE         =   ----    ----
END OF MODULE INFORMATION.


C51 COMPILATION COMPLETE.  0 WARNING(S),  0 ERROR(S)
