C51 COMPILER V9.60.7.0   INT0_INIT                                                         08/28/2026 19:52:31 PAGE 1   


C51 COMPILER V9.60.7.0, COMPILATION OF MODULE INT0_INIT
OBJECT MODULE PLACED IN .\Objects\int0_init.obj
COMPILER INVOKED BY: D:\Keil_v5\C51\BIN\C51.EXE ..\..\Src\01_Basic\INT0\int0_init.c LARGE OPTIMIZE(0,SPEED) INCDIR(..\..
                    -\Inc;..\..\..\..\Kernel\Inc) DEBUG OBJECTEXTEND PRINT(.\Listings\int0_init.lst) OBJECT(.\Objects\int0_init.obj)

line level    source

   1          #include "hrtos_hal.h"
   2          
   3          /**
   4           * @brief  外部中断0初始化
   5           * @param  mode
   6           *         0: 电平触发
   7           *         1: 下降沿触发
   8           * @retval 无
   9           */
  10          void drv_int0_init(unsigned char mode)
  11          {
  12   1          EX0 = 1;      // 开启外部中断0
  13   1      
  14   1          if(mode)
  15   1          {
  16   2              IT0 = 1;  // 下降沿触发
  17   2          }
  18   1          else
  19   1          {
  20   2              IT0 = 0;  // 电平触发
  21   2          }
  22   1      }


MODULE INFORMATION:   STATIC OVERLAYABLE
   CODE SIZE        =     17    ----
   CONSTANT SIZE    =   ----    ----
   XDATA SIZE       =      1    ----
   PDATA SIZE       =   ----    ----
   DATA SIZE        =   ----    ----
   IDATA SIZE       =   ----    ----
   BIT SIZE         =   ----    ----
END OF MODULE INFORMATION.


C51 COMPILATION COMPLETE.  0 WARNING(S),  0 ERROR(S)
