C51 COMPILER V9.60.7.0   INT1_INIT                                                         08/28/2026 19:52:32 PAGE 1   


C51 COMPILER V9.60.7.0, COMPILATION OF MODULE INT1_INIT
OBJECT MODULE PLACED IN .\Objects\int1_init.obj
COMPILER INVOKED BY: D:\Keil_v5\C51\BIN\C51.EXE ..\..\Src\01_Basic\INT1\int1_init.c LARGE OPTIMIZE(0,SPEED) INCDIR(..\..
                    -\Inc;..\..\..\..\Kernel\Inc) DEBUG OBJECTEXTEND PRINT(.\Listings\int1_init.lst) OBJECT(.\Objects\int1_init.obj)

line level    source

   1          #include "hrtos_hal.h"
   2          
   3          
   4          /**
   5           * @brief  外部中断1初始化
   6           * @param  mode
   7           *         0: 电平触发
   8           *         1: 下降沿触发
   9           * @retval 无
  10           */
  11          void drv_int1_init(unsigned char mode)
  12          {
  13   1          EX1 = 1;      // 开启外部中断1
  14   1      
  15   1          if(mode)
  16   1          {
  17   2              IT1 = 1;  // 下降沿触发
  18   2          }
  19   1          else
  20   1          {
  21   2              IT1 = 0;  // 电平触发
  22   2          }
  23   1      }


MODULE INFORMATION:   STATIC OVERLAYABLE
   CODE SIZE        =     17    ----
   CONSTANT SIZE    =   ----    ----
   XDATA SIZE       =      1    ----
   PDATA SIZE       =   ----    ----
   DATA SIZE        =   ----    ----
   IDATA SIZE       =   ----    ----
   BIT SIZE         =   ----    ----
END OF MODULE INFORMATION.


C51 COMPILATION COMPLETE.  0 WARNING(S),  0 ERROR(S)
