C51 COMPILER V9.60.7.0   KEY_INIT                                                          08/28/2026 19:52:32 PAGE 1   


C51 COMPILER V9.60.7.0, COMPILATION OF MODULE KEY_INIT
OBJECT MODULE PLACED IN .\Objects\key_init.obj
COMPILER INVOKED BY: D:\Keil_v5\C51\BIN\C51.EXE ..\..\Src\01_Basic\KEY\key_init.c LARGE OPTIMIZE(0,SPEED) INCDIR(..\..\I
                    -nc;..\..\..\..\Kernel\Inc) DEBUG OBJECTEXTEND PRINT(.\Listings\key_init.lst) OBJECT(.\Objects\key_init.obj)

line level    source

   1          #include "hrtos_hal.h"
   2          
   3          
   4          
   5          
   6          /**
   7           * @brief  °´¼ü³õÊ¼»¯
   8           */
   9          void drv_key_init(void)
  10          {
  11   1      
  12   1      }
  13          


MODULE INFORMATION:   STATIC OVERLAYABLE
   CODE SIZE        =      1    ----
   CONSTANT SIZE    =   ----    ----
   XDATA SIZE       =   ----    ----
   PDATA SIZE       =   ----    ----
   DATA SIZE        =   ----    ----
   IDATA SIZE       =   ----    ----
   BIT SIZE         =   ----    ----
END OF MODULE INFORMATION.


C51 COMPILATION COMPLETE.  0 WARNING(S),  0 ERROR(S)
