C51 COMPILER V9.60.7.0   KEY_SCAN                                                          08/28/2026 19:52:32 PAGE 1   


C51 COMPILER V9.60.7.0, COMPILATION OF MODULE KEY_SCAN
OBJECT MODULE PLACED IN .\Objects\key_scan.obj
COMPILER INVOKED BY: D:\Keil_v5\C51\BIN\C51.EXE ..\..\Src\01_Basic\KEY\key_scan.c LARGE OPTIMIZE(0,SPEED) INCDIR(..\..\I
                    -nc;..\..\..\..\Kernel\Inc) DEBUG OBJECTEXTEND PRINT(.\Listings\key_scan.lst) OBJECT(.\Objects\key_scan.obj)

line level    source

   1          #include "hrtos_hal.h"
   2          
   3          
   4          /**
   5           * @brief  °´¼üÉ¨Ãè
   6           * @return °´¼ü±àºÅ
   7           */
   8          unsigned char drv_key_scan(void)
   9          {
  10   1          if(key1 == 0)
  11   1          {
  12   2              return KEY_1;
  13   2          }
  14   1      
  15   1          if(key2 == 0)
  16   1          {
  17   2              return KEY_2;
  18   2          }
  19   1      
  20   1          if(key3 == 0)
  21   1          {
  22   2              return KEY_3;
  23   2          }
  24   1      
  25   1          if(key4 == 0)
  26   1          {
  27   2              return KEY_4;
  28   2          }
  29   1      
  30   1          return KEY_NONE;
  31   1      }


MODULE INFORMATION:   STATIC OVERLAYABLE
   CODE SIZE        =     27    ----
   CONSTANT SIZE    =   ----    ----
   XDATA SIZE       =   ----    ----
   PDATA SIZE       =   ----    ----
   DATA SIZE        =   ----    ----
   IDATA SIZE       =   ----    ----
   BIT SIZE         =   ----    ----
END OF MODULE INFORMATION.


C51 COMPILATION COMPLETE.  0 WARNING(S),  0 ERROR(S)
