C51 COMPILER V9.60.7.0   MATRIXKEY_INIT                                                    08/28/2026 19:52:32 PAGE 1   


C51 COMPILER V9.60.7.0, COMPILATION OF MODULE MATRIXKEY_INIT
OBJECT MODULE PLACED IN .\Objects\matrixkey_init.obj
COMPILER INVOKED BY: D:\Keil_v5\C51\BIN\C51.EXE ..\..\Src\01_Basic\KEY_Matrix\matrixkey_init.c LARGE OPTIMIZE(0,SPEED) I
                    -NCDIR(..\..\Inc;..\..\..\..\Kernel\Inc) DEBUG OBJECTEXTEND PRINT(.\Listings\matrixkey_init.lst) OBJECT(.\Objects\matrixk
                    -ey_init.obj)

line level    source

   1          #include "hrtos_hal.h"
   2          
   3          
   4          
   5          /**
   6           * @brief  æÿ’Ûº¸≈Ã≥ı ºªØ
   7           */
   8          void drv_matrixkey_init(void)
   9          {
  10   1      
  11   1      }
  12          
  13          


MODULE INFORMATION:   STATIC OVERLAYABLE
   CODE SIZE        =      1    ----
   CONSTANT SIZE    =   ----    ----
   XDATA SIZE       =   ----    ----
   PDATA SIZE       =   ----    ----
   DATA SIZE        =   ----    ----
   IDATA SIZE       =   ----    ----
   BIT SIZE         =   ----    ----
END OF MODULE INFORMATION.


C51 COMPILATION COMPLETE.  0 WARNING(S),  0 ERROR(S)
