C51 COMPILER V9.60.7.0   TIMER1_INIT                                                       08/28/2026 19:52:33 PAGE 1   


C51 COMPILER V9.60.7.0, COMPILATION OF MODULE TIMER1_INIT
OBJECT MODULE PLACED IN .\Objects\timer1_init.obj
COMPILER INVOKED BY: D:\Keil_v5\C51\BIN\C51.EXE ..\..\Src\01_Basic\Timer1\timer1_init.c LARGE OPTIMIZE(0,SPEED) INCDIR(.
                    -.\..\Inc;..\..\..\..\Kernel\Inc) DEBUG OBJECTEXTEND PRINT(.\Listings\timer1_init.lst) OBJECT(.\Objects\timer1_init.obj)

line level    source

   1          #include "hrtos_hal.h"
   2          
   3          
   4          /**
   5           * @brief  定时器1初始化
   6           * @param  reload_h 定时器高8位初值
   7           * @param  reload_l 定时器低8位初值
   8           * @retval 无
   9           */
  10          void drv_timer1_init(unsigned char reload_h, unsigned char reload_l)
  11          {
  12   1          TMOD &= 0x0F;     // 清除定时器1配置
  13   1          TMOD |= 0x10;     // 定时器1模式1
  14   1      
  15   1          TH1 = reload_h;   // 设置初值
  16   1          TL1 = reload_l;
  17   1      
  18   1          ET1 = 1;          // 开启定时器1中断
  19   1          TR1 = 1;          // 启动定时器1
  20   1      }


MODULE INFORMATION:   STATIC OVERLAYABLE
   CODE SIZE        =     31    ----
   CONSTANT SIZE    =   ----    ----
   XDATA SIZE       =      2    ----
   PDATA SIZE       =   ----    ----
   DATA SIZE        =   ----    ----
   IDATA SIZE       =   ----    ----
   BIT SIZE         =   ----    ----
END OF MODULE INFORMATION.


C51 COMPILATION COMPLETE.  0 WARNING(S),  0 ERROR(S)
