C51 COMPILER V9.60.7.0   MAIN_LED                                                          08/16/2026 10:04:09 PAGE 1   


C51 COMPILER V9.60.7.0, COMPILATION OF MODULE MAIN_LED
OBJECT MODULE PLACED IN .\Objects\main_led.obj
COMPILER INVOKED BY: D:\Keil_v5\C51\BIN\C51.EXE ..\..\Src\05_Control\PWM\main_led.c OPTIMIZE(8,SPEED) BROWSE DEBUG OBJEC
                    -TEXTEND PRINT(.\Listings\main_led.lst) OBJECT(.\Objects\main_led.obj)

line level    source

   1          #include <REGX52.H>
*** WARNING C318 IN LINE 1 OF ..\..\Src\05_Control\PWM\main_led.c: can't open file 'REGX52.H'
   2          #include "pwm.h"
*** WARNING C318 IN LINE 2 OF ..\..\Src\05_Control\PWM\main_led.c: can't open file 'pwm.h'
   3          
   4          void Delay_ms(unsigned int ms)
   5          {
   6   1          unsigned int i;
   7   1          unsigned int j;
   8   1      
   9   1          for(i = 0; i < ms; i++)
  10   1          {
  11   2              for(j = 0; j < 110; j++);
  12   2          }
  13   1      }
  14          
  15          
  16          void main(void)
  17          {
  18   1          unsigned char duty;
  19   1      
  20   1          drv_pwm_init();
*** WARNING C206 IN LINE 20 OF ..\..\Src\05_Control\PWM\main_led.c: 'drv_pwm_init': missing function-prototype
  21   1      
  22   1          while(1)
  23   1          {
  24   2              for(duty = 0; duty < 100; duty++)
  25   2              {
  26   3                  drv_pwm_set_duty(duty);
*** WARNING C206 IN LINE 26 OF ..\..\Src\05_Control\PWM\main_led.c: 'drv_pwm_set_duty': missing function-prototype
*** ERROR C267 IN LINE 26 OF ..\..\Src\05_Control\PWM\main_led.c: 'drv_pwm_set_duty': requires ANSI-style prototype
  27   3                  Delay_ms(10);
  28   3              }
  29   2      
  30   2              for(duty = 100; duty > 0; duty--)
  31   2              {
  32   3                  drv_pwm_set_duty(duty);
  33   3                  Delay_ms(10);
  34   3              }
  35   2          }
  36   1      }

C51 COMPILATION COMPLETE.  4 WARNING(S),  1 ERROR(S)
