C51 COMPILER V9.60.7.0   MAIN                                                              08/16/2026 10:04:10 PAGE 1   


C51 COMPILER V9.60.7.0, COMPILATION OF MODULE MAIN
OBJECT MODULE PLACED IN .\Objects\main.obj
COMPILER INVOKED BY: D:\Keil_v5\C51\BIN\C51.EXE ..\..\Src\05_Control\Relay\main.c OPTIMIZE(8,SPEED) BROWSE DEBUG OBJECTE
                    -XTEND PRINT(.\Listings\main.lst) OBJECT(.\Objects\main.obj)

line level    source

   1          #include <REGX52.H>
*** WARNING C318 IN LINE 1 OF ..\..\Src\05_Control\Relay\main.c: can't open file 'REGX52.H'
   2          #include "relay.h"
*** WARNING C318 IN LINE 2 OF ..\..\Src\05_Control\Relay\main.c: can't open file 'relay.h'
   3          
   4          
   5          void Delay_ms(unsigned int ms)
   6          {
   7   1          unsigned int i;
   8   1          unsigned int j;
   9   1      
  10   1          for(i = 0; i < ms; i++)
  11   1          {
  12   2              for(j = 0; j < 110; j++);
  13   2          }
  14   1      }
  15          
  16          
  17          void main(void)
  18          {
  19   1          drv_relay_init();
*** WARNING C206 IN LINE 19 OF ..\..\Src\05_Control\Relay\main.c: 'drv_relay_init': missing function-prototype
  20   1      
  21   1          while(1)
  22   1          {
  23   2              drv_relay_on();
*** WARNING C206 IN LINE 23 OF ..\..\Src\05_Control\Relay\main.c: 'drv_relay_on': missing function-prototype
  24   2      
  25   2              Delay_ms(1000);
  26   2      
  27   2              drv_relay_off();
*** WARNING C206 IN LINE 27 OF ..\..\Src\05_Control\Relay\main.c: 'drv_relay_off': missing function-prototype
  28   2      
  29   2              Delay_ms(1000);
  30   2          }
  31   1      }


MODULE INFORMATION:   STATIC OVERLAYABLE
   CODE SIZE        =     57    ----
   CONSTANT SIZE    =   ----    ----
   XDATA SIZE       =   ----    ----
   PDATA SIZE       =   ----    ----
   DATA SIZE        =   ----    ----
   IDATA SIZE       =   ----    ----
   BIT SIZE         =   ----    ----
END OF MODULE INFORMATION.


C51 COMPILATION COMPLETE.  5 WARNING(S),  0 ERROR(S)
