C51 COMPILER V9.60.7.0   PWM_INIT                                                          09/05/2026 09:18:29 PAGE 1   


C51 COMPILER V9.60.7.0, COMPILATION OF MODULE PWM_INIT
OBJECT MODULE PLACED IN .\Objects\pwm_init.obj
COMPILER INVOKED BY: D:\Keil_v5\C51\BIN\C51.EXE ..\..\Src\05_Control\PWM\pwm_init.c LARGE OPTIMIZE(0,SPEED) INCDIR(..\..
                    -\Inc;..\..\..\..\Kernel\Inc) DEBUG OBJECTEXTEND PRINT(.\Listings\pwm_init.lst) OBJECT(.\Objects\pwm_init.obj)

line level    source

   1          #include "hrtos_hal.h"
   2          
   3          
   4          /*
   5           * PWM当前占空比
   6           *
   7           * 使用0~100表示，方便应用层使用。
   8           */
   9          u8 pwm_duty;
  10          
  11          
  12          /*
  13           * 函数名：drv_pwm_init
  14           *
  15           * 功能：
  16           *      初始化PCA PWM模块。
  17           *
  18           * 说明：
  19           *      PCA工作在8位PWM模式。
  20           *      不使用PCA中断。
  21           */
  22          void drv_pwm_init(void)
  23          {
  24   1          pwm_duty = 0;
  25   1      
  26   1          /*
  27   1           * PCA0/PWM0输出：
  28   1           *
  29   1           * STC12C5A60S2默认：
  30   1           * PCA0/PWM0 -> P1.3
  31   1           *
  32   1           * PDIP-40：
  33   1           * P1.3 = 第4脚
  34   1           */
  35   1      
  36   1          P1M1 &= ~0x08;
  37   1          P1M0 |=  0x08;       /* P1.3 推挽输出 */
  38   1      
  39   1          /* PCA使用P1口，不切换到P4 */
  40   1          AUXR1 &= ~0x40;
  41   1      
  42   1          /* 停止PCA */
  43   1          CCON = 0x00;
  44   1      
  45   1          /* PCA计数器清零 */
  46   1          CL = 0x00;
  47   1          CH = 0x00;
  48   1      
  49   1          /*
  50   1           * PCA时钟：
  51   1           * FOSC / 2
  52   1           */
  53   1          CMOD = 0x02;
  54   1      
C51 COMPILER V9.60.7.0   PWM_INIT                                                          09/05/2026 09:18:29 PAGE 2   

  55   1          /*
  56   1           * PCA模块0：
  57   1           * PWM模式
  58   1           */
  59   1          CCAPM0 = 0x42;
  60   1      
  61   1          /*
  62   1           * 初始0%
  63   1           */
  64   1          CCAP0H = 0xFF;
  65   1          CCAP0L = 0xFF;
  66   1      
  67   1          /* 启动PCA */
  68   1          CR = 1;
  69   1      }


MODULE INFORMATION:   STATIC OVERLAYABLE
   CODE SIZE        =     35    ----
   CONSTANT SIZE    =   ----    ----
   XDATA SIZE       =      1    ----
   PDATA SIZE       =   ----    ----
   DATA SIZE        =   ----    ----
   IDATA SIZE       =   ----    ----
   BIT SIZE         =   ----    ----
END OF MODULE INFORMATION.


C51 COMPILATION COMPLETE.  0 WARNING(S),  0 ERROR(S)
