C51 COMPILER V9.60.7.0   PWM_START                                                         09/05/2026 09:18:29 PAGE 1   


C51 COMPILER V9.60.7.0, COMPILATION OF MODULE PWM_START
OBJECT MODULE PLACED IN .\Objects\pwm_start.obj
COMPILER INVOKED BY: D:\Keil_v5\C51\BIN\C51.EXE ..\..\Src\05_Control\PWM\pwm_start.c LARGE OPTIMIZE(0,SPEED) INCDIR(..\.
                    -.\Inc;..\..\..\..\Kernel\Inc) DEBUG OBJECTEXTEND PRINT(.\Listings\pwm_start.lst) OBJECT(.\Objects\pwm_start.obj)

line level    source

   1          #include "hrtos_hal.h"
   2          
   3          
   4          
   5          /*
   6           * 函数名：drv_pwm_start
   7           *
   8           * 功能：
   9           *      启动PCA PWM。
  10           */
  11          void drv_pwm_start(void)
  12          {
  13   1          CR = 1;
  14   1      }


MODULE INFORMATION:   STATIC OVERLAYABLE
   CODE SIZE        =      3    ----
   CONSTANT SIZE    =   ----    ----
   XDATA SIZE       =   ----    ----
   PDATA SIZE       =   ----    ----
   DATA SIZE        =   ----    ----
   IDATA SIZE       =   ----    ----
   BIT SIZE         =   ----    ----
END OF MODULE INFORMATION.


C51 COMPILATION COMPLETE.  0 WARNING(S),  0 ERROR(S)
