C51 COMPILER V9.60.7.0   RELAY_OFF                                                         09/05/2026 09:18:29 PAGE 1   


C51 COMPILER V9.60.7.0, COMPILATION OF MODULE RELAY_OFF
OBJECT MODULE PLACED IN .\Objects\relay_off.obj
COMPILER INVOKED BY: D:\Keil_v5\C51\BIN\C51.EXE ..\..\Src\05_Control\Relay\relay_off.c LARGE OPTIMIZE(0,SPEED) INCDIR(..
                    -\..\Inc;..\..\..\..\Kernel\Inc) DEBUG OBJECTEXTEND PRINT(.\Listings\relay_off.lst) OBJECT(.\Objects\relay_off.obj)

line level    source

   1          #include "hrtos_hal.h"
   2          
   3          
   4          
   5          /*
   6           * 函数名：drv_relay_off
   7           *
   8           * 功能：
   9           *      释放继电器。
  10           */
  11          void drv_relay_off(void)
  12          {
  13   1          RELAY_IN = 0;
  14   1          RELAY_EN = 1;
  15   1      
  16   1          relay_state = 0;
  17   1      }


MODULE INFORMATION:   STATIC OVERLAYABLE
   CODE SIZE        =     10    ----
   CONSTANT SIZE    =   ----    ----
   XDATA SIZE       =   ----    ----
   PDATA SIZE       =   ----    ----
   DATA SIZE        =   ----    ----
   IDATA SIZE       =   ----    ----
   BIT SIZE         =   ----    ----
END OF MODULE INFORMATION.


C51 COMPILATION COMPLETE.  0 WARNING(S),  0 ERROR(S)
