C51 COMPILER V9.60.7.0   HRTOS_TASKSETNEXT                                                 08/21/2026 23:17:16 PAGE 1   


C51 COMPILER V9.60.7.0, COMPILATION OF MODULE HRTOS_TASKSETNEXT
OBJECT MODULE PLACED IN .\Objects\HRTOS_TaskSetNext.obj
COMPILER INVOKED BY: D:\Keil_v5\C51\BIN\C51.EXE ..\Src\HRTOS_TaskSetNext.c LARGE OPTIMIZE(0,SPEED) BROWSE MODDP2 INCDIR(
                    -..\..\INC) DEBUG OBJECTEXTEND PRINT(.\Listings\HRTOS_TaskSetNext.lst) OBJECT(.\Objects\HRTOS_TaskSetNext.obj)

line level    source

   1          #include "hrtos.h"
   2          
   3          /*==================== 配置 ====================*/
   4          #define TASK_NORMAL   1
   5          #define TASK_FAST     16
   6          
   7          #define PRIO_NORMAL   4
   8          #define PRIO_FAST     8
   9          
  10          #define STACK_NORMAL  5
  11          #define STACK_FAST    5
  12          
  13          #define TICK_NORMAL   50
  14          
  15          /*==================== LED 定义 ====================*/
  16          sbit LED_NORMAL = P1^0;   /* 普通任务指示灯 */
  17          sbit LED_FAST   = P1^1;   /* 高速任务指示灯 */
  18          
  19          /*==================== 全局 ====================*/
  20          static u16 normal_count = 0;
  21          static u16 fast_count = 0;
  22          
  23          /*==================== 普通任务 ====================*/
  24          static void normal_task(void)
  25          {
  26   1          LED_NORMAL = 1;
  27   1      
  28   1          while (1)
  29   1          {
  30   2              normal_count++;
  31   2      
  32   2              /* 普通任务运行 → 翻转LED */
  33   2              LED_NORMAL = ~LED_NORMAL;
  34   2      
  35   2              os_delay_ms(TICK_NORMAL);
  36   2          }
  37   1      }
  38          
  39          /*==================== 高速任务 ====================*/
  40          static void fast_task(void)
  41          {
  42   1          LED_FAST = 1;
  43   1      
  44   1          while (1)
  45   1          {
  46   2              fast_count++;
  47   2      
  48   2              /* 高速任务运行 → 翻转LED */
  49   2              LED_FAST = ~LED_FAST;
  50   2      
  51   2              /*
  52   2               * 指定普通任务作为下一个运行任务
  53   2               * 终止正常调度，强制切换到普通任务
  54   2               */
C51 COMPILER V9.60.7.0   HRTOS_TASKSETNEXT                                                 08/21/2026 23:17:16 PAGE 2   

  55   2              os_task_set_next(TASK_NORMAL);
  56   2          }
  57   1      }
  58          
  59          /*==================== 系统入口 ====================*/
  60          void hrtos_main(void)
  61          {
  62   1          if (os_task_create(normal_task, TASK_NORMAL, PRIO_NORMAL, STACK_NORMAL) != 1)
  63   1          {
  64   2              while (1);
  65   2          }
  66   1      
  67   1          if (os_task_create(fast_task, TASK_FAST, PRIO_FAST, STACK_FAST) != 1)
  68   1          {
  69   2              while (1);
  70   2          }
  71   1      }


MODULE INFORMATION:   STATIC OVERLAYABLE
   CODE SIZE        =    113    ----
   CONSTANT SIZE    =   ----    ----
   XDATA SIZE       =      4    ----
   PDATA SIZE       =   ----    ----
   DATA SIZE        =   ----    ----
   IDATA SIZE       =   ----    ----
   BIT SIZE         =   ----    ----
END OF MODULE INFORMATION.


C51 COMPILATION COMPLETE.  0 WARNING(S),  0 ERROR(S)
